npm verbose cli C:\Program Files\nodejs\node.exe C:\Program Files\nodejs\node_modules\npm\bin\npm-cli.js
npm info using npm@10.9.2
npm info using node@v22.17.0
npm verbose title npm test --passWithNoTests --testTimeout=10000
npm verbose argv "test" "--" "--passWithNoTests" "--testTimeout=10000"
npm verbose logfile logs-max:10 dir:C:\Users\jacob\AppData\Local\npm-cache\_logs\2025-12-03T15_20_59_770Z-
npm verbose logfile C:\Users\jacob\AppData\Local\npm-cache\_logs\2025-12-03T15_20_59_770Z-debug-0.log

> wealth-management-frontend@0.1.0 test
> jest --passWithNoTests --testTimeout=10000

ts-jest[ts-jest-transformer] (WARN) Define `ts-jest` config under `globals` is deprecated. Please do
transform: {
    <transform_regex>: ['ts-jest', { /* ts-jest config goes here in Jest */ }],
},
See more at https://kulshekhar.github.io/ts-jest/docs/getting-started/presets#advanced
ts-jest[config] (WARN) 
    The "ts-jest" config option "isolatedModules" is deprecated and will be removed in v30.0.0. Please use "isolatedModules: true" in C:/Users/jacob/Documents/kingstons_portal/frontend/tsconfig.json instead, see https://www.typescriptlang.org/tsconfig/#isolatedModules
  
ts-jest[ts-jest-transformer] (WARN) Define `ts-jest` config under `globals` is deprecated. Please do
transform: {
    <transform_regex>: ['ts-jest', { /* ts-jest config goes here in Jest */ }],
},
See more at https://kulshekhar.github.io/ts-jest/docs/getting-started/presets#advanced
ts-jest[ts-jest-transformer] (WARN) Define `ts-jest` config under `globals` is deprecated. Please do
transform: {
    <transform_regex>: ['ts-jest', { /* ts-jest config goes here in Jest */ }],
},
See more at https://kulshekhar.github.io/ts-jest/docs/getting-started/presets#advanced
ts-jest[ts-jest-transformer] (WARN) Define `ts-jest` config under `globals` is deprecated. Please do
transform: {
    <transform_regex>: ['ts-jest', { /* ts-jest config goes here in Jest */ }],
},
See more at https://kulshekhar.github.io/ts-jest/docs/getting-started/presets#advanced
ts-jest[ts-jest-transformer] (WARN) Define `ts-jest` config under `globals` is deprecated. Please do
transform: {
    <transform_regex>: ['ts-jest', { /* ts-jest config goes here in Jest */ }],
},
See more at https://kulshekhar.github.io/ts-jest/docs/getting-started/presets#advanced
ts-jest[config] (WARN) 
    The "ts-jest" config option "isolatedModules" is deprecated and will be removed in v30.0.0. Please use "isolatedModules: true" in C:/Users/jacob/Documents/kingstons_portal/frontend/tsconfig.json instead, see https://www.typescriptlang.org/tsconfig/#isolatedModules
  
ts-jest[config] (WARN) 
    The "ts-jest" config option "isolatedModules" is deprecated and will be removed in v30.0.0. Please use "isolatedModules: true" in C:/Users/jacob/Documents/kingstons_portal/frontend/tsconfig.json instead, see https://www.typescriptlang.org/tsconfig/#isolatedModules
  
ts-jest[ts-jest-transformer] (WARN) Define `ts-jest` config under `globals` is deprecated. Please do
transform: {
    <transform_regex>: ['ts-jest', { /* ts-jest config goes here in Jest */ }],
},
See more at https://kulshekhar.github.io/ts-jest/docs/getting-started/presets#advanced
ts-jest[config] (WARN) 
    The "ts-jest" config option "isolatedModules" is deprecated and will be removed in v30.0.0. Please use "isolatedModules: true" in C:/Users/jacob/Documents/kingstons_portal/frontend/tsconfig.json instead, see https://www.typescriptlang.org/tsconfig/#isolatedModules
  
ts-jest[config] (WARN) 
    The "ts-jest" config option "isolatedModules" is deprecated and will be removed in v30.0.0. Please use "isolatedModules: true" in C:/Users/jacob/Documents/kingstons_portal/frontend/tsconfig.json instead, see https://www.typescriptlang.org/tsconfig/#isolatedModules
  
ts-jest[ts-jest-transformer] (WARN) Define `ts-jest` config under `globals` is deprecated. Please do
transform: {
    <transform_regex>: ['ts-jest', { /* ts-jest config goes here in Jest */ }],
},
See more at https://kulshekhar.github.io/ts-jest/docs/getting-started/presets#advanced
ts-jest[config] (WARN) 
    The "ts-jest" config option "isolatedModules" is deprecated and will be removed in v30.0.0. Please use "isolatedModules: true" in C:/Users/jacob/Documents/kingstons_portal/frontend/tsconfig.json instead, see https://www.typescriptlang.org/tsconfig/#isolatedModules
  
ts-jest[config] (WARN) 
    The "ts-jest" config option "isolatedModules" is deprecated and will be removed in v30.0.0. Please use "isolatedModules: true" in C:/Users/jacob/Documents/kingstons_portal/frontend/tsconfig.json instead, see https://www.typescriptlang.org/tsconfig/#isolatedModules
  
PASS src/tests/utils/validation/productOwnerValidation.test.ts (6.624 s)
FAIL src/tests/hooks/useSmartNavigation.test.ts (9.36 s)
  ● useSmartNavigation › getNavigationContext › should parse URL parameters correctly

    expect(received).toEqual(expected) // deep equality

    - Expected  - 2
    + Received  + 2

      Object {
        "clientId": "123",
    -   "clientName": "Test%20Client",
    +   "clientName": "Test Client",
        "from": "client-details",
        "portfolioId": undefined,
        "portfolioName": undefined,
    -   "state": null,
    +   "state": undefined,
      }

    [0m [90m 32 |[39m       [36mconst[39m context [33m=[39m result[33m.[39mcurrent[33m.[39mgetNavigationContext()[33m;[39m
     [90m 33 |[39m
    [31m[1m>[22m[39m[90m 34 |[39m       expect(context)[33m.[39mtoEqual({
     [90m    |[39m                       [31m[1m^[22m[39m
     [90m 35 |[39m         [36mfrom[39m[33m:[39m [32m'client-details'[39m[33m,[39m
     [90m 36 |[39m         clientId[33m:[39m [32m'123'[39m[33m,[39m
     [90m 37 |[39m         clientName[33m:[39m [32m'Test%20Client'[39m[33m,[39m[0m

      at Object.<anonymous> (src/tests/hooks/useSmartNavigation.test.ts:34:23)

FAIL src/components/ui/__tests__/MiniYearSelector.test.tsx (10.532 s)
  ● MiniYearSelector › Rendering › applies position classes correctly

    expect(element).toHaveClass("justify-start")

    Expected the element to have class:
      justify-start
    Received:
      inline-flex items-center justify-center gap-0 bg-white/95 shadow-sm border border-gray-300 rounded-sm mx-auto flex-shrink-0

    [0m [90m 48 |[39m     test([32m'applies position classes correctly'[39m[33m,[39m () [33m=>[39m {
     [90m 49 |[39m       [36mconst[39m { container[33m:[39m leftContainer } [33m=[39m render([33m<[39m[33mMiniYearSelector[39m {[33m...[39mdefaultProps} position[33m=[39m[32m"left"[39m [33m/[39m[33m>[39m)[33m;[39m
    [31m[1m>[22m[39m[90m 50 |[39m       expect(leftContainer[33m.[39mfirstChild)[33m.[39mtoHaveClass([32m'justify-start'[39m)[33m;[39m
     [90m    |[39m                                        [31m[1m^[22m[39m
     [90m 51 |[39m
     [90m 52 |[39m       [36mconst[39m { container[33m:[39m centerContainer } [33m=[39m render([33m<[39m[33mMiniYearSelector[39m {[33m...[39mdefaultProps} position[33m=[39m[32m"center"[39m [33m/[39m[33m>[39m)[33m;[39m
     [90m 53 |[39m       expect(centerContainer[33m.[39mfirstChild)[33m.[39mtoHaveClass([32m'justify-center'[39m)[33m;[39m[0m

      at Object.<anonymous> (src/components/ui/__tests__/MiniYearSelector.test.tsx:50:40)

  ● MiniYearSelector › Keyboard Navigation › prevents default behavior for Enter and Space keys

    expect(jest.fn()).toHaveBeenCalled()

    Expected number of calls: >= 1
    Received number of calls:    0

    [0m [90m 138 |[39m       [36mconst[39m preventDefaultSpy [33m=[39m jest[33m.[39mspyOn(enterEvent[33m,[39m [32m'preventDefault'[39m)[33m;[39m
     [90m 139 |[39m       fireEvent[33m.[39mkeyDown(nextButton[33m,[39m enterEvent)[33m;[39m
    [31m[1m>[22m[39m[90m 140 |[39m       expect(preventDefaultSpy)[33m.[39mtoHaveBeenCalled()[33m;[39m
     [90m     |[39m                                 [31m[1m^[22m[39m
     [90m 141 |[39m
     [90m 142 |[39m       [36mconst[39m preventDefaultSpaceSpy [33m=[39m jest[33m.[39mspyOn(spaceEvent[33m,[39m [32m'preventDefault'[39m)[33m;[39m
     [90m 143 |[39m       fireEvent[33m.[39mkeyDown(nextButton[33m,[39m spaceEvent)[33m;[39m[0m

      at Object.<anonymous> (src/components/ui/__tests__/MiniYearSelector.test.tsx:140:33)

  ● MiniYearSelector › Accessibility › has proper ARIA labels and roles

    expect(element).toHaveAttribute("aria-label", "Current year: 2024") // element.getAttribute("aria-label") === "Current year: 2024"

    Expected the element to have attribute:
      aria-label="Current year: 2024"
    Received:
      null

    [0m [90m 169 |[39m       
     [90m 170 |[39m       [36mconst[39m yearDisplay [33m=[39m screen[33m.[39mgetByText([32m'2024'[39m)[33m;[39m
    [31m[1m>[22m[39m[90m 171 |[39m       expect(yearDisplay)[33m.[39mtoHaveAttribute([32m'aria-label'[39m[33m,[39m [32m'Current year: 2024'[39m)[33m;[39m
     [90m     |[39m                           [31m[1m^[22m[39m
     [90m 172 |[39m     })[33m;[39m
     [90m 173 |[39m
     [90m 174 |[39m     test([32m'has proper title attributes for tooltips'[39m[33m,[39m () [33m=>[39m {[0m

      at Object.<anonymous> (src/components/ui/__tests__/MiniYearSelector.test.tsx:171:27)

  ● MiniYearSelector › Accessibility › has proper title attributes for tooltips

    expect(element).toHaveAttribute("title", "Current year: 2024") // element.getAttribute("title") === "Current year: 2024"

    Expected the element to have attribute:
      title="Current year: 2024"
    Received:
      null

    [0m [90m 182 |[39m       
     [90m 183 |[39m       [36mconst[39m yearDisplay [33m=[39m screen[33m.[39mgetByText([32m'2024'[39m)[33m;[39m
    [31m[1m>[22m[39m[90m 184 |[39m       expect(yearDisplay)[33m.[39mtoHaveAttribute([32m'title'[39m[33m,[39m [32m'Current year: 2024'[39m)[33m;[39m
     [90m     |[39m                           [31m[1m^[22m[39m
     [90m 185 |[39m     })[33m;[39m
     [90m 186 |[39m
     [90m 187 |[39m     test([32m'shows appropriate title when buttons are disabled'[39m[33m,[39m () [33m=>[39m {[0m

      at Object.<anonymous> (src/components/ui/__tests__/MiniYearSelector.test.tsx:184:27)

  ● MiniYearSelector › Accessibility › has focus styles for keyboard navigation

    expect(element).toHaveClass("focus:outline-none focus:ring-2 focus:ring-blue-500")

    Expected the element to have class:
      focus:outline-none focus:ring-2 focus:ring-blue-500
    Received:
      flex items-center justify-center text-xs font-bold text-gray-600 hover:text-blue-700 hover:bg-blue-100 transition-all duration-100 ease-in-out disabled:opacity-20 disabled:cursor-not-allowed focus:outline-none active:bg-blue-200 rounded-r-sm

    [0m [90m 196 |[39m       
     [90m 197 |[39m       [36mconst[39m nextButton [33m=[39m screen[33m.[39mgetByRole([32m'button'[39m[33m,[39m { name[33m:[39m [35m/next year/i[39m })[33m;[39m
    [31m[1m>[22m[39m[90m 198 |[39m       expect(nextButton)[33m.[39mtoHaveClass([32m'focus:outline-none'[39m[33m,[39m [32m'focus:ring-2'[39m[33m,[39m [32m'focus:ring-blue-500'[39m)[33m;[39m
     [90m     |[39m                          [31m[1m^[22m[39m
     [90m 199 |[39m     })[33m;[39m
     [90m 200 |[39m   })[33m;[39m
     [90m 201 |[39m[0m

      at Object.<anonymous> (src/components/ui/__tests__/MiniYearSelector.test.tsx:198:26)

  ● MiniYearSelector › Edge Cases › handles currentYear not in availableYears

    expect(element).toBeDisabled()

    Received element is not disabled:
      <button aria-label="Next year" class="flex items-center justify-center text-xs font-bold text-gray-600 hover:text-blue-700 hover:bg-blue-100 transition-all duration-100 ease-in-out disabled:opacity-20 disabled:cursor-not-allowed focus:outline-none active:bg-blue-200 rounded-r-sm" style="width: 14px; height: 14px; flex-shrink: 0; flex-grow: 0;" title="Go to 2022" type="button" />

    [0m [90m 217 |[39m       
     [90m 218 |[39m       expect(prevButton)[33m.[39mtoBeDisabled()[33m;[39m
    [31m[1m>[22m[39m[90m 219 |[39m       expect(nextButton)[33m.[39mtoBeDisabled()[33m;[39m
     [90m     |[39m                          [31m[1m^[22m[39m
     [90m 220 |[39m     })[33m;[39m
     [90m 221 |[39m
     [90m 222 |[39m     test([32m'handles single year in middle of availableYears'[39m[33m,[39m () [33m=>[39m {[0m

      at Object.<anonymous> (src/components/ui/__tests__/MiniYearSelector.test.tsx:219:26)

  ● MiniYearSelector › Visual States › applies hover and disabled styles correctly

    expect(element).toHaveClass("hover:text-blue-700 hover:bg-blue-50")

    Expected the element to have class:
      hover:text-blue-700 hover:bg-blue-50
    Received:
      flex items-center justify-center text-xs font-bold text-gray-600 hover:text-blue-700 hover:bg-blue-100 transition-all duration-100 ease-in-out disabled:opacity-20 disabled:cursor-not-allowed focus:outline-none active:bg-blue-200 rounded-r-sm

    [0m [90m 236 |[39m       
     [90m 237 |[39m       [90m// Next button should have hover styles[39m
    [31m[1m>[22m[39m[90m 238 |[39m       expect(nextButton)[33m.[39mtoHaveClass([32m'hover:text-blue-700'[39m[33m,[39m [32m'hover:bg-blue-50'[39m)[33m;[39m
     [90m     |[39m                          [31m[1m^[22m[39m
     [90m 239 |[39m       
     [90m 240 |[39m       [90m// Previous button should be disabled[39m
     [90m 241 |[39m       expect(prevButton)[33m.[39mtoHaveClass([32m'disabled:opacity-50'[39m[33m,[39m [32m'disabled:cursor-not-allowed'[39m)[33m;[39m[0m

      at Object.<anonymous> (src/components/ui/__tests__/MiniYearSelector.test.tsx:238:26)

PASS src/tests/hooks/useClientGroupForm.test.ts
PASS src/tests/utils/validation/addressValidation.test.ts
PASS src/tests/utils/validation/commonValidators.test.ts
FAIL src/tests/utils/validation/clientGroupValidation.test.ts
  ● validateClientGroup › required fields › should return error when type is empty

    expect(received).not.toBeNull()

    Received: null

    [0m [90m 40 |[39m       [36mconst[39m data [33m=[39m { [33m...[39mvalidData[33m,[39m type[33m:[39m [32m''[39m }[33m;[39m
     [90m 41 |[39m       [36mconst[39m errors [33m=[39m validateClientGroup(data)[33m;[39m
    [31m[1m>[22m[39m[90m 42 |[39m       expect(errors)[33m.[39mnot[33m.[39mtoBeNull()[33m;[39m
     [90m    |[39m                          [31m[1m^[22m[39m
     [90m 43 |[39m       expect(errors[33m?[39m[33m.[39mtype)[33m.[39mtoContain([32m'required'[39m)[33m;[39m
     [90m 44 |[39m     })[33m;[39m
     [90m 45 |[39m[0m

      at Object.<anonymous> (src/tests/utils/validation/clientGroupValidation.test.ts:42:26)

PASS src/tests/services/api/clientGroupCreation.integration.test.ts
PASS src/tests/services/report/ReportFormatter.test.ts
  ● Console

    console.warn
      Invalid activity type: invalid_type. Defaulting to 'investment'.

    [0m [90m 242 |[39m
     [90m 243 |[39m     [90m// Default fallback to prevent errors[39m
    [31m[1m>[22m[39m[90m 244 |[39m     console[33m.[39mwarn([32m`Invalid activity type: ${activityType}. Defaulting to 'investment'.`[39m)[33m;[39m
     [90m     |[39m             [31m[1m^[22m[39m
     [90m 245 |[39m     [36mreturn[39m [32m'investment'[39m[33m;[39m
     [90m 246 |[39m   }
     [90m 247 |[39m }[0m

      at ReportFormatter.validateActivityType (src/services/report/ReportFormatter.ts:244:13)
      at ReportFormatter.formatCurrencyWithVisualSigning (src/services/report/ReportFormatter.ts:81:36)
      at src/tests/services/report/ReportFormatter.test.ts:111:30
      at Object.<anonymous> (node_modules/expect/build/toThrowMatchers.js:74:11)
      at Object.throwingMatcher [as toThrow] (node_modules/expect/build/index.js:320:21)
      at Object.<anonymous> (src/tests/services/report/ReportFormatter.test.ts:111:89)

    console.warn
      Invalid activity type: invalid_type. Defaulting to 'investment'.

    [0m [90m 242 |[39m
     [90m 243 |[39m     [90m// Default fallback to prevent errors[39m
    [31m[1m>[22m[39m[90m 244 |[39m     console[33m.[39mwarn([32m`Invalid activity type: ${activityType}. Defaulting to 'investment'.`[39m)[33m;[39m
     [90m     |[39m             [31m[1m^[22m[39m
     [90m 245 |[39m     [36mreturn[39m [32m'investment'[39m[33m;[39m
     [90m 246 |[39m   }
     [90m 247 |[39m }[0m

      at ReportFormatter.validateActivityType (src/services/report/ReportFormatter.ts:244:13)
      at ReportFormatter.formatCurrencyWithVisualSigning (src/services/report/ReportFormatter.ts:81:36)
      at Object.<anonymous> (src/tests/services/report/ReportFormatter.test.ts:112:24)

PASS src/tests/utils/testUtils.test.tsx (6.552 s)
  ● Console

    console.warn
      ⚠️ React Router Future Flag Warning: React Router will begin wrapping state updates in `React.startTransition` in v7. You can use the `v7_startTransition` future flag to opt-in early. For more information, see https://reactrouter.com/v6/upgrading/future#v7_starttransition.

    [0m [90m 124 |[39m   )[33m;[39m
     [90m 125 |[39m
    [31m[1m>[22m[39m[90m 126 |[39m   [36mconst[39m renderResult [33m=[39m render(ui[33m,[39m { wrapper[33m:[39m [33mWrapper[39m[33m,[39m [33m...[39mrenderOptions })[33m;[39m
     [90m     |[39m                              [31m[1m^[22m[39m
     [90m 127 |[39m
     [90m 128 |[39m   [36mreturn[39m {
     [90m 129 |[39m     [33m...[39mrenderResult[33m,[39m[0m

      at warn (node_modules/react-router/lib/deprecations.ts:9:13)
      at warnOnce (node_modules/react-router/lib/deprecations.ts:14:3)
      at logDeprecation (node_modules/react-router/lib/deprecations.ts:26:5)
      at logV6DeprecationWarnings (node_modules/react-router/lib/components.tsx:257:25)
      at commitHookEffectListMount (node_modules/react-dom/cjs/react-dom.development.js:23189:26)
      at commitPassiveMountOnFiber (node_modules/react-dom/cjs/react-dom.development.js:24970:11)
      at commitPassiveMountEffects_complete (node_modules/react-dom/cjs/react-dom.development.js:24930:9)
      at commitPassiveMountEffects_begin (node_modules/react-dom/cjs/react-dom.development.js:24917:7)
      at commitPassiveMountEffects (node_modules/react-dom/cjs/react-dom.development.js:24905:3)
      at flushPassiveEffectsImpl (node_modules/react-dom/cjs/react-dom.development.js:27078:3)
      at flushPassiveEffects (node_modules/react-dom/cjs/react-dom.development.js:27023:14)
      at node_modules/react-dom/cjs/react-dom.development.js:26808:9
      at flushActQueue (node_modules/react/cjs/react.development.js:2667:24)
      at act (node_modules/react/cjs/react.development.js:2582:11)
      at node_modules/@testing-library/react/dist/act-compat.js:47:25
      at renderRoot (node_modules/@testing-library/react/dist/pure.js:180:26)
      at render (node_modules/@testing-library/react/dist/pure.js:271:10)
      at renderWithProviders (src/tests/utils/testUtils.tsx:126:30)
      at Object.<anonymous> (src/tests/utils/testUtils.test.tsx:59:26)

    console.warn
      ⚠️ React Router Future Flag Warning: Relative route resolution within Splat routes is changing in v7. You can use the `v7_relativeSplatPath` future flag to opt-in early. For more information, see https://reactrouter.com/v6/upgrading/future#v7_relativesplatpath.

    [0m [90m 124 |[39m   )[33m;[39m
     [90m 125 |[39m
    [31m[1m>[22m[39m[90m 126 |[39m   [36mconst[39m renderResult [33m=[39m render(ui[33m,[39m { wrapper[33m:[39m [33mWrapper[39m[33m,[39m [33m...[39mrenderOptions })[33m;[39m
     [90m     |[39m                              [31m[1m^[22m[39m
     [90m 127 |[39m
     [90m 128 |[39m   [36mreturn[39m {
     [90m 129 |[39m     [33m...[39mrenderResult[33m,[39m[0m

      at warn (node_modules/react-router/lib/deprecations.ts:9:13)
      at warnOnce (node_modules/react-router/lib/deprecations.ts:14:3)
      at logDeprecation (node_modules/react-router/lib/deprecations.ts:37:5)
      at logV6DeprecationWarnings (node_modules/react-router/lib/components.tsx:257:25)
      at commitHookEffectListMount (node_modules/react-dom/cjs/react-dom.development.js:23189:26)
      at commitPassiveMountOnFiber (node_modules/react-dom/cjs/react-dom.development.js:24970:11)
      at commitPassiveMountEffects_complete (node_modules/react-dom/cjs/react-dom.development.js:24930:9)
      at commitPassiveMountEffects_begin (node_modules/react-dom/cjs/react-dom.development.js:24917:7)
      at commitPassiveMountEffects (node_modules/react-dom/cjs/react-dom.development.js:24905:3)
      at flushPassiveEffectsImpl (node_modules/react-dom/cjs/react-dom.development.js:27078:3)
      at flushPassiveEffects (node_modules/react-dom/cjs/react-dom.development.js:27023:14)
      at node_modules/react-dom/cjs/react-dom.development.js:26808:9
      at flushActQueue (node_modules/react/cjs/react.development.js:2667:24)
      at act (node_modules/react/cjs/react.development.js:2582:11)
      at node_modules/@testing-library/react/dist/act-compat.js:47:25
      at renderRoot (node_modules/@testing-library/react/dist/pure.js:180:26)
      at render (node_modules/@testing-library/react/dist/pure.js:271:10)
      at renderWithProviders (src/tests/utils/testUtils.tsx:126:30)
      at Object.<anonymous> (src/tests/utils/testUtils.test.tsx:59:26)

PASS src/tests/services/report/PrintService.test.ts
PASS src/tests/reportConstants.test.ts
PASS src/tests/reportFormatters.test.ts
PASS src/tests/services/report/ReportStateManager.test.ts
FAIL src/tests/Reporting.test.tsx (15.237 s)
  ● Reporting Component › renders the company overview section

    Unable to find an element with the text: Company Overview. This could be because the text is broken up by multiple elements. In this case, you can provide a function for your text matcher to make your matcher more flexible.

    Ignored nodes: comments, script, style
    [36m<body>[39m
      [36m<div>[39m
        [36m<div[39m
          [33mclass[39m=[32m"min-h-screen bg-gray-50 p-6"[39m
        [36m>[39m
          [36m<div[39m
            [33mclass[39m=[32m"max-w-7xl mx-auto"[39m
          [36m>[39m
            [36m<div[39m
              [33mclass[39m=[32m"flex flex-col sm:flex-row sm:items-center sm:justify-between mb-8"[39m
            [36m>[39m
              [36m<div>[39m
                [36m<h1[39m
                  [33mclass[39m=[32m"text-3xl font-normal text-gray-900 font-sans tracking-wide"[39m
                [36m>[39m
                  [0mAnalytics Dashboard[0m
                [36m</h1>[39m
                [36m<p[39m
                  [33mclass[39m=[32m"text-gray-600"[39m
                [36m>[39m
                  [0mComprehensive insights into your portfolio performance and client metrics[0m
                [36m</p>[39m
              [36m</div>[39m
              [36m<div[39m
                [33mclass[39m=[32m"flex items-center space-x-4 mt-4 sm:mt-0"[39m
              [36m>[39m
                [36m<select[39m
                  [33mclass[39m=[32m"px-3 py-2 border border-gray-300 rounded-lg text-sm focus:outline-none focus:ring-2 focus:ring-blue-500"[39m
                [36m>[39m
                  [36m<option[39m
                    [33mvalue[39m=[32m"all"[39m
                  [36m>[39m
                    [0mAll Time[0m
                  [36m</option>[39m
                  [36m<option[39m
                    [33mvalue[39m=[32m"ytd"[39m
                  [36m>[39m
                    [0mYear to Date[0m
                  [36m</option>[39m
                  [36m<option[39m
                    [33mvalue[39m=[32m"12m"[39m
                  [36m>[39m
                    [0mLast 12 Months[0m
                  [36m</option>[39m
                  [36m<option[39m
                    [33mvalue[39m=[32m"3y"[39m
                  [36m>[39m
                    [0mLast 3 Years[0m
                  [36m</option>[39m
                [36m</select>[39m
                [36m<button[39m
                  [33mclass[39m=[32m"inline-flex items-center px-4 py-2 bg-blue-600 text-white rounded-lg hover:bg-blue-700 disabled:opacity-50 transition-colors"[39m
                [36m>[39m
                  [36m<svg[39m
                    [33mclass[39m=[32m"w-5 h-5"[39m
                    [33mfill[39m=[32m"none"[39m
                    [33mstroke[39m=[32m"currentColor"[39m
                    [33mviewBox[39m=[32m"0 0 24 24"[39m
                  [36m>[39m
                    [36m<path[39m
                      [33md[39m=[32m"M4 4v5h.582m15.356 2A8.001 8.001 0 004.582 9m0 0H9m11 11v-5h-.581m0 0a8.003 8.003 0 01-15.357-2m15.357 2H15"[39m
                      [33mstroke-linecap[39m=[32m"round"[39m
                      [33mstroke-linejoin[39m=[32m"round"[39m
                      [33mstroke-width[39m=[32m"2"[39m
                    [36m/>[39m
                  [36m</svg>[39m
                  [36m<span[39m
                    [33mclass[39m=[32m"ml-2"[39m
                  [36m>[39m
                    [0mRefresh[0m
                  [36m</span>[39m
                [36m</button>[39m
              [36m</div>[39m
            [36m</div>[39m
            [36m<div[39m
              [33mclass[39m=[32m"grid grid-cols-1 md:grid-cols-2 lg:grid-cols-4 gap-6 mb-8"[39m
            [36m>[39m
              [36m<div[39m
                [33mclass[39m=[32m"bg-white rounded-xl shadow-sm border border-gray-100 p-6 hover:shadow-md transition-shadow duration-200"[39m
              [36m>[39m
                [36m<div[39m
                  [33mclass[39m=[32m"flex items-center justify-between"[39m
                [36m>[39m
                  [36m<div>[39m
                    [36m<p[39m
                      [33mclass[39m=[32m"text-sm font-medium text-gray-600 mb-1"[39m
                    [36m>[39m
                      [0mTotal FUM[0m
                    [36m</p>[39m
                    [36m<p[39m
                      [33mclass[39m=[32m"text-2xl font-bold text-gray-900"[39m
                    [36m>[39m
                      [0m£0[0m
                    [36m</p>[39m
                  [36m</div>[39m
                  [36m<div[39m
                    [33mclass[39m=[32m"p-3 rounded-lg bg-blue-50 text-blue-600 border-blue-100"[39m
                  [36m>[39m
                    [36m<svg[39m
                      [33mclass[39m=[32m"w-6 h-6"[39m
                      [33mfill[39m=[32m"none"[39m
                      [33mstroke[39m=[32m"currentColor"[39m
                      [33mviewBox[39m=[32m"0 0 24 24"[39m
                    [36m>[39m
                      [36m<path[39m
                        [33md[39m=[32m"M12 8c-1.657 0-3 .895-3 2s1.343 2 3 2 3 .895 3 2-1.343 2-3 2m0-8c1.11 0 2.08.402 2.599 1M12 8V7m0 1v8m0 0v1m0-1c-1.11 0-2.08-.402-2.599-1"[39m
                        [33mstroke-linecap[39m=[32m"round"[39m
                        [33mstroke-linejoin[39m=[32m"round"[39m
                        [33mstroke-width[39m=[32m"2"[39m
                      [36m/>[39m
                    [36m</svg>[39m
                  [36m</div>[39m
                [36m</div>[39m
              [36m</div>[39m
              [36m<div[39m
                [33mclass[39m=[32m"bg-white rounded-xl shadow-sm border border-gray-100 p-6 hover:shadow-md transition-shadow duration-200"[39m
              [36m>[39m
                [36m<div[39m
                  [33mclass[39m=[32m"flex items-center justify-between"[39m
                [36m>[39m
                  [36m<div>[39m
                    [36m<p[39m
                      [33mclass[39m=[32m"text-sm font-medium text-gray-600 mb-1"[39m
                    [36m>[39m
                      [0mCompany IRR[0m
                    [36m</p>[39m
                    [36m<p[39m
                      [33mclass[39m=[32m"text-2xl font-bold text-gray-900"[39m
                    [36m>[39m
                      [0m0.0%[0m
                    [36m</p>[39m
                  [36m</div>[39m
                  [36m<div[39m
                    [33mclass[39m=[32m"p-3 rounded-lg bg-green-50 text-green-600 border-green-100"[39m
                  [36m>[39m
                    [36m<svg[39m
                      [33mclass[39m=[32m"w-6 h-6"[39m
                      [33mfill[39m=[32m"none"[39m
                      [33mstroke[39m=[32m"currentColor"[39m
                      [33mviewBox[39m=[32m"0 0 24 24"[39m
                    [36m>[39m
                      [36m<path[39m
                        [33md[39m=[32m"M13 7h8m0 0v8m0-8l-8 8-4-4-6 6"[39m
                        [33mstroke-linecap[39m=[32m"round"[39m
                        [33mstroke-linejoin[39m=[32m"round"[39m
                        [33mstroke-width[39m=[32m"2"[39m
                      [36m/>[39m
                    [36m</svg>[39m
                  [36m</div>[39m
                [36m</div>[39m
              [36m</div>[39m
              [36m<div[39m
                [33mclass[39m=[32m"bg-white rounded-xl shadow-sm border border-gray-100 p-6 hover:shadow-md transition-shadow duration-200"[39m
              [36m>[39m
                [36m<div[39m
                  [33mclass[39m=[32m"flex items-center justify-between"[39m
                [36m>[39m
                  [36m<div>[39m
                    [36m<p[39m
                      [33mclass[39m=[32m"text-sm font-medium text-gray-600 mb-1"[39m
                    [36m>[39m
                      [0mTotal Clients[0m
                    [36m</p>[39m
                    [36m<p[39m
                      [33mclass[39m=[32m"text-2xl font-bold text-gray-900"[39m
                    [36m>[39m
                      [0m0[0m
                    [36m</p>[39m
                  [36m</div>[39m
                  [36m<div[39m
                    [33mclass[39m=[32m"p-3 rounded-lg bg-purple-50 text-purple-600 border-purple-100"[39m
                  [36m>[39m
                    [36m<svg[39m
                      [33mclass[39m=[32m"w-6 h-6"[39m
                      [33mfill[39m=[32m"none"[39m
                      [33mstroke[39m=[32m"currentColor"[39m
                      [33mviewBox[39m=[32m"0 0 24 24"[39m
                    [36m>[39m
                      [36m<path[39m
                        [33md[39m=[32m"M12 4.354a4 4 0 110 5.292M15 21H3v-1a6 6 0 0112 0v1zm0 0h6v-1a6 6 0 00-9-5.197m13.5-9a2.5 2.5 0 11-5 0 2.5 2.5 0 015 0z"[39m
                        [33mstroke-linecap[39m=[32m"round"[39m
                        [33mstroke-linejoin[39m=[32m"round"[39m
                        [33mstroke-width[39m=[32m"2"[39m
                      [36m/>[39m
                    [36m</svg>[39m
                  [36m</div>[39m
                [36m</div>[39m
              [36m</div>[39m
              [36m<div[39m
                [33mclass[39m=[32m"bg-white rounded-xl shadow-sm border border-gray-100 p-6 hover:shadow-md transition-shadow duration-200"[39m
              [36m>[39m
                [36m<div[39m
                  [33mclass[39m=[32m"flex items-center justify-between"[39m
                [36m>[39m
                  [36m<div>[39m
                    [36m<p[39m
                      [33mclass[39m=[32m"text-sm font-medium text-gray-600 mb-1"[39m
                    [36m>[39m
                      [0mTotal Funds Managed[0m
                    [36m</p>[39m
                    [36m<p[39m
                      [33mclass[39m=[32m"text-2xl font-bold text-gray-900"[39m
                    [36m>[39m
                      [0m0[0m
                    [36m</p>[39m
                  [36m</div>[39m
                  [36m<div[39m
                    [33mclass[39m=[32m"p-3 rounded-lg bg-orange-50 text-orange-600 border-orange-100"[39m
                  [36m>[39m
                    [36m<svg[39m
                      [33mclass[39m=[32m"w-6 h-6"[39m
                      [33mfill[39m=[32m"none"[39m
                      [33mstroke[39m=[32m"currentColor"[39m
                      [33mviewBox[39m=[32m"0 0 24 24"[39m
                    [36m>[39m
                      [36m<path[39m
                        [33md[39m=[32m"M19 11H5m14 0a2 2 0 012 2v6a2 2 0 01-2 2H5a2 2 0 01-2-2v-6a2 2 0 012-2m14 0V9a2 2 0 00-2-2M5 11V9a2 2 0 012-2m0 0V5a2 2 0 012-2h6a2 2 0 012 2v2M7 7h10"[39m
                        [33mstroke-linecap[39m=[32m"round"[39m
                        [33mstroke-linejoin[39m=[32m"round"[39m
                        [33mstroke-width[39m=[32m"2"[39m
                      [36m/>[39m
                    [36m</svg>[39m
                  [36m</div>[39m
                [36m</div>[39m
              [36m</div>[39m
            [36m</div>[39m
            [36m<div[39m
              [33mclass[39m=[32m"grid grid-cols-1 lg:grid-cols-3 gap-6 mb-8"[39m
            [36m>[39m
              [36m<div[39m
                [33mclass[39m=[32m"bg-white rounded-xl shadow-sm border border-gray-100 p-6"[39m
              [36m>[39m
                [36m<h3[39m
                  [33mclass[39m=[32m"text-lg font-semibold text-gray-900 mb-4"[39m
                [36m>[39m
                  [0mFund Distribution[0m
                [36m</h3>[39m
                [36m<div[39m
                  [33mclass[39m=[32m"space-y-3"[39m
                [36m/>[39m
              [36m</div>[39m
              [36m<div[39m
                [33mclass[39m=[32m"bg-white rounded-xl shadow-sm border border-gray-100 p-6"[39m
              [36m>[39m
                [36m<h3[39m
                  [33mclass[39m=[32m"text-lg font-semibold text-gray-900 mb-4"[39m
                [36m>[39m
                  [0mProvider Distribution[0m
                [36m</h3>[39m
                [36m<div[39m
                  [33mclass[39m=[32m"space-y-3"[39m
                [36m/>[39m
              [36m</div>[39m
              [36m<div[39m
                [33mclass[39m=[32m"bg-white rounded-xl shadow-sm border border-gray-100 p-6"[39m
              [36m>[39m
                [36m<h3[39m
                  [33mclass[39m=[32m"text-lg font-semibold text-gray-900 mb-4"[39m
                [36m>[39m
                  [0mTemplate Distribution[0m
                [36m</h3>[39m
                [36m<div[39m
                  [33mclass[39m=[32m"space-y-3"[39m
                [36m/>[39m
              [36m</div>[39m
            [36m</div>[39m
            [36m<div[39m
              [33mclass[39m=[32m"grid grid-cols-1 lg:grid-cols-2 gap-6 mb-8"[39m
            [36m>[39m
              [36m<div[39m
                [33mclass[39m=[32m"bg-white rounded-xl shadow-sm border border-gray-100 p-6"[39m
              [36m>[39m
                [36m<h3[39m
                  [33mclass[39m=[32m"text-lg font-semibold text-gray-900 mb-4"[39m
                [36m>[39m
                  [0mTop Performers[0m
                [36m</h3>[39m
                [36m<div[39m
                  [33mclass[39m=[32m"text-center py-8 text-gray-500"[39m
                [36m>[39m
                  [36m<p>[39m
                    [0mPerformance data temporarily unavailable[0m
                  [36m</p>[39m
                  [36m<p[39m
                    [33mclass[39m=[32m"text-sm mt-2"[39m
                  [36m>[39m
                    [0mPlease try refreshing the page[0m
                  [36m</p>[39m
                [36m</div>[39m
              [36m</div>[39m
              [36m<div[39m
                [33mclass[39m=[32m"bg-white rounded-xl shadow-sm border border-gray-100 p-6"[39m
              [36m>[39m
                [36m<h3[39m
                  [33mclass[39m=[32m"text-lg font-semibold text-gray-900 mb-4"[39m
                [36m>[39m
                  [0mClient Risk Analysis[0m
                [36m</h3>[39m
                [36m<div[39m
                  [33mclass[39m=[32m"space-y-3"[39m
                [36m/>[39m
              [36m</div>[39m
            [36m</div>[39m
            [36m<div[39m
              [33mclass[39m=[32m"text-center text-sm text-gray-500 mt-8"[39m
            [36m>[39m
              [0mLast updated: [0m
              [0m03/12/2025, 15:21:19[0m
            [36m</div>[39m
          [36m</div>[39m
        [36m</div>[39m
      [36m</div>[39m
    [36m</body>[39m

    [0m [90m 106 |[39m     
     [90m 107 |[39m     [90m// Wait for the data to load[39m
    [31m[1m>[22m[39m[90m 108 |[39m     [36mawait[39m waitFor(() [33m=>[39m {
     [90m     |[39m                  [31m[1m^[22m[39m
     [90m 109 |[39m       expect(screen[33m.[39mgetByText([32m'Company Overview'[39m))[33m.[39mtoBeInTheDocument()[33m;[39m
     [90m 110 |[39m     })[33m;[39m
     [90m 111 |[39m     [0m

      at waitForWrapper (node_modules/@testing-library/react/node_modules/@testing-library/dom/dist/wait-for.js:163:27)
      at Object.<anonymous> (src/tests/Reporting.test.tsx:108:18)

  ● Reporting Component › switches between report tabs

    Unable to find an element with the text: Company Overview. This could be because the text is broken up by multiple elements. In this case, you can provide a function for your text matcher to make your matcher more flexible.

    Ignored nodes: comments, script, style
    [36m<body>[39m
      [36m<div>[39m
        [36m<div[39m
          [33mclass[39m=[32m"min-h-screen bg-gray-50 p-6"[39m
        [36m>[39m
          [36m<div[39m
            [33mclass[39m=[32m"max-w-7xl mx-auto"[39m
          [36m>[39m
            [36m<div[39m
              [33mclass[39m=[32m"flex flex-col sm:flex-row sm:items-center sm:justify-between mb-8"[39m
            [36m>[39m
              [36m<div>[39m
                [36m<h1[39m
                  [33mclass[39m=[32m"text-3xl font-normal text-gray-900 font-sans tracking-wide"[39m
                [36m>[39m
                  [0mAnalytics Dashboard[0m
                [36m</h1>[39m
                [36m<p[39m
                  [33mclass[39m=[32m"text-gray-600"[39m
                [36m>[39m
                  [0mComprehensive insights into your portfolio performance and client metrics[0m
                [36m</p>[39m
              [36m</div>[39m
              [36m<div[39m
                [33mclass[39m=[32m"flex items-center space-x-4 mt-4 sm:mt-0"[39m
              [36m>[39m
                [36m<select[39m
                  [33mclass[39m=[32m"px-3 py-2 border border-gray-300 rounded-lg text-sm focus:outline-none focus:ring-2 focus:ring-blue-500"[39m
                [36m>[39m
                  [36m<option[39m
                    [33mvalue[39m=[32m"all"[39m
                  [36m>[39m
                    [0mAll Time[0m
                  [36m</option>[39m
                  [36m<option[39m
                    [33mvalue[39m=[32m"ytd"[39m
                  [36m>[39m
                    [0mYear to Date[0m
                  [36m</option>[39m
                  [36m<option[39m
                    [33mvalue[39m=[32m"12m"[39m
                  [36m>[39m
                    [0mLast 12 Months[0m
                  [36m</option>[39m
                  [36m<option[39m
                    [33mvalue[39m=[32m"3y"[39m
                  [36m>[39m
                    [0mLast 3 Years[0m
                  [36m</option>[39m
                [36m</select>[39m
                [36m<button[39m
                  [33mclass[39m=[32m"inline-flex items-center px-4 py-2 bg-blue-600 text-white rounded-lg hover:bg-blue-700 disabled:opacity-50 transition-colors"[39m
                [36m>[39m
                  [36m<svg[39m
                    [33mclass[39m=[32m"w-5 h-5"[39m
                    [33mfill[39m=[32m"none"[39m
                    [33mstroke[39m=[32m"currentColor"[39m
                    [33mviewBox[39m=[32m"0 0 24 24"[39m
                  [36m>[39m
                    [36m<path[39m
                      [33md[39m=[32m"M4 4v5h.582m15.356 2A8.001 8.001 0 004.582 9m0 0H9m11 11v-5h-.581m0 0a8.003 8.003 0 01-15.357-2m15.357 2H15"[39m
                      [33mstroke-linecap[39m=[32m"round"[39m
                      [33mstroke-linejoin[39m=[32m"round"[39m
                      [33mstroke-width[39m=[32m"2"[39m
                    [36m/>[39m
                  [36m</svg>[39m
                  [36m<span[39m
                    [33mclass[39m=[32m"ml-2"[39m
                  [36m>[39m
                    [0mRefresh[0m
                  [36m</span>[39m
                [36m</button>[39m
              [36m</div>[39m
            [36m</div>[39m
            [36m<div[39m
              [33mclass[39m=[32m"grid grid-cols-1 md:grid-cols-2 lg:grid-cols-4 gap-6 mb-8"[39m
            [36m>[39m
              [36m<div[39m
                [33mclass[39m=[32m"bg-white rounded-xl shadow-sm border border-gray-100 p-6 hover:shadow-md transition-shadow duration-200"[39m
              [36m>[39m
                [36m<div[39m
                  [33mclass[39m=[32m"flex items-center justify-between"[39m
                [36m>[39m
                  [36m<div>[39m
                    [36m<p[39m
                      [33mclass[39m=[32m"text-sm font-medium text-gray-600 mb-1"[39m
                    [36m>[39m
                      [0mTotal FUM[0m
                    [36m</p>[39m
                    [36m<p[39m
                      [33mclass[39m=[32m"text-2xl font-bold text-gray-900"[39m
                    [36m>[39m
                      [0m£0[0m
                    [36m</p>[39m
                  [36m</div>[39m
                  [36m<div[39m
                    [33mclass[39m=[32m"p-3 rounded-lg bg-blue-50 text-blue-600 border-blue-100"[39m
                  [36m>[39m
                    [36m<svg[39m
                      [33mclass[39m=[32m"w-6 h-6"[39m
                      [33mfill[39m=[32m"none"[39m
                      [33mstroke[39m=[32m"currentColor"[39m
                      [33mviewBox[39m=[32m"0 0 24 24"[39m
                    [36m>[39m
                      [36m<path[39m
                        [33md[39m=[32m"M12 8c-1.657 0-3 .895-3 2s1.343 2 3 2 3 .895 3 2-1.343 2-3 2m0-8c1.11 0 2.08.402 2.599 1M12 8V7m0 1v8m0 0v1m0-1c-1.11 0-2.08-.402-2.599-1"[39m
                        [33mstroke-linecap[39m=[32m"round"[39m
                        [33mstroke-linejoin[39m=[32m"round"[39m
                        [33mstroke-width[39m=[32m"2"[39m
                      [36m/>[39m
                    [36m</svg>[39m
                  [36m</div>[39m
                [36m</div>[39m
              [36m</div>[39m
              [36m<div[39m
                [33mclass[39m=[32m"bg-white rounded-xl shadow-sm border border-gray-100 p-6 hover:shadow-md transition-shadow duration-200"[39m
              [36m>[39m
                [36m<div[39m
                  [33mclass[39m=[32m"flex items-center justify-between"[39m
                [36m>[39m
                  [36m<div>[39m
                    [36m<p[39m
                      [33mclass[39m=[32m"text-sm font-medium text-gray-600 mb-1"[39m
                    [36m>[39m
                      [0mCompany IRR[0m
                    [36m</p>[39m
                    [36m<p[39m
                      [33mclass[39m=[32m"text-2xl font-bold text-gray-900"[39m
                    [36m>[39m
                      [0m0.0%[0m
                    [36m</p>[39m
                  [36m</div>[39m
                  [36m<div[39m
                    [33mclass[39m=[32m"p-3 rounded-lg bg-green-50 text-green-600 border-green-100"[39m
                  [36m>[39m
                    [36m<svg[39m
                      [33mclass[39m=[32m"w-6 h-6"[39m
                      [33mfill[39m=[32m"none"[39m
                      [33mstroke[39m=[32m"currentColor"[39m
                      [33mviewBox[39m=[32m"0 0 24 24"[39m
                    [36m>[39m
                      [36m<path[39m
                        [33md[39m=[32m"M13 7h8m0 0v8m0-8l-8 8-4-4-6 6"[39m
                        [33mstroke-linecap[39m=[32m"round"[39m
                        [33mstroke-linejoin[39m=[32m"round"[39m
                        [33mstroke-width[39m=[32m"2"[39m
                      [36m/>[39m
                    [36m</svg>[39m
                  [36m</div>[39m
                [36m</div>[39m
              [36m</div>[39m
              [36m<div[39m
                [33mclass[39m=[32m"bg-white rounded-xl shadow-sm border border-gray-100 p-6 hover:shadow-md transition-shadow duration-200"[39m
              [36m>[39m
                [36m<div[39m
                  [33mclass[39m=[32m"flex items-center justify-between"[39m
                [36m>[39m
                  [36m<div>[39m
                    [36m<p[39m
                      [33mclass[39m=[32m"text-sm font-medium text-gray-600 mb-1"[39m
                    [36m>[39m
                      [0mTotal Clients[0m
                    [36m</p>[39m
                    [36m<p[39m
                      [33mclass[39m=[32m"text-2xl font-bold text-gray-900"[39m
                    [36m>[39m
                      [0m0[0m
                    [36m</p>[39m
                  [36m</div>[39m
                  [36m<div[39m
                    [33mclass[39m=[32m"p-3 rounded-lg bg-purple-50 text-purple-600 border-purple-100"[39m
                  [36m>[39m
                    [36m<svg[39m
                      [33mclass[39m=[32m"w-6 h-6"[39m
                      [33mfill[39m=[32m"none"[39m
                      [33mstroke[39m=[32m"currentColor"[39m
                      [33mviewBox[39m=[32m"0 0 24 24"[39m
                    [36m>[39m
                      [36m<path[39m
                        [33md[39m=[32m"M12 4.354a4 4 0 110 5.292M15 21H3v-1a6 6 0 0112 0v1zm0 0h6v-1a6 6 0 00-9-5.197m13.5-9a2.5 2.5 0 11-5 0 2.5 2.5 0 015 0z"[39m
                        [33mstroke-linecap[39m=[32m"round"[39m
                        [33mstroke-linejoin[39m=[32m"round"[39m
                        [33mstroke-width[39m=[32m"2"[39m
                      [36m/>[39m
                    [36m</svg>[39m
                  [36m</div>[39m
                [36m</div>[39m
              [36m</div>[39m
              [36m<div[39m
                [33mclass[39m=[32m"bg-white rounded-xl shadow-sm border border-gray-100 p-6 hover:shadow-md transition-shadow duration-200"[39m
              [36m>[39m
                [36m<div[39m
                  [33mclass[39m=[32m"flex items-center justify-between"[39m
                [36m>[39m
                  [36m<div>[39m
                    [36m<p[39m
                      [33mclass[39m=[32m"text-sm font-medium text-gray-600 mb-1"[39m
                    [36m>[39m
                      [0mTotal Funds Managed[0m
                    [36m</p>[39m
                    [36m<p[39m
                      [33mclass[39m=[32m"text-2xl font-bold text-gray-900"[39m
                    [36m>[39m
                      [0m0[0m
                    [36m</p>[39m
                  [36m</div>[39m
                  [36m<div[39m
                    [33mclass[39m=[32m"p-3 rounded-lg bg-orange-50 text-orange-600 border-orange-100"[39m
                  [36m>[39m
                    [36m<svg[39m
                      [33mclass[39m=[32m"w-6 h-6"[39m
                      [33mfill[39m=[32m"none"[39m
                      [33mstroke[39m=[32m"currentColor"[39m
                      [33mviewBox[39m=[32m"0 0 24 24"[39m
                    [36m>[39m
                      [36m<path[39m
                        [33md[39m=[32m"M19 11H5m14 0a2 2 0 012 2v6a2 2 0 01-2 2H5a2 2 0 01-2-2v-6a2 2 0 012-2m14 0V9a2 2 0 00-2-2M5 11V9a2 2 0 012-2m0 0V5a2 2 0 012-2h6a2 2 0 012 2v2M7 7h10"[39m
                        [33mstroke-linecap[39m=[32m"round"[39m
                        [33mstroke-linejoin[39m=[32m"round"[39m
                        [33mstroke-width[39m=[32m"2"[39m
                      [36m/>[39m
                    [36m</svg>[39m
                  [36m</div>[39m
                [36m</div>[39m
              [36m</div>[39m
            [36m</div>[39m
            [36m<div[39m
              [33mclass[39m=[32m"grid grid-cols-1 lg:grid-cols-3 gap-6 mb-8"[39m
            [36m>[39m
              [36m<div[39m
                [33mclass[39m=[32m"bg-white rounded-xl shadow-sm border border-gray-100 p-6"[39m
              [36m>[39m
                [36m<h3[39m
                  [33mclass[39m=[32m"text-lg font-semibold text-gray-900 mb-4"[39m
                [36m>[39m
                  [0mFund Distribution[0m
                [36m</h3>[39m
                [36m<div[39m
                  [33mclass[39m=[32m"space-y-3"[39m
                [36m/>[39m
              [36m</div>[39m
              [36m<div[39m
                [33mclass[39m=[32m"bg-white rounded-xl shadow-sm border border-gray-100 p-6"[39m
              [36m>[39m
                [36m<h3[39m
                  [33mclass[39m=[32m"text-lg font-semibold text-gray-900 mb-4"[39m
                [36m>[39m
                  [0mProvider Distribution[0m
                [36m</h3>[39m
                [36m<div[39m
                  [33mclass[39m=[32m"space-y-3"[39m
                [36m/>[39m
              [36m</div>[39m
              [36m<div[39m
                [33mclass[39m=[32m"bg-white rounded-xl shadow-sm border border-gray-100 p-6"[39m
              [36m>[39m
                [36m<h3[39m
                  [33mclass[39m=[32m"text-lg font-semibold text-gray-900 mb-4"[39m
                [36m>[39m
                  [0mTemplate Distribution[0m
                [36m</h3>[39m
                [36m<div[39m
                  [33mclass[39m=[32m"space-y-3"[39m
                [36m/>[39m
              [36m</div>[39m
            [36m</div>[39m
            [36m<div[39m
              [33mclass[39m=[32m"grid grid-cols-1 lg:grid-cols-2 gap-6 mb-8"[39m
            [36m>[39m
              [36m<div[39m
                [33mclass[39m=[32m"bg-white rounded-xl shadow-sm border border-gray-100 p-6"[39m
              [36m>[39m
                [36m<h3[39m
                  [33mclass[39m=[32m"text-lg font-semibold text-gray-900 mb-4"[39m
                [36m>[39m
                  [0mTop Performers[0m
                [36m</h3>[39m
                [36m<div[39m
                  [33mclass[39m=[32m"text-center py-8 text-gray-500"[39m
                [36m>[39m
                  [36m<p>[39m
                    [0mPerformance data temporarily unavailable[0m
                  [36m</p>[39m
                  [36m<p[39m
                    [33mclass[39m=[32m"text-sm mt-2"[39m
                  [36m>[39m
                    [0mPlease try refreshing the page[0m
                  [36m</p>[39m
                [36m</div>[39m
              [36m</div>[39m
              [36m<div[39m
                [33mclass[39m=[32m"bg-white rounded-xl shadow-sm border border-gray-100 p-6"[39m
              [36m>[39m
                [36m<h3[39m
                  [33mclass[39m=[32m"text-lg font-semibold text-gray-900 mb-4"[39m
                [36m>[39m
                  [0mClient Risk Analysis[0m
                [36m</h3>[39m
                [36m<div[39m
                  [33mclass[39m=[32m"space-y-3"[39m
                [36m/>[39m
              [36m</div>[39m
            [36m</div>[39m
            [36m<div[39m
              [33mclass[39m=[32m"text-center text-sm text-gray-500 mt-8"[39m
            [36m>[39m
              [0mLast updated: [0m
              [0m03/12/2025, 15:21:21[0m
            [36m</div>[39m
          [36m</div>[39m
        [36m</div>[39m
      [36m</div>[39m
    [36m</body>[39m

    [0m [90m 121 |[39m     
     [90m 122 |[39m     [90m// Wait for the data to load[39m
    [31m[1m>[22m[39m[90m 123 |[39m     [36mawait[39m waitFor(() [33m=>[39m {
     [90m     |[39m                  [31m[1m^[22m[39m
     [90m 124 |[39m       expect(screen[33m.[39mgetByText([32m'Company Overview'[39m))[33m.[39mtoBeInTheDocument()[33m;[39m
     [90m 125 |[39m     })[33m;[39m
     [90m 126 |[39m     [0m

      at waitForWrapper (node_modules/@testing-library/react/node_modules/@testing-library/dom/dist/wait-for.js:163:27)
      at Object.<anonymous> (src/tests/Reporting.test.tsx:123:18)

  ● Reporting Component › filters performance data based on search query

    Unable to find an element with the text: John Smith. This could be because the text is broken up by multiple elements. In this case, you can provide a function for your text matcher to make your matcher more flexible.

    Ignored nodes: comments, script, style
    [36m<body>[39m
      [36m<div>[39m
        [36m<div[39m
          [33mclass[39m=[32m"min-h-screen bg-gray-50 p-6"[39m
        [36m>[39m
          [36m<div[39m
            [33mclass[39m=[32m"max-w-7xl mx-auto"[39m
          [36m>[39m
            [36m<div[39m
              [33mclass[39m=[32m"flex flex-col sm:flex-row sm:items-center sm:justify-between mb-8"[39m
            [36m>[39m
              [36m<div>[39m
                [36m<h1[39m
                  [33mclass[39m=[32m"text-3xl font-normal text-gray-900 font-sans tracking-wide"[39m
                [36m>[39m
                  [0mAnalytics Dashboard[0m
                [36m</h1>[39m
                [36m<p[39m
                  [33mclass[39m=[32m"text-gray-600"[39m
                [36m>[39m
                  [0mComprehensive insights into your portfolio performance and client metrics[0m
                [36m</p>[39m
              [36m</div>[39m
              [36m<div[39m
                [33mclass[39m=[32m"flex items-center space-x-4 mt-4 sm:mt-0"[39m
              [36m>[39m
                [36m<select[39m
                  [33mclass[39m=[32m"px-3 py-2 border border-gray-300 rounded-lg text-sm focus:outline-none focus:ring-2 focus:ring-blue-500"[39m
                [36m>[39m
                  [36m<option[39m
                    [33mvalue[39m=[32m"all"[39m
                  [36m>[39m
                    [0mAll Time[0m
                  [36m</option>[39m
                  [36m<option[39m
                    [33mvalue[39m=[32m"ytd"[39m
                  [36m>[39m
                    [0mYear to Date[0m
                  [36m</option>[39m
                  [36m<option[39m
                    [33mvalue[39m=[32m"12m"[39m
                  [36m>[39m
                    [0mLast 12 Months[0m
                  [36m</option>[39m
                  [36m<option[39m
                    [33mvalue[39m=[32m"3y"[39m
                  [36m>[39m
                    [0mLast 3 Years[0m
                  [36m</option>[39m
                [36m</select>[39m
                [36m<button[39m
                  [33mclass[39m=[32m"inline-flex items-center px-4 py-2 bg-blue-600 text-white rounded-lg hover:bg-blue-700 disabled:opacity-50 transition-colors"[39m
                [36m>[39m
                  [36m<svg[39m
                    [33mclass[39m=[32m"w-5 h-5"[39m
                    [33mfill[39m=[32m"none"[39m
                    [33mstroke[39m=[32m"currentColor"[39m
                    [33mviewBox[39m=[32m"0 0 24 24"[39m
                  [36m>[39m
                    [36m<path[39m
                      [33md[39m=[32m"M4 4v5h.582m15.356 2A8.001 8.001 0 004.582 9m0 0H9m11 11v-5h-.581m0 0a8.003 8.003 0 01-15.357-2m15.357 2H15"[39m
                      [33mstroke-linecap[39m=[32m"round"[39m
                      [33mstroke-linejoin[39m=[32m"round"[39m
                      [33mstroke-width[39m=[32m"2"[39m
                    [36m/>[39m
                  [36m</svg>[39m
                  [36m<span[39m
                    [33mclass[39m=[32m"ml-2"[39m
                  [36m>[39m
                    [0mRefresh[0m
                  [36m</span>[39m
                [36m</button>[39m
              [36m</div>[39m
            [36m</div>[39m
            [36m<div[39m
              [33mclass[39m=[32m"grid grid-cols-1 md:grid-cols-2 lg:grid-cols-4 gap-6 mb-8"[39m
            [36m>[39m
              [36m<div[39m
                [33mclass[39m=[32m"bg-white rounded-xl shadow-sm border border-gray-100 p-6 hover:shadow-md transition-shadow duration-200"[39m
              [36m>[39m
                [36m<div[39m
                  [33mclass[39m=[32m"flex items-center justify-between"[39m
                [36m>[39m
                  [36m<div>[39m
                    [36m<p[39m
                      [33mclass[39m=[32m"text-sm font-medium text-gray-600 mb-1"[39m
                    [36m>[39m
                      [0mTotal FUM[0m
                    [36m</p>[39m
                    [36m<p[39m
                      [33mclass[39m=[32m"text-2xl font-bold text-gray-900"[39m
                    [36m>[39m
                      [0m£0[0m
                    [36m</p>[39m
                  [36m</div>[39m
                  [36m<div[39m
                    [33mclass[39m=[32m"p-3 rounded-lg bg-blue-50 text-blue-600 border-blue-100"[39m
                  [36m>[39m
                    [36m<svg[39m
                      [33mclass[39m=[32m"w-6 h-6"[39m
                      [33mfill[39m=[32m"none"[39m
                      [33mstroke[39m=[32m"currentColor"[39m
                      [33mviewBox[39m=[32m"0 0 24 24"[39m
                    [36m>[39m
                      [36m<path[39m
                        [33md[39m=[32m"M12 8c-1.657 0-3 .895-3 2s1.343 2 3 2 3 .895 3 2-1.343 2-3 2m0-8c1.11 0 2.08.402 2.599 1M12 8V7m0 1v8m0 0v1m0-1c-1.11 0-2.08-.402-2.599-1"[39m
                        [33mstroke-linecap[39m=[32m"round"[39m
                        [33mstroke-linejoin[39m=[32m"round"[39m
                        [33mstroke-width[39m=[32m"2"[39m
                      [36m/>[39m
                    [36m</svg>[39m
                  [36m</div>[39m
                [36m</div>[39m
              [36m</div>[39m
              [36m<div[39m
                [33mclass[39m=[32m"bg-white rounded-xl shadow-sm border border-gray-100 p-6 hover:shadow-md transition-shadow duration-200"[39m
              [36m>[39m
                [36m<div[39m
                  [33mclass[39m=[32m"flex items-center justify-between"[39m
                [36m>[39m
                  [36m<div>[39m
                    [36m<p[39m
                      [33mclass[39m=[32m"text-sm font-medium text-gray-600 mb-1"[39m
                    [36m>[39m
                      [0mCompany IRR[0m
                    [36m</p>[39m
                    [36m<p[39m
                      [33mclass[39m=[32m"text-2xl font-bold text-gray-900"[39m
                    [36m>[39m
                      [0m0.0%[0m
                    [36m</p>[39m
                  [36m</div>[39m
                  [36m<div[39m
                    [33mclass[39m=[32m"p-3 rounded-lg bg-green-50 text-green-600 border-green-100"[39m
                  [36m>[39m
                    [36m<svg[39m
                      [33mclass[39m=[32m"w-6 h-6"[39m
                      [33mfill[39m=[32m"none"[39m
                      [33mstroke[39m=[32m"currentColor"[39m
                      [33mviewBox[39m=[32m"0 0 24 24"[39m
                    [36m>[39m
                      [36m<path[39m
                        [33md[39m=[32m"M13 7h8m0 0v8m0-8l-8 8-4-4-6 6"[39m
                        [33mstroke-linecap[39m=[32m"round"[39m
                        [33mstroke-linejoin[39m=[32m"round"[39m
                        [33mstroke-width[39m=[32m"2"[39m
                      [36m/>[39m
                    [36m</svg>[39m
                  [36m</div>[39m
                [36m</div>[39m
              [36m</div>[39m
              [36m<div[39m
                [33mclass[39m=[32m"bg-white rounded-xl shadow-sm border border-gray-100 p-6 hover:shadow-md transition-shadow duration-200"[39m
              [36m>[39m
                [36m<div[39m
                  [33mclass[39m=[32m"flex items-center justify-between"[39m
                [36m>[39m
                  [36m<div>[39m
                    [36m<p[39m
                      [33mclass[39m=[32m"text-sm font-medium text-gray-600 mb-1"[39m
                    [36m>[39m
                      [0mTotal Clients[0m
                    [36m</p>[39m
                    [36m<p[39m
                      [33mclass[39m=[32m"text-2xl font-bold text-gray-900"[39m
                    [36m>[39m
                      [0m0[0m
                    [36m</p>[39m
                  [36m</div>[39m
                  [36m<div[39m
                    [33mclass[39m=[32m"p-3 rounded-lg bg-purple-50 text-purple-600 border-purple-100"[39m
                  [36m>[39m
                    [36m<svg[39m
                      [33mclass[39m=[32m"w-6 h-6"[39m
                      [33mfill[39m=[32m"none"[39m
                      [33mstroke[39m=[32m"currentColor"[39m
                      [33mviewBox[39m=[32m"0 0 24 24"[39m
                    [36m>[39m
                      [36m<path[39m
                        [33md[39m=[32m"M12 4.354a4 4 0 110 5.292M15 21H3v-1a6 6 0 0112 0v1zm0 0h6v-1a6 6 0 00-9-5.197m13.5-9a2.5 2.5 0 11-5 0 2.5 2.5 0 015 0z"[39m
                        [33mstroke-linecap[39m=[32m"round"[39m
                        [33mstroke-linejoin[39m=[32m"round"[39m
                        [33mstroke-width[39m=[32m"2"[39m
                      [36m/>[39m
                    [36m</svg>[39m
                  [36m</div>[39m
                [36m</div>[39m
              [36m</div>[39m
              [36m<div[39m
                [33mclass[39m=[32m"bg-white rounded-xl shadow-sm border border-gray-100 p-6 hover:shadow-md transition-shadow duration-200"[39m
              [36m>[39m
                [36m<div[39m
                  [33mclass[39m=[32m"flex items-center justify-between"[39m
                [36m>[39m
                  [36m<div>[39m
                    [36m<p[39m
                      [33mclass[39m=[32m"text-sm font-medium text-gray-600 mb-1"[39m
                    [36m>[39m
                      [0mTotal Funds Managed[0m
                    [36m</p>[39m
                    [36m<p[39m
                      [33mclass[39m=[32m"text-2xl font-bold text-gray-900"[39m
                    [36m>[39m
                      [0m0[0m
                    [36m</p>[39m
                  [36m</div>[39m
                  [36m<div[39m
                    [33mclass[39m=[32m"p-3 rounded-lg bg-orange-50 text-orange-600 border-orange-100"[39m
                  [36m>[39m
                    [36m<svg[39m
                      [33mclass[39m=[32m"w-6 h-6"[39m
                      [33mfill[39m=[32m"none"[39m
                      [33mstroke[39m=[32m"currentColor"[39m
                      [33mviewBox[39m=[32m"0 0 24 24"[39m
                    [36m>[39m
                      [36m<path[39m
                        [33md[39m=[32m"M19 11H5m14 0a2 2 0 012 2v6a2 2 0 01-2 2H5a2 2 0 01-2-2v-6a2 2 0 012-2m14 0V9a2 2 0 00-2-2M5 11V9a2 2 0 012-2m0 0V5a2 2 0 012-2h6a2 2 0 012 2v2M7 7h10"[39m
                        [33mstroke-linecap[39m=[32m"round"[39m
                        [33mstroke-linejoin[39m=[32m"round"[39m
                        [33mstroke-width[39m=[32m"2"[39m
                      [36m/>[39m
                    [36m</svg>[39m
                  [36m</div>[39m
                [36m</div>[39m
              [36m</div>[39m
            [36m</div>[39m
            [36m<div[39m
              [33mclass[39m=[32m"grid grid-cols-1 lg:grid-cols-3 gap-6 mb-8"[39m
            [36m>[39m
              [36m<div[39m
                [33mclass[39m=[32m"bg-white rounded-xl shadow-sm border border-gray-100 p-6"[39m
              [36m>[39m
                [36m<h3[39m
                  [33mclass[39m=[32m"text-lg font-semibold text-gray-900 mb-4"[39m
                [36m>[39m
                  [0mFund Distribution[0m
                [36m</h3>[39m
                [36m<div[39m
                  [33mclass[39m=[32m"space-y-3"[39m
                [36m/>[39m
              [36m</div>[39m
              [36m<div[39m
                [33mclass[39m=[32m"bg-white rounded-xl shadow-sm border border-gray-100 p-6"[39m
              [36m>[39m
                [36m<h3[39m
                  [33mclass[39m=[32m"text-lg font-semibold text-gray-900 mb-4"[39m
                [36m>[39m
                  [0mProvider Distribution[0m
                [36m</h3>[39m
                [36m<div[39m
                  [33mclass[39m=[32m"space-y-3"[39m
                [36m/>[39m
              [36m</div>[39m
              [36m<div[39m
                [33mclass[39m=[32m"bg-white rounded-xl shadow-sm border border-gray-100 p-6"[39m
              [36m>[39m
                [36m<h3[39m
                  [33mclass[39m=[32m"text-lg font-semibold text-gray-900 mb-4"[39m
                [36m>[39m
                  [0mTemplate Distribution[0m
                [36m</h3>[39m
                [36m<div[39m
                  [33mclass[39m=[32m"space-y-3"[39m
                [36m/>[39m
              [36m</div>[39m
            [36m</div>[39m
            [36m<div[39m
              [33mclass[39m=[32m"grid grid-cols-1 lg:grid-cols-2 gap-6 mb-8"[39m
            [36m>[39m
              [36m<div[39m
                [33mclass[39m=[32m"bg-white rounded-xl shadow-sm border border-gray-100 p-6"[39m
              [36m>[39m
                [36m<h3[39m
                  [33mclass[39m=[32m"text-lg font-semibold text-gray-900 mb-4"[39m
                [36m>[39m
                  [0mTop Performers[0m
                [36m</h3>[39m
                [36m<div[39m
                  [33mclass[39m=[32m"text-center py-8 text-gray-500"[39m
                [36m>[39m
                  [36m<p>[39m
                    [0mPerformance data temporarily unavailable[0m
                  [36m</p>[39m
                  [36m<p[39m
                    [33mclass[39m=[32m"text-sm mt-2"[39m
                  [36m>[39m
                    [0mPlease try refreshing the page[0m
                  [36m</p>[39m
                [36m</div>[39m
              [36m</div>[39m
              [36m<div[39m
                [33mclass[39m=[32m"bg-white rounded-xl shadow-sm border border-gray-100 p-6"[39m
              [36m>[39m
                [36m<h3[39m
                  [33mclass[39m=[32m"text-lg font-semibold text-gray-900 mb-4"[39m
                [36m>[39m
                  [0mClient Risk Analysis[0m
                [36m</h3>[39m
                [36m<div[39m
                  [33mclass[39m=[32m"space-y-3"[39m
                [36m/>[39m
              [36m</div>[39m
            [36m</div>[39m
            [36m<div[39m
              [33mclass[39m=[32m"text-center text-sm text-gray-500 mt-8"[39m
            [36m>[39m
              [0mLast updated: [0m
              [0m03/12/2025, 15:21:22[0m
            [36m</div>[39m
          [36m</div>[39m
        [36m</div>[39m
      [36m</div>[39m
    [36m</body>[39m

    [0m [90m 147 |[39m     
     [90m 148 |[39m     [90m// Wait for the data to load[39m
    [31m[1m>[22m[39m[90m 149 |[39m     [36mawait[39m waitFor(() [33m=>[39m {
     [90m     |[39m                  [31m[1m^[22m[39m
     [90m 150 |[39m       expect(screen[33m.[39mgetByText([32m'John Smith'[39m))[33m.[39mtoBeInTheDocument()[33m;[39m
     [90m 151 |[39m     })[33m;[39m
     [90m 152 |[39m     [0m

      at waitForWrapper (node_modules/@testing-library/react/node_modules/@testing-library/dom/dist/wait-for.js:163:27)
      at Object.<anonymous> (src/tests/Reporting.test.tsx:149:18)

  ● Reporting Component › changes time period for IRR display

    Unable to find an element with the text: John Smith. This could be because the text is broken up by multiple elements. In this case, you can provide a function for your text matcher to make your matcher more flexible.

    Ignored nodes: comments, script, style
    [36m<body>[39m
      [36m<div>[39m
        [36m<div[39m
          [33mclass[39m=[32m"min-h-screen bg-gray-50 p-6"[39m
        [36m>[39m
          [36m<div[39m
            [33mclass[39m=[32m"max-w-7xl mx-auto"[39m
          [36m>[39m
            [36m<div[39m
              [33mclass[39m=[32m"flex flex-col sm:flex-row sm:items-center sm:justify-between mb-8"[39m
            [36m>[39m
              [36m<div>[39m
                [36m<h1[39m
                  [33mclass[39m=[32m"text-3xl font-normal text-gray-900 font-sans tracking-wide"[39m
                [36m>[39m
                  [0mAnalytics Dashboard[0m
                [36m</h1>[39m
                [36m<p[39m
                  [33mclass[39m=[32m"text-gray-600"[39m
                [36m>[39m
                  [0mComprehensive insights into your portfolio performance and client metrics[0m
                [36m</p>[39m
              [36m</div>[39m
              [36m<div[39m
                [33mclass[39m=[32m"flex items-center space-x-4 mt-4 sm:mt-0"[39m
              [36m>[39m
                [36m<select[39m
                  [33mclass[39m=[32m"px-3 py-2 border border-gray-300 rounded-lg text-sm focus:outline-none focus:ring-2 focus:ring-blue-500"[39m
                [36m>[39m
                  [36m<option[39m
                    [33mvalue[39m=[32m"all"[39m
                  [36m>[39m
                    [0mAll Time[0m
                  [36m</option>[39m
                  [36m<option[39m
                    [33mvalue[39m=[32m"ytd"[39m
                  [36m>[39m
                    [0mYear to Date[0m
                  [36m</option>[39m
                  [36m<option[39m
                    [33mvalue[39m=[32m"12m"[39m
                  [36m>[39m
                    [0mLast 12 Months[0m
                  [36m</option>[39m
                  [36m<option[39m
                    [33mvalue[39m=[32m"3y"[39m
                  [36m>[39m
                    [0mLast 3 Years[0m
                  [36m</option>[39m
                [36m</select>[39m
                [36m<button[39m
                  [33mclass[39m=[32m"inline-flex items-center px-4 py-2 bg-blue-600 text-white rounded-lg hover:bg-blue-700 disabled:opacity-50 transition-colors"[39m
                [36m>[39m
                  [36m<svg[39m
                    [33mclass[39m=[32m"w-5 h-5"[39m
                    [33mfill[39m=[32m"none"[39m
                    [33mstroke[39m=[32m"currentColor"[39m
                    [33mviewBox[39m=[32m"0 0 24 24"[39m
                  [36m>[39m
                    [36m<path[39m
                      [33md[39m=[32m"M4 4v5h.582m15.356 2A8.001 8.001 0 004.582 9m0 0H9m11 11v-5h-.581m0 0a8.003 8.003 0 01-15.357-2m15.357 2H15"[39m
                      [33mstroke-linecap[39m=[32m"round"[39m
                      [33mstroke-linejoin[39m=[32m"round"[39m
                      [33mstroke-width[39m=[32m"2"[39m
                    [36m/>[39m
                  [36m</svg>[39m
                  [36m<span[39m
                    [33mclass[39m=[32m"ml-2"[39m
                  [36m>[39m
                    [0mRefresh[0m
                  [36m</span>[39m
                [36m</button>[39m
              [36m</div>[39m
            [36m</div>[39m
            [36m<div[39m
              [33mclass[39m=[32m"grid grid-cols-1 md:grid-cols-2 lg:grid-cols-4 gap-6 mb-8"[39m
            [36m>[39m
              [36m<div[39m
                [33mclass[39m=[32m"bg-white rounded-xl shadow-sm border border-gray-100 p-6 hover:shadow-md transition-shadow duration-200"[39m
              [36m>[39m
                [36m<div[39m
                  [33mclass[39m=[32m"flex items-center justify-between"[39m
                [36m>[39m
                  [36m<div>[39m
                    [36m<p[39m
                      [33mclass[39m=[32m"text-sm font-medium text-gray-600 mb-1"[39m
                    [36m>[39m
                      [0mTotal FUM[0m
                    [36m</p>[39m
                    [36m<p[39m
                      [33mclass[39m=[32m"text-2xl font-bold text-gray-900"[39m
                    [36m>[39m
                      [0m£0[0m
                    [36m</p>[39m
                  [36m</div>[39m
                  [36m<div[39m
                    [33mclass[39m=[32m"p-3 rounded-lg bg-blue-50 text-blue-600 border-blue-100"[39m
                  [36m>[39m
                    [36m<svg[39m
                      [33mclass[39m=[32m"w-6 h-6"[39m
                      [33mfill[39m=[32m"none"[39m
                      [33mstroke[39m=[32m"currentColor"[39m
                      [33mviewBox[39m=[32m"0 0 24 24"[39m
                    [36m>[39m
                      [36m<path[39m
                        [33md[39m=[32m"M12 8c-1.657 0-3 .895-3 2s1.343 2 3 2 3 .895 3 2-1.343 2-3 2m0-8c1.11 0 2.08.402 2.599 1M12 8V7m0 1v8m0 0v1m0-1c-1.11 0-2.08-.402-2.599-1"[39m
                        [33mstroke-linecap[39m=[32m"round"[39m
                        [33mstroke-linejoin[39m=[32m"round"[39m
                        [33mstroke-width[39m=[32m"2"[39m
                      [36m/>[39m
                    [36m</svg>[39m
                  [36m</div>[39m
                [36m</div>[39m
              [36m</div>[39m
              [36m<div[39m
                [33mclass[39m=[32m"bg-white rounded-xl shadow-sm border border-gray-100 p-6 hover:shadow-md transition-shadow duration-200"[39m
              [36m>[39m
                [36m<div[39m
                  [33mclass[39m=[32m"flex items-center justify-between"[39m
                [36m>[39m
                  [36m<div>[39m
                    [36m<p[39m
                      [33mclass[39m=[32m"text-sm font-medium text-gray-600 mb-1"[39m
                    [36m>[39m
                      [0mCompany IRR[0m
                    [36m</p>[39m
                    [36m<p[39m
                      [33mclass[39m=[32m"text-2xl font-bold text-gray-900"[39m
                    [36m>[39m
                      [0m0.0%[0m
                    [36m</p>[39m
                  [36m</div>[39m
                  [36m<div[39m
                    [33mclass[39m=[32m"p-3 rounded-lg bg-green-50 text-green-600 border-green-100"[39m
                  [36m>[39m
                    [36m<svg[39m
                      [33mclass[39m=[32m"w-6 h-6"[39m
                      [33mfill[39m=[32m"none"[39m
                      [33mstroke[39m=[32m"currentColor"[39m
                      [33mviewBox[39m=[32m"0 0 24 24"[39m
                    [36m>[39m
                      [36m<path[39m
                        [33md[39m=[32m"M13 7h8m0 0v8m0-8l-8 8-4-4-6 6"[39m
                        [33mstroke-linecap[39m=[32m"round"[39m
                        [33mstroke-linejoin[39m=[32m"round"[39m
                        [33mstroke-width[39m=[32m"2"[39m
                      [36m/>[39m
                    [36m</svg>[39m
                  [36m</div>[39m
                [36m</div>[39m
              [36m</div>[39m
              [36m<div[39m
                [33mclass[39m=[32m"bg-white rounded-xl shadow-sm border border-gray-100 p-6 hover:shadow-md transition-shadow duration-200"[39m
              [36m>[39m
                [36m<div[39m
                  [33mclass[39m=[32m"flex items-center justify-between"[39m
                [36m>[39m
                  [36m<div>[39m
                    [36m<p[39m
                      [33mclass[39m=[32m"text-sm font-medium text-gray-600 mb-1"[39m
                    [36m>[39m
                      [0mTotal Clients[0m
                    [36m</p>[39m
                    [36m<p[39m
                      [33mclass[39m=[32m"text-2xl font-bold text-gray-900"[39m
                    [36m>[39m
                      [0m0[0m
                    [36m</p>[39m
                  [36m</div>[39m
                  [36m<div[39m
                    [33mclass[39m=[32m"p-3 rounded-lg bg-purple-50 text-purple-600 border-purple-100"[39m
                  [36m>[39m
                    [36m<svg[39m
                      [33mclass[39m=[32m"w-6 h-6"[39m
                      [33mfill[39m=[32m"none"[39m
                      [33mstroke[39m=[32m"currentColor"[39m
                      [33mviewBox[39m=[32m"0 0 24 24"[39m
                    [36m>[39m
                      [36m<path[39m
                        [33md[39m=[32m"M12 4.354a4 4 0 110 5.292M15 21H3v-1a6 6 0 0112 0v1zm0 0h6v-1a6 6 0 00-9-5.197m13.5-9a2.5 2.5 0 11-5 0 2.5 2.5 0 015 0z"[39m
                        [33mstroke-linecap[39m=[32m"round"[39m
                        [33mstroke-linejoin[39m=[32m"round"[39m
                        [33mstroke-width[39m=[32m"2"[39m
                      [36m/>[39m
                    [36m</svg>[39m
                  [36m</div>[39m
                [36m</div>[39m
              [36m</div>[39m
              [36m<div[39m
                [33mclass[39m=[32m"bg-white rounded-xl shadow-sm border border-gray-100 p-6 hover:shadow-md transition-shadow duration-200"[39m
              [36m>[39m
                [36m<div[39m
                  [33mclass[39m=[32m"flex items-center justify-between"[39m
                [36m>[39m
                  [36m<div>[39m
                    [36m<p[39m
                      [33mclass[39m=[32m"text-sm font-medium text-gray-600 mb-1"[39m
                    [36m>[39m
                      [0mTotal Funds Managed[0m
                    [36m</p>[39m
                    [36m<p[39m
                      [33mclass[39m=[32m"text-2xl font-bold text-gray-900"[39m
                    [36m>[39m
                      [0m0[0m
                    [36m</p>[39m
                  [36m</div>[39m
                  [36m<div[39m
                    [33mclass[39m=[32m"p-3 rounded-lg bg-orange-50 text-orange-600 border-orange-100"[39m
                  [36m>[39m
                    [36m<svg[39m
                      [33mclass[39m=[32m"w-6 h-6"[39m
                      [33mfill[39m=[32m"none"[39m
                      [33mstroke[39m=[32m"currentColor"[39m
                      [33mviewBox[39m=[32m"0 0 24 24"[39m
                    [36m>[39m
                      [36m<path[39m
                        [33md[39m=[32m"M19 11H5m14 0a2 2 0 012 2v6a2 2 0 01-2 2H5a2 2 0 01-2-2v-6a2 2 0 012-2m14 0V9a2 2 0 00-2-2M5 11V9a2 2 0 012-2m0 0V5a2 2 0 012-2h6a2 2 0 012 2v2M7 7h10"[39m
                        [33mstroke-linecap[39m=[32m"round"[39m
                        [33mstroke-linejoin[39m=[32m"round"[39m
                        [33mstroke-width[39m=[32m"2"[39m
                      [36m/>[39m
                    [36m</svg>[39m
                  [36m</div>[39m
                [36m</div>[39m
              [36m</div>[39m
            [36m</div>[39m
            [36m<div[39m
              [33mclass[39m=[32m"grid grid-cols-1 lg:grid-cols-3 gap-6 mb-8"[39m
            [36m>[39m
              [36m<div[39m
                [33mclass[39m=[32m"bg-white rounded-xl shadow-sm border border-gray-100 p-6"[39m
              [36m>[39m
                [36m<h3[39m
                  [33mclass[39m=[32m"text-lg font-semibold text-gray-900 mb-4"[39m
                [36m>[39m
                  [0mFund Distribution[0m
                [36m</h3>[39m
                [36m<div[39m
                  [33mclass[39m=[32m"space-y-3"[39m
                [36m/>[39m
              [36m</div>[39m
              [36m<div[39m
                [33mclass[39m=[32m"bg-white rounded-xl shadow-sm border border-gray-100 p-6"[39m
              [36m>[39m
                [36m<h3[39m
                  [33mclass[39m=[32m"text-lg font-semibold text-gray-900 mb-4"[39m
                [36m>[39m
                  [0mProvider Distribution[0m
                [36m</h3>[39m
                [36m<div[39m
                  [33mclass[39m=[32m"space-y-3"[39m
                [36m/>[39m
              [36m</div>[39m
              [36m<div[39m
                [33mclass[39m=[32m"bg-white rounded-xl shadow-sm border border-gray-100 p-6"[39m
              [36m>[39m
                [36m<h3[39m
                  [33mclass[39m=[32m"text-lg font-semibold text-gray-900 mb-4"[39m
                [36m>[39m
                  [0mTemplate Distribution[0m
                [36m</h3>[39m
                [36m<div[39m
                  [33mclass[39m=[32m"space-y-3"[39m
                [36m/>[39m
              [36m</div>[39m
            [36m</div>[39m
            [36m<div[39m
              [33mclass[39m=[32m"grid grid-cols-1 lg:grid-cols-2 gap-6 mb-8"[39m
            [36m>[39m
              [36m<div[39m
                [33mclass[39m=[32m"bg-white rounded-xl shadow-sm border border-gray-100 p-6"[39m
              [36m>[39m
                [36m<h3[39m
                  [33mclass[39m=[32m"text-lg font-semibold text-gray-900 mb-4"[39m
                [36m>[39m
                  [0mTop Performers[0m
                [36m</h3>[39m
                [36m<div[39m
                  [33mclass[39m=[32m"text-center py-8 text-gray-500"[39m
                [36m>[39m
                  [36m<p>[39m
                    [0mPerformance data temporarily unavailable[0m
                  [36m</p>[39m
                  [36m<p[39m
                    [33mclass[39m=[32m"text-sm mt-2"[39m
                  [36m>[39m
                    [0mPlease try refreshing the page[0m
                  [36m</p>[39m
                [36m</div>[39m
              [36m</div>[39m
              [36m<div[39m
                [33mclass[39m=[32m"bg-white rounded-xl shadow-sm border border-gray-100 p-6"[39m
              [36m>[39m
                [36m<h3[39m
                  [33mclass[39m=[32m"text-lg font-semibold text-gray-900 mb-4"[39m
                [36m>[39m
                  [0mClient Risk Analysis[0m
                [36m</h3>[39m
                [36m<div[39m
                  [33mclass[39m=[32m"space-y-3"[39m
                [36m/>[39m
              [36m</div>[39m
            [36m</div>[39m
            [36m<div[39m
              [33mclass[39m=[32m"text-center text-sm text-gray-500 mt-8"[39m
            [36m>[39m
              [0mLast updated: [0m
              [0m03/12/2025, 15:21:23[0m
            [36m</div>[39m
          [36m</div>[39m
        [36m</div>[39m
      [36m</div>[39m
    [36m</body>[39m

    [0m [90m 175 |[39m     
     [90m 176 |[39m     [90m// Wait for the data to load[39m
    [31m[1m>[22m[39m[90m 177 |[39m     [36mawait[39m waitFor(() [33m=>[39m {
     [90m     |[39m                  [31m[1m^[22m[39m
     [90m 178 |[39m       expect(screen[33m.[39mgetByText([32m'John Smith'[39m))[33m.[39mtoBeInTheDocument()[33m;[39m
     [90m 179 |[39m     })[33m;[39m
     [90m 180 |[39m     [0m

      at waitForWrapper (node_modules/@testing-library/react/node_modules/@testing-library/dom/dist/wait-for.js:163:27)
      at Object.<anonymous> (src/tests/Reporting.test.tsx:177:18)

  ● Reporting Component › sorts performance data by different columns

    Unable to find an element with the text: John Smith. This could be because the text is broken up by multiple elements. In this case, you can provide a function for your text matcher to make your matcher more flexible.

    Ignored nodes: comments, script, style
    [36m<body>[39m
      [36m<div>[39m
        [36m<div[39m
          [33mclass[39m=[32m"min-h-screen bg-gray-50 p-6"[39m
        [36m>[39m
          [36m<div[39m
            [33mclass[39m=[32m"max-w-7xl mx-auto"[39m
          [36m>[39m
            [36m<div[39m
              [33mclass[39m=[32m"flex flex-col sm:flex-row sm:items-center sm:justify-between mb-8"[39m
            [36m>[39m
              [36m<div>[39m
                [36m<h1[39m
                  [33mclass[39m=[32m"text-3xl font-normal text-gray-900 font-sans tracking-wide"[39m
                [36m>[39m
                  [0mAnalytics Dashboard[0m
                [36m</h1>[39m
                [36m<p[39m
                  [33mclass[39m=[32m"text-gray-600"[39m
                [36m>[39m
                  [0mComprehensive insights into your portfolio performance and client metrics[0m
                [36m</p>[39m
              [36m</div>[39m
              [36m<div[39m
                [33mclass[39m=[32m"flex items-center space-x-4 mt-4 sm:mt-0"[39m
              [36m>[39m
                [36m<select[39m
                  [33mclass[39m=[32m"px-3 py-2 border border-gray-300 rounded-lg text-sm focus:outline-none focus:ring-2 focus:ring-blue-500"[39m
                [36m>[39m
                  [36m<option[39m
                    [33mvalue[39m=[32m"all"[39m
                  [36m>[39m
                    [0mAll Time[0m
                  [36m</option>[39m
                  [36m<option[39m
                    [33mvalue[39m=[32m"ytd"[39m
                  [36m>[39m
                    [0mYear to Date[0m
                  [36m</option>[39m
                  [36m<option[39m
                    [33mvalue[39m=[32m"12m"[39m
                  [36m>[39m
                    [0mLast 12 Months[0m
                  [36m</option>[39m
                  [36m<option[39m
                    [33mvalue[39m=[32m"3y"[39m
                  [36m>[39m
                    [0mLast 3 Years[0m
                  [36m</option>[39m
                [36m</select>[39m
                [36m<button[39m
                  [33mclass[39m=[32m"inline-flex items-center px-4 py-2 bg-blue-600 text-white rounded-lg hover:bg-blue-700 disabled:opacity-50 transition-colors"[39m
                [36m>[39m
                  [36m<svg[39m
                    [33mclass[39m=[32m"w-5 h-5"[39m
                    [33mfill[39m=[32m"none"[39m
                    [33mstroke[39m=[32m"currentColor"[39m
                    [33mviewBox[39m=[32m"0 0 24 24"[39m
                  [36m>[39m
                    [36m<path[39m
                      [33md[39m=[32m"M4 4v5h.582m15.356 2A8.001 8.001 0 004.582 9m0 0H9m11 11v-5h-.581m0 0a8.003 8.003 0 01-15.357-2m15.357 2H15"[39m
                      [33mstroke-linecap[39m=[32m"round"[39m
                      [33mstroke-linejoin[39m=[32m"round"[39m
                      [33mstroke-width[39m=[32m"2"[39m
                    [36m/>[39m
                  [36m</svg>[39m
                  [36m<span[39m
                    [33mclass[39m=[32m"ml-2"[39m
                  [36m>[39m
                    [0mRefresh[0m
                  [36m</span>[39m
                [36m</button>[39m
              [36m</div>[39m
            [36m</div>[39m
            [36m<div[39m
              [33mclass[39m=[32m"grid grid-cols-1 md:grid-cols-2 lg:grid-cols-4 gap-6 mb-8"[39m
            [36m>[39m
              [36m<div[39m
                [33mclass[39m=[32m"bg-white rounded-xl shadow-sm border border-gray-100 p-6 hover:shadow-md transition-shadow duration-200"[39m
              [36m>[39m
                [36m<div[39m
                  [33mclass[39m=[32m"flex items-center justify-between"[39m
                [36m>[39m
                  [36m<div>[39m
                    [36m<p[39m
                      [33mclass[39m=[32m"text-sm font-medium text-gray-600 mb-1"[39m
                    [36m>[39m
                      [0mTotal FUM[0m
                    [36m</p>[39m
                    [36m<p[39m
                      [33mclass[39m=[32m"text-2xl font-bold text-gray-900"[39m
                    [36m>[39m
                      [0m£0[0m
                    [36m</p>[39m
                  [36m</div>[39m
                  [36m<div[39m
                    [33mclass[39m=[32m"p-3 rounded-lg bg-blue-50 text-blue-600 border-blue-100"[39m
                  [36m>[39m
                    [36m<svg[39m
                      [33mclass[39m=[32m"w-6 h-6"[39m
                      [33mfill[39m=[32m"none"[39m
                      [33mstroke[39m=[32m"currentColor"[39m
                      [33mviewBox[39m=[32m"0 0 24 24"[39m
                    [36m>[39m
                      [36m<path[39m
                        [33md[39m=[32m"M12 8c-1.657 0-3 .895-3 2s1.343 2 3 2 3 .895 3 2-1.343 2-3 2m0-8c1.11 0 2.08.402 2.599 1M12 8V7m0 1v8m0 0v1m0-1c-1.11 0-2.08-.402-2.599-1"[39m
                        [33mstroke-linecap[39m=[32m"round"[39m
                        [33mstroke-linejoin[39m=[32m"round"[39m
                        [33mstroke-width[39m=[32m"2"[39m
                      [36m/>[39m
                    [36m</svg>[39m
                  [36m</div>[39m
                [36m</div>[39m
              [36m</div>[39m
              [36m<div[39m
                [33mclass[39m=[32m"bg-white rounded-xl shadow-sm border border-gray-100 p-6 hover:shadow-md transition-shadow duration-200"[39m
              [36m>[39m
                [36m<div[39m
                  [33mclass[39m=[32m"flex items-center justify-between"[39m
                [36m>[39m
                  [36m<div>[39m
                    [36m<p[39m
                      [33mclass[39m=[32m"text-sm font-medium text-gray-600 mb-1"[39m
                    [36m>[39m
                      [0mCompany IRR[0m
                    [36m</p>[39m
                    [36m<p[39m
                      [33mclass[39m=[32m"text-2xl font-bold text-gray-900"[39m
                    [36m>[39m
                      [0m0.0%[0m
                    [36m</p>[39m
                  [36m</div>[39m
                  [36m<div[39m
                    [33mclass[39m=[32m"p-3 rounded-lg bg-green-50 text-green-600 border-green-100"[39m
                  [36m>[39m
                    [36m<svg[39m
                      [33mclass[39m=[32m"w-6 h-6"[39m
                      [33mfill[39m=[32m"none"[39m
                      [33mstroke[39m=[32m"currentColor"[39m
                      [33mviewBox[39m=[32m"0 0 24 24"[39m
                    [36m>[39m
                      [36m<path[39m
                        [33md[39m=[32m"M13 7h8m0 0v8m0-8l-8 8-4-4-6 6"[39m
                        [33mstroke-linecap[39m=[32m"round"[39m
                        [33mstroke-linejoin[39m=[32m"round"[39m
                        [33mstroke-width[39m=[32m"2"[39m
                      [36m/>[39m
                    [36m</svg>[39m
                  [36m</div>[39m
                [36m</div>[39m
              [36m</div>[39m
              [36m<div[39m
                [33mclass[39m=[32m"bg-white rounded-xl shadow-sm border border-gray-100 p-6 hover:shadow-md transition-shadow duration-200"[39m
              [36m>[39m
                [36m<div[39m
                  [33mclass[39m=[32m"flex items-center justify-between"[39m
                [36m>[39m
                  [36m<div>[39m
                    [36m<p[39m
                      [33mclass[39m=[32m"text-sm font-medium text-gray-600 mb-1"[39m
                    [36m>[39m
                      [0mTotal Clients[0m
                    [36m</p>[39m
                    [36m<p[39m
                      [33mclass[39m=[32m"text-2xl font-bold text-gray-900"[39m
                    [36m>[39m
                      [0m0[0m
                    [36m</p>[39m
                  [36m</div>[39m
                  [36m<div[39m
                    [33mclass[39m=[32m"p-3 rounded-lg bg-purple-50 text-purple-600 border-purple-100"[39m
                  [36m>[39m
                    [36m<svg[39m
                      [33mclass[39m=[32m"w-6 h-6"[39m
                      [33mfill[39m=[32m"none"[39m
                      [33mstroke[39m=[32m"currentColor"[39m
                      [33mviewBox[39m=[32m"0 0 24 24"[39m
                    [36m>[39m
                      [36m<path[39m
                        [33md[39m=[32m"M12 4.354a4 4 0 110 5.292M15 21H3v-1a6 6 0 0112 0v1zm0 0h6v-1a6 6 0 00-9-5.197m13.5-9a2.5 2.5 0 11-5 0 2.5 2.5 0 015 0z"[39m
                        [33mstroke-linecap[39m=[32m"round"[39m
                        [33mstroke-linejoin[39m=[32m"round"[39m
                        [33mstroke-width[39m=[32m"2"[39m
                      [36m/>[39m
                    [36m</svg>[39m
                  [36m</div>[39m
                [36m</div>[39m
              [36m</div>[39m
              [36m<div[39m
                [33mclass[39m=[32m"bg-white rounded-xl shadow-sm border border-gray-100 p-6 hover:shadow-md transition-shadow duration-200"[39m
              [36m>[39m
                [36m<div[39m
                  [33mclass[39m=[32m"flex items-center justify-between"[39m
                [36m>[39m
                  [36m<div>[39m
                    [36m<p[39m
                      [33mclass[39m=[32m"text-sm font-medium text-gray-600 mb-1"[39m
                    [36m>[39m
                      [0mTotal Funds Managed[0m
                    [36m</p>[39m
                    [36m<p[39m
                      [33mclass[39m=[32m"text-2xl font-bold text-gray-900"[39m
                    [36m>[39m
                      [0m0[0m
                    [36m</p>[39m
                  [36m</div>[39m
                  [36m<div[39m
                    [33mclass[39m=[32m"p-3 rounded-lg bg-orange-50 text-orange-600 border-orange-100"[39m
                  [36m>[39m
                    [36m<svg[39m
                      [33mclass[39m=[32m"w-6 h-6"[39m
                      [33mfill[39m=[32m"none"[39m
                      [33mstroke[39m=[32m"currentColor"[39m
                      [33mviewBox[39m=[32m"0 0 24 24"[39m
                    [36m>[39m
                      [36m<path[39m
                        [33md[39m=[32m"M19 11H5m14 0a2 2 0 012 2v6a2 2 0 01-2 2H5a2 2 0 01-2-2v-6a2 2 0 012-2m14 0V9a2 2 0 00-2-2M5 11V9a2 2 0 012-2m0 0V5a2 2 0 012-2h6a2 2 0 012 2v2M7 7h10"[39m
                        [33mstroke-linecap[39m=[32m"round"[39m
                        [33mstroke-linejoin[39m=[32m"round"[39m
                        [33mstroke-width[39m=[32m"2"[39m
                      [36m/>[39m
                    [36m</svg>[39m
                  [36m</div>[39m
                [36m</div>[39m
              [36m</div>[39m
            [36m</div>[39m
            [36m<div[39m
              [33mclass[39m=[32m"grid grid-cols-1 lg:grid-cols-3 gap-6 mb-8"[39m
            [36m>[39m
              [36m<div[39m
                [33mclass[39m=[32m"bg-white rounded-xl shadow-sm border border-gray-100 p-6"[39m
              [36m>[39m
                [36m<h3[39m
                  [33mclass[39m=[32m"text-lg font-semibold text-gray-900 mb-4"[39m
                [36m>[39m
                  [0mFund Distribution[0m
                [36m</h3>[39m
                [36m<div[39m
                  [33mclass[39m=[32m"space-y-3"[39m
                [36m/>[39m
              [36m</div>[39m
              [36m<div[39m
                [33mclass[39m=[32m"bg-white rounded-xl shadow-sm border border-gray-100 p-6"[39m
              [36m>[39m
                [36m<h3[39m
                  [33mclass[39m=[32m"text-lg font-semibold text-gray-900 mb-4"[39m
                [36m>[39m
                  [0mProvider Distribution[0m
                [36m</h3>[39m
                [36m<div[39m
                  [33mclass[39m=[32m"space-y-3"[39m
                [36m/>[39m
              [36m</div>[39m
              [36m<div[39m
                [33mclass[39m=[32m"bg-white rounded-xl shadow-sm border border-gray-100 p-6"[39m
              [36m>[39m
                [36m<h3[39m
                  [33mclass[39m=[32m"text-lg font-semibold text-gray-900 mb-4"[39m
                [36m>[39m
                  [0mTemplate Distribution[0m
                [36m</h3>[39m
                [36m<div[39m
                  [33mclass[39m=[32m"space-y-3"[39m
                [36m/>[39m
              [36m</div>[39m
            [36m</div>[39m
            [36m<div[39m
              [33mclass[39m=[32m"grid grid-cols-1 lg:grid-cols-2 gap-6 mb-8"[39m
            [36m>[39m
              [36m<div[39m
                [33mclass[39m=[32m"bg-white rounded-xl shadow-sm border border-gray-100 p-6"[39m
              [36m>[39m
                [36m<h3[39m
                  [33mclass[39m=[32m"text-lg font-semibold text-gray-900 mb-4"[39m
                [36m>[39m
                  [0mTop Performers[0m
                [36m</h3>[39m
                [36m<div[39m
                  [33mclass[39m=[32m"text-center py-8 text-gray-500"[39m
                [36m>[39m
                  [36m<p>[39m
                    [0mPerformance data temporarily unavailable[0m
                  [36m</p>[39m
                  [36m<p[39m
                    [33mclass[39m=[32m"text-sm mt-2"[39m
                  [36m>[39m
                    [0mPlease try refreshing the page[0m
                  [36m</p>[39m
                [36m</div>[39m
              [36m</div>[39m
              [36m<div[39m
                [33mclass[39m=[32m"bg-white rounded-xl shadow-sm border border-gray-100 p-6"[39m
              [36m>[39m
                [36m<h3[39m
                  [33mclass[39m=[32m"text-lg font-semibold text-gray-900 mb-4"[39m
                [36m>[39m
                  [0mClient Risk Analysis[0m
                [36m</h3>[39m
                [36m<div[39m
                  [33mclass[39m=[32m"space-y-3"[39m
                [36m/>[39m
              [36m</div>[39m
            [36m</div>[39m
            [36m<div[39m
              [33mclass[39m=[32m"text-center text-sm text-gray-500 mt-8"[39m
            [36m>[39m
              [0mLast updated: [0m
              [0m03/12/2025, 15:21:24[0m
            [36m</div>[39m
          [36m</div>[39m
        [36m</div>[39m
      [36m</div>[39m
    [36m</body>[39m

    [0m [90m 202 |[39m     
     [90m 203 |[39m     [90m// Wait for the data to load[39m
    [31m[1m>[22m[39m[90m 204 |[39m     [36mawait[39m waitFor(() [33m=>[39m {
     [90m     |[39m                  [31m[1m^[22m[39m
     [90m 205 |[39m       expect(screen[33m.[39mgetByText([32m'John Smith'[39m))[33m.[39mtoBeInTheDocument()[33m;[39m
     [90m 206 |[39m     })[33m;[39m
     [90m 207 |[39m     [0m

      at waitForWrapper (node_modules/@testing-library/react/node_modules/@testing-library/dom/dist/wait-for.js:163:27)
      at Object.<anonymous> (src/tests/Reporting.test.tsx:204:18)

PASS src/tests/services/report/IRRCalculationService.test.ts
FAIL src/tests/Providers.test.tsx
  ● Test suite failed to run

    Cannot find module '../pages/Providers' from 'src/tests/Providers.test.tsx'

    [0m [90m 1 |[39m [36mimport[39m [33mReact[39m [36mfrom[39m [32m'react'[39m[33m;[39m
     [90m 2 |[39m [36mimport[39m { render[33m,[39m screen[33m,[39m fireEvent[33m,[39m waitFor } [36mfrom[39m [32m'@testing-library/react'[39m[33m;[39m
    [31m[1m>[22m[39m[90m 3 |[39m [36mimport[39m [33mProviders[39m [36mfrom[39m [32m'../pages/Providers'[39m[33m;[39m
     [90m   |[39m [31m[1m^[22m[39m
     [90m 4 |[39m
     [90m 5 |[39m [90m// Mock components and hooks[39m
     [90m 6 |[39m jest[33m.[39mmock([32m'react-router-dom'[39m[33m,[39m () [33m=>[39m ({[0m

      at Resolver._throwModNotFoundError (node_modules/jest-runtime/node_modules/jest-resolve/build/resolver.js:427:11)
      at Object.<anonymous> (src/tests/Providers.test.tsx:3:1)

FAIL src/tests/Clients.test.tsx (18.464 s)
  ● Console

    console.error
      Error: Uncaught [TypeError: (0 , react_router_dom_1.useLocation) is not a function]
          at reportException (C:\Users\jacob\Documents\kingstons_portal\frontend\node_modules\jsdom\lib\jsdom\living\helpers\runtime-script-errors.js:66:24)
          at innerInvokeEventListeners (C:\Users\jacob\Documents\kingstons_portal\frontend\node_modules\jsdom\lib\jsdom\living\events\EventTarget-impl.js:353:9)
          at invokeEventListeners (C:\Users\jacob\Documents\kingstons_portal\frontend\node_modules\jsdom\lib\jsdom\living\events\EventTarget-impl.js:286:3)
          at HTMLUnknownElementImpl._dispatch (C:\Users\jacob\Documents\kingstons_portal\frontend\node_modules\jsdom\lib\jsdom\living\events\EventTarget-impl.js:233:9)
          at HTMLUnknownElementImpl.dispatchEvent (C:\Users\jacob\Documents\kingstons_portal\frontend\node_modules\jsdom\lib\jsdom\living\events\EventTarget-impl.js:104:17)
          at HTMLUnknownElement.dispatchEvent (C:\Users\jacob\Documents\kingstons_portal\frontend\node_modules\jsdom\lib\jsdom\living\generated\EventTarget.js:241:34)
          at Object.invokeGuardedCallbackDev (C:\Users\jacob\Documents\kingstons_portal\frontend\node_modules\react-dom\cjs\react-dom.development.js:4213:16)
          at invokeGuardedCallback (C:\Users\jacob\Documents\kingstons_portal\frontend\node_modules\react-dom\cjs\react-dom.development.js:4277:31)
          at beginWork$1 (C:\Users\jacob\Documents\kingstons_portal\frontend\node_modules\react-dom\cjs\react-dom.development.js:27490:7)
          at performUnitOfWork (C:\Users\jacob\Documents\kingstons_portal\frontend\node_modules\react-dom\cjs\react-dom.development.js:26599:12)
          at workLoopSync (C:\Users\jacob\Documents\kingstons_portal\frontend\node_modules\react-dom\cjs\react-dom.development.js:26505:5)
          at renderRootSync (C:\Users\jacob\Documents\kingstons_portal\frontend\node_modules\react-dom\cjs\react-dom.development.js:26473:7)
          at performConcurrentWorkOnRoot (C:\Users\jacob\Documents\kingstons_portal\frontend\node_modules\react-dom\cjs\react-dom.development.js:25777:74)
          at flushActQueue (C:\Users\jacob\Documents\kingstons_portal\frontend\node_modules\react\cjs\react.development.js:2667:24)
          at act (C:\Users\jacob\Documents\kingstons_portal\frontend\node_modules\react\cjs\react.development.js:2582:11)
          at C:\Users\jacob\Documents\kingstons_portal\frontend\node_modules\@testing-library\react\dist\act-compat.js:47:25
          at renderRoot (C:\Users\jacob\Documents\kingstons_portal\frontend\node_modules\@testing-library\react\dist\pure.js:180:26)
          at render (C:\Users\jacob\Documents\kingstons_portal\frontend\node_modules\@testing-library\react\dist\pure.js:271:10)
          at Object.<anonymous> (C:\Users\jacob\Documents\kingstons_portal\frontend\src\tests\Clients.test.tsx:53:11)
          at Promise.then.completed (C:\Users\jacob\Documents\kingstons_portal\frontend\node_modules\jest-circus\build\utils.js:298:28)
          at new Promise (<anonymous>)
          at callAsyncCircusFn (C:\Users\jacob\Documents\kingstons_portal\frontend\node_modules\jest-circus\build\utils.js:231:10)
          at _callCircusTest (C:\Users\jacob\Documents\kingstons_portal\frontend\node_modules\jest-circus\build\run.js:316:40)
          at processTicksAndRejections (node:internal/process/task_queues:105:5)
          at _runTest (C:\Users\jacob\Documents\kingstons_portal\frontend\node_modules\jest-circus\build\run.js:252:3)
          at _runTestsForDescribeBlock (C:\Users\jacob\Documents\kingstons_portal\frontend\node_modules\jest-circus\build\run.js:126:9)
          at _runTestsForDescribeBlock (C:\Users\jacob\Documents\kingstons_portal\frontend\node_modules\jest-circus\build\run.js:121:9)
          at run (C:\Users\jacob\Documents\kingstons_portal\frontend\node_modules\jest-circus\build\run.js:71:3)
          at runAndTransformResultsToJestFormat (C:\Users\jacob\Documents\kingstons_portal\frontend\node_modules\jest-circus\build\legacy-code-todo-rewrite\jestAdapterInit.js:122:21)
          at jestAdapter (C:\Users\jacob\Documents\kingstons_portal\frontend\node_modules\jest-circus\build\legacy-code-todo-rewrite\jestAdapter.js:79:19)
          at runTestInternal (C:\Users\jacob\Documents\kingstons_portal\frontend\node_modules\jest-runner\build\runTest.js:367:16)
          at runTest (C:\Users\jacob\Documents\kingstons_portal\frontend\node_modules\jest-runner\build\runTest.js:444:34)
          at Object.worker (C:\Users\jacob\Documents\kingstons_portal\frontend\node_modules\jest-runner\build\testWorker.js:106:12) {
        detail: TypeError: (0 , react_router_dom_1.useLocation) is not a function
            at Clients (C:\Users\jacob\Documents\kingstons_portal\frontend\src\pages\Clients.tsx:29:31)
            at renderWithHooks (C:\Users\jacob\Documents\kingstons_portal\frontend\node_modules\react-dom\cjs\react-dom.development.js:15486:18)
            at mountIndeterminateComponent (C:\Users\jacob\Documents\kingstons_portal\frontend\node_modules\react-dom\cjs\react-dom.development.js:20103:13)
            at beginWork (C:\Users\jacob\Documents\kingstons_portal\frontend\node_modules\react-dom\cjs\react-dom.development.js:21626:16)
            at HTMLUnknownElement.callCallback (C:\Users\jacob\Documents\kingstons_portal\frontend\node_modules\react-dom\cjs\react-dom.development.js:4164:14)
            at HTMLUnknownElement.callTheUserObjectsOperation (C:\Users\jacob\Documents\kingstons_portal\frontend\node_modules\jsdom\lib\jsdom\living\generated\EventListener.js:26:30)
            at innerInvokeEventListeners (C:\Users\jacob\Documents\kingstons_portal\frontend\node_modules\jsdom\lib\jsdom\living\events\EventTarget-impl.js:350:25)
            at invokeEventListeners (C:\Users\jacob\Documents\kingstons_portal\frontend\node_modules\jsdom\lib\jsdom\living\events\EventTarget-impl.js:286:3)
            at HTMLUnknownElementImpl._dispatch (C:\Users\jacob\Documents\kingstons_portal\frontend\node_modules\jsdom\lib\jsdom\living\events\EventTarget-impl.js:233:9)
            at HTMLUnknownElementImpl.dispatchEvent (C:\Users\jacob\Documents\kingstons_portal\frontend\node_modules\jsdom\lib\jsdom\living\events\EventTarget-impl.js:104:17)
            at HTMLUnknownElement.dispatchEvent (C:\Users\jacob\Documents\kingstons_portal\frontend\node_modules\jsdom\lib\jsdom\living\generated\EventTarget.js:241:34)
            at Object.invokeGuardedCallbackDev (C:\Users\jacob\Documents\kingstons_portal\frontend\node_modules\react-dom\cjs\react-dom.development.js:4213:16)
            at invokeGuardedCallback (C:\Users\jacob\Documents\kingstons_portal\frontend\node_modules\react-dom\cjs\react-dom.development.js:4277:31)
            at beginWork$1 (C:\Users\jacob\Documents\kingstons_portal\frontend\node_modules\react-dom\cjs\react-dom.development.js:27490:7)
            at performUnitOfWork (C:\Users\jacob\Documents\kingstons_portal\frontend\node_modules\react-dom\cjs\react-dom.development.js:26599:12)
            at workLoopSync (C:\Users\jacob\Documents\kingstons_portal\frontend\node_modules\react-dom\cjs\react-dom.development.js:26505:5)
            at renderRootSync (C:\Users\jacob\Documents\kingstons_portal\frontend\node_modules\react-dom\cjs\react-dom.development.js:26473:7)
            at performConcurrentWorkOnRoot (C:\Users\jacob\Documents\kingstons_portal\frontend\node_modules\react-dom\cjs\react-dom.development.js:25777:74)
            at flushActQueue (C:\Users\jacob\Documents\kingstons_portal\frontend\node_modules\react\cjs\react.development.js:2667:24)
            at act (C:\Users\jacob\Documents\kingstons_portal\frontend\node_modules\react\cjs\react.development.js:2582:11)
            at C:\Users\jacob\Documents\kingstons_portal\frontend\node_modules\@testing-library\react\dist\act-compat.js:47:25
            at renderRoot (C:\Users\jacob\Documents\kingstons_portal\frontend\node_modules\@testing-library\react\dist\pure.js:180:26)
            at render (C:\Users\jacob\Documents\kingstons_portal\frontend\node_modules\@testing-library\react\dist\pure.js:271:10)
            at Object.<anonymous> (C:\Users\jacob\Documents\kingstons_portal\frontend\src\tests\Clients.test.tsx:53:11)
            at Promise.then.completed (C:\Users\jacob\Documents\kingstons_portal\frontend\node_modules\jest-circus\build\utils.js:298:28)
            at new Promise (<anonymous>)
            at callAsyncCircusFn (C:\Users\jacob\Documents\kingstons_portal\frontend\node_modules\jest-circus\build\utils.js:231:10)
            at _callCircusTest (C:\Users\jacob\Documents\kingstons_portal\frontend\node_modules\jest-circus\build\run.js:316:40)
            at processTicksAndRejections (node:internal/process/task_queues:105:5)
            at _runTest (C:\Users\jacob\Documents\kingstons_portal\frontend\node_modules\jest-circus\build\run.js:252:3)
            at _runTestsForDescribeBlock (C:\Users\jacob\Documents\kingstons_portal\frontend\node_modules\jest-circus\build\run.js:126:9)
            at _runTestsForDescribeBlock (C:\Users\jacob\Documents\kingstons_portal\frontend\node_modules\jest-circus\build\run.js:121:9)
            at run (C:\Users\jacob\Documents\kingstons_portal\frontend\node_modules\jest-circus\build\run.js:71:3)
            at runAndTransformResultsToJestFormat (C:\Users\jacob\Documents\kingstons_portal\frontend\node_modules\jest-circus\build\legacy-code-todo-rewrite\jestAdapterInit.js:122:21)
            at jestAdapter (C:\Users\jacob\Documents\kingstons_portal\frontend\node_modules\jest-circus\build\legacy-code-todo-rewrite\jestAdapter.js:79:19)
            at runTestInternal (C:\Users\jacob\Documents\kingstons_portal\frontend\node_modules\jest-runner\build\runTest.js:367:16)
            at runTest (C:\Users\jacob\Documents\kingstons_portal\frontend\node_modules\jest-runner\build\runTest.js:444:34)
            at Object.worker (C:\Users\jacob\Documents\kingstons_portal\frontend\node_modules\jest-runner\build\testWorker.js:106:12),
        type: 'unhandled exception'
      }

    [0m [90m 51 |[39m describe([32m'Clients Component'[39m[33m,[39m () [33m=>[39m {
     [90m 52 |[39m   test([32m'renders the clients list'[39m[33m,[39m [36masync[39m () [33m=>[39m {
    [31m[1m>[22m[39m[90m 53 |[39m     render([33m<[39m[33mClients[39m [33m/[39m[33m>[39m)[33m;[39m
     [90m    |[39m           [31m[1m^[22m[39m
     [90m 54 |[39m     
     [90m 55 |[39m     [90m// Wait for the clients to load[39m
     [90m 56 |[39m     [36mawait[39m waitFor(() [33m=>[39m {[0m

      at VirtualConsole.<anonymous> (node_modules/jest-environment-jsdom/build/index.js:63:23)
      at reportException (node_modules/jsdom/lib/jsdom/living/helpers/runtime-script-errors.js:70:28)
      at innerInvokeEventListeners (node_modules/jsdom/lib/jsdom/living/events/EventTarget-impl.js:353:9)
      at invokeEventListeners (node_modules/jsdom/lib/jsdom/living/events/EventTarget-impl.js:286:3)
      at HTMLUnknownElementImpl._dispatch (node_modules/jsdom/lib/jsdom/living/events/EventTarget-impl.js:233:9)
      at HTMLUnknownElementImpl.dispatchEvent (node_modules/jsdom/lib/jsdom/living/events/EventTarget-impl.js:104:17)
      at HTMLUnknownElement.dispatchEvent (node_modules/jsdom/lib/jsdom/living/generated/EventTarget.js:241:34)
      at Object.invokeGuardedCallbackDev (node_modules/react-dom/cjs/react-dom.development.js:4213:16)
      at invokeGuardedCallback (node_modules/react-dom/cjs/react-dom.development.js:4277:31)
      at beginWork$1 (node_modules/react-dom/cjs/react-dom.development.js:27490:7)
      at performUnitOfWork (node_modules/react-dom/cjs/react-dom.development.js:26599:12)
      at workLoopSync (node_modules/react-dom/cjs/react-dom.development.js:26505:5)
      at renderRootSync (node_modules/react-dom/cjs/react-dom.development.js:26473:7)
      at performConcurrentWorkOnRoot (node_modules/react-dom/cjs/react-dom.development.js:25777:74)
      at flushActQueue (node_modules/react/cjs/react.development.js:2667:24)
      at act (node_modules/react/cjs/react.development.js:2582:11)
      at node_modules/@testing-library/react/dist/act-compat.js:47:25
      at renderRoot (node_modules/@testing-library/react/dist/pure.js:180:26)
      at render (node_modules/@testing-library/react/dist/pure.js:271:10)
      at Object.<anonymous> (src/tests/Clients.test.tsx:53:11)

    console.error
      Error: Uncaught [TypeError: (0 , react_router_dom_1.useLocation) is not a function]
          at reportException (C:\Users\jacob\Documents\kingstons_portal\frontend\node_modules\jsdom\lib\jsdom\living\helpers\runtime-script-errors.js:66:24)
          at innerInvokeEventListeners (C:\Users\jacob\Documents\kingstons_portal\frontend\node_modules\jsdom\lib\jsdom\living\events\EventTarget-impl.js:353:9)
          at invokeEventListeners (C:\Users\jacob\Documents\kingstons_portal\frontend\node_modules\jsdom\lib\jsdom\living\events\EventTarget-impl.js:286:3)
          at HTMLUnknownElementImpl._dispatch (C:\Users\jacob\Documents\kingstons_portal\frontend\node_modules\jsdom\lib\jsdom\living\events\EventTarget-impl.js:233:9)
          at HTMLUnknownElementImpl.dispatchEvent (C:\Users\jacob\Documents\kingstons_portal\frontend\node_modules\jsdom\lib\jsdom\living\events\EventTarget-impl.js:104:17)
          at HTMLUnknownElement.dispatchEvent (C:\Users\jacob\Documents\kingstons_portal\frontend\node_modules\jsdom\lib\jsdom\living\generated\EventTarget.js:241:34)
          at Object.invokeGuardedCallbackDev (C:\Users\jacob\Documents\kingstons_portal\frontend\node_modules\react-dom\cjs\react-dom.development.js:4213:16)
          at invokeGuardedCallback (C:\Users\jacob\Documents\kingstons_portal\frontend\node_modules\react-dom\cjs\react-dom.development.js:4277:31)
          at beginWork$1 (C:\Users\jacob\Documents\kingstons_portal\frontend\node_modules\react-dom\cjs\react-dom.development.js:27490:7)
          at performUnitOfWork (C:\Users\jacob\Documents\kingstons_portal\frontend\node_modules\react-dom\cjs\react-dom.development.js:26599:12)
          at workLoopSync (C:\Users\jacob\Documents\kingstons_portal\frontend\node_modules\react-dom\cjs\react-dom.development.js:26505:5)
          at renderRootSync (C:\Users\jacob\Documents\kingstons_portal\frontend\node_modules\react-dom\cjs\react-dom.development.js:26473:7)
          at recoverFromConcurrentError (C:\Users\jacob\Documents\kingstons_portal\frontend\node_modules\react-dom\cjs\react-dom.development.js:25889:20)
          at performConcurrentWorkOnRoot (C:\Users\jacob\Documents\kingstons_portal\frontend\node_modules\react-dom\cjs\react-dom.development.js:25789:22)
          at flushActQueue (C:\Users\jacob\Documents\kingstons_portal\frontend\node_modules\react\cjs\react.development.js:2667:24)
          at act (C:\Users\jacob\Documents\kingstons_portal\frontend\node_modules\react\cjs\react.development.js:2582:11)
          at C:\Users\jacob\Documents\kingstons_portal\frontend\node_modules\@testing-library\react\dist\act-compat.js:47:25
          at renderRoot (C:\Users\jacob\Documents\kingstons_portal\frontend\node_modules\@testing-library\react\dist\pure.js:180:26)
          at render (C:\Users\jacob\Documents\kingstons_portal\frontend\node_modules\@testing-library\react\dist\pure.js:271:10)
          at Object.<anonymous> (C:\Users\jacob\Documents\kingstons_portal\frontend\src\tests\Clients.test.tsx:53:11)
          at Promise.then.completed (C:\Users\jacob\Documents\kingstons_portal\frontend\node_modules\jest-circus\build\utils.js:298:28)
          at new Promise (<anonymous>)
          at callAsyncCircusFn (C:\Users\jacob\Documents\kingstons_portal\frontend\node_modules\jest-circus\build\utils.js:231:10)
          at _callCircusTest (C:\Users\jacob\Documents\kingstons_portal\frontend\node_modules\jest-circus\build\run.js:316:40)
          at processTicksAndRejections (node:internal/process/task_queues:105:5)
          at _runTest (C:\Users\jacob\Documents\kingstons_portal\frontend\node_modules\jest-circus\build\run.js:252:3)
          at _runTestsForDescribeBlock (C:\Users\jacob\Documents\kingstons_portal\frontend\node_modules\jest-circus\build\run.js:126:9)
          at _runTestsForDescribeBlock (C:\Users\jacob\Documents\kingstons_portal\frontend\node_modules\jest-circus\build\run.js:121:9)
          at run (C:\Users\jacob\Documents\kingstons_portal\frontend\node_modules\jest-circus\build\run.js:71:3)
          at runAndTransformResultsToJestFormat (C:\Users\jacob\Documents\kingstons_portal\frontend\node_modules\jest-circus\build\legacy-code-todo-rewrite\jestAdapterInit.js:122:21)
          at jestAdapter (C:\Users\jacob\Documents\kingstons_portal\frontend\node_modules\jest-circus\build\legacy-code-todo-rewrite\jestAdapter.js:79:19)
          at runTestInternal (C:\Users\jacob\Documents\kingstons_portal\frontend\node_modules\jest-runner\build\runTest.js:367:16)
          at runTest (C:\Users\jacob\Documents\kingstons_portal\frontend\node_modules\jest-runner\build\runTest.js:444:34)
          at Object.worker (C:\Users\jacob\Documents\kingstons_portal\frontend\node_modules\jest-runner\build\testWorker.js:106:12) {
        detail: TypeError: (0 , react_router_dom_1.useLocation) is not a function
            at Clients (C:\Users\jacob\Documents\kingstons_portal\frontend\src\pages\Clients.tsx:29:31)
            at renderWithHooks (C:\Users\jacob\Documents\kingstons_portal\frontend\node_modules\react-dom\cjs\react-dom.development.js:15486:18)
            at mountIndeterminateComponent (C:\Users\jacob\Documents\kingstons_portal\frontend\node_modules\react-dom\cjs\react-dom.development.js:20103:13)
            at beginWork (C:\Users\jacob\Documents\kingstons_portal\frontend\node_modules\react-dom\cjs\react-dom.development.js:21626:16)
            at HTMLUnknownElement.callCallback (C:\Users\jacob\Documents\kingstons_portal\frontend\node_modules\react-dom\cjs\react-dom.development.js:4164:14)
            at HTMLUnknownElement.callTheUserObjectsOperation (C:\Users\jacob\Documents\kingstons_portal\frontend\node_modules\jsdom\lib\jsdom\living\generated\EventListener.js:26:30)
            at innerInvokeEventListeners (C:\Users\jacob\Documents\kingstons_portal\frontend\node_modules\jsdom\lib\jsdom\living\events\EventTarget-impl.js:350:25)
            at invokeEventListeners (C:\Users\jacob\Documents\kingstons_portal\frontend\node_modules\jsdom\lib\jsdom\living\events\EventTarget-impl.js:286:3)
            at HTMLUnknownElementImpl._dispatch (C:\Users\jacob\Documents\kingstons_portal\frontend\node_modules\jsdom\lib\jsdom\living\events\EventTarget-impl.js:233:9)
            at HTMLUnknownElementImpl.dispatchEvent (C:\Users\jacob\Documents\kingstons_portal\frontend\node_modules\jsdom\lib\jsdom\living\events\EventTarget-impl.js:104:17)
            at HTMLUnknownElement.dispatchEvent (C:\Users\jacob\Documents\kingstons_portal\frontend\node_modules\jsdom\lib\jsdom\living\generated\EventTarget.js:241:34)
            at Object.invokeGuardedCallbackDev (C:\Users\jacob\Documents\kingstons_portal\frontend\node_modules\react-dom\cjs\react-dom.development.js:4213:16)
            at invokeGuardedCallback (C:\Users\jacob\Documents\kingstons_portal\frontend\node_modules\react-dom\cjs\react-dom.development.js:4277:31)
            at beginWork$1 (C:\Users\jacob\Documents\kingstons_portal\frontend\node_modules\react-dom\cjs\react-dom.development.js:27490:7)
            at performUnitOfWork (C:\Users\jacob\Documents\kingstons_portal\frontend\node_modules\react-dom\cjs\react-dom.development.js:26599:12)
            at workLoopSync (C:\Users\jacob\Documents\kingstons_portal\frontend\node_modules\react-dom\cjs\react-dom.development.js:26505:5)
            at renderRootSync (C:\Users\jacob\Documents\kingstons_portal\frontend\node_modules\react-dom\cjs\react-dom.development.js:26473:7)
            at recoverFromConcurrentError (C:\Users\jacob\Documents\kingstons_portal\frontend\node_modules\react-dom\cjs\react-dom.development.js:25889:20)
            at performConcurrentWorkOnRoot (C:\Users\jacob\Documents\kingstons_portal\frontend\node_modules\react-dom\cjs\react-dom.development.js:25789:22)
            at flushActQueue (C:\Users\jacob\Documents\kingstons_portal\frontend\node_modules\react\cjs\react.development.js:2667:24)
            at act (C:\Users\jacob\Documents\kingstons_portal\frontend\node_modules\react\cjs\react.development.js:2582:11)
            at C:\Users\jacob\Documents\kingstons_portal\frontend\node_modules\@testing-library\react\dist\act-compat.js:47:25
            at renderRoot (C:\Users\jacob\Documents\kingstons_portal\frontend\node_modules\@testing-library\react\dist\pure.js:180:26)
            at render (C:\Users\jacob\Documents\kingstons_portal\frontend\node_modules\@testing-library\react\dist\pure.js:271:10)
            at Object.<anonymous> (C:\Users\jacob\Documents\kingstons_portal\frontend\src\tests\Clients.test.tsx:53:11)
            at Promise.then.completed (C:\Users\jacob\Documents\kingstons_portal\frontend\node_modules\jest-circus\build\utils.js:298:28)
            at new Promise (<anonymous>)
            at callAsyncCircusFn (C:\Users\jacob\Documents\kingstons_portal\frontend\node_modules\jest-circus\build\utils.js:231:10)
            at _callCircusTest (C:\Users\jacob\Documents\kingstons_portal\frontend\node_modules\jest-circus\build\run.js:316:40)
            at processTicksAndRejections (node:internal/process/task_queues:105:5)
            at _runTest (C:\Users\jacob\Documents\kingstons_portal\frontend\node_modules\jest-circus\build\run.js:252:3)
            at _runTestsForDescribeBlock (C:\Users\jacob\Documents\kingstons_portal\frontend\node_modules\jest-circus\build\run.js:126:9)
            at _runTestsForDescribeBlock (C:\Users\jacob\Documents\kingstons_portal\frontend\node_modules\jest-circus\build\run.js:121:9)
            at run (C:\Users\jacob\Documents\kingstons_portal\frontend\node_modules\jest-circus\build\run.js:71:3)
            at runAndTransformResultsToJestFormat (C:\Users\jacob\Documents\kingstons_portal\frontend\node_modules\jest-circus\build\legacy-code-todo-rewrite\jestAdapterInit.js:122:21)
            at jestAdapter (C:\Users\jacob\Documents\kingstons_portal\frontend\node_modules\jest-circus\build\legacy-code-todo-rewrite\jestAdapter.js:79:19)
            at runTestInternal (C:\Users\jacob\Documents\kingstons_portal\frontend\node_modules\jest-runner\build\runTest.js:367:16)
            at runTest (C:\Users\jacob\Documents\kingstons_portal\frontend\node_modules\jest-runner\build\runTest.js:444:34)
            at Object.worker (C:\Users\jacob\Documents\kingstons_portal\frontend\node_modules\jest-runner\build\testWorker.js:106:12),
        type: 'unhandled exception'
      }

    [0m [90m 51 |[39m describe([32m'Clients Component'[39m[33m,[39m () [33m=>[39m {
     [90m 52 |[39m   test([32m'renders the clients list'[39m[33m,[39m [36masync[39m () [33m=>[39m {
    [31m[1m>[22m[39m[90m 53 |[39m     render([33m<[39m[33mClients[39m [33m/[39m[33m>[39m)[33m;[39m
     [90m    |[39m           [31m[1m^[22m[39m
     [90m 54 |[39m     
     [90m 55 |[39m     [90m// Wait for the clients to load[39m
     [90m 56 |[39m     [36mawait[39m waitFor(() [33m=>[39m {[0m

      at VirtualConsole.<anonymous> (node_modules/jest-environment-jsdom/build/index.js:63:23)
      at reportException (node_modules/jsdom/lib/jsdom/living/helpers/runtime-script-errors.js:70:28)
      at innerInvokeEventListeners (node_modules/jsdom/lib/jsdom/living/events/EventTarget-impl.js:353:9)
      at invokeEventListeners (node_modules/jsdom/lib/jsdom/living/events/EventTarget-impl.js:286:3)
      at HTMLUnknownElementImpl._dispatch (node_modules/jsdom/lib/jsdom/living/events/EventTarget-impl.js:233:9)
      at HTMLUnknownElementImpl.dispatchEvent (node_modules/jsdom/lib/jsdom/living/events/EventTarget-impl.js:104:17)
      at HTMLUnknownElement.dispatchEvent (node_modules/jsdom/lib/jsdom/living/generated/EventTarget.js:241:34)
      at Object.invokeGuardedCallbackDev (node_modules/react-dom/cjs/react-dom.development.js:4213:16)
      at invokeGuardedCallback (node_modules/react-dom/cjs/react-dom.development.js:4277:31)
      at beginWork$1 (node_modules/react-dom/cjs/react-dom.development.js:27490:7)
      at performUnitOfWork (node_modules/react-dom/cjs/react-dom.development.js:26599:12)
      at workLoopSync (node_modules/react-dom/cjs/react-dom.development.js:26505:5)
      at renderRootSync (node_modules/react-dom/cjs/react-dom.development.js:26473:7)
      at recoverFromConcurrentError (node_modules/react-dom/cjs/react-dom.development.js:25889:20)
      at performConcurrentWorkOnRoot (node_modules/react-dom/cjs/react-dom.development.js:25789:22)
      at flushActQueue (node_modules/react/cjs/react.development.js:2667:24)
      at act (node_modules/react/cjs/react.development.js:2582:11)
      at node_modules/@testing-library/react/dist/act-compat.js:47:25
      at renderRoot (node_modules/@testing-library/react/dist/pure.js:180:26)
      at render (node_modules/@testing-library/react/dist/pure.js:271:10)
      at Object.<anonymous> (src/tests/Clients.test.tsx:53:11)

    console.error
      The above error occurred in the <Clients> component:
      
          at Clients (C:\Users\jacob\Documents\kingstons_portal\frontend\src\pages\Clients.tsx:29:31)
      
      Consider adding an error boundary to your tree to customize error handling behavior.
      Visit https://reactjs.org/link/error-boundaries to learn more about error boundaries.

    [0m [90m 51 |[39m describe([32m'Clients Component'[39m[33m,[39m () [33m=>[39m {
     [90m 52 |[39m   test([32m'renders the clients list'[39m[33m,[39m [36masync[39m () [33m=>[39m {
    [31m[1m>[22m[39m[90m 53 |[39m     render([33m<[39m[33mClients[39m [33m/[39m[33m>[39m)[33m;[39m
     [90m    |[39m           [31m[1m^[22m[39m
     [90m 54 |[39m     
     [90m 55 |[39m     [90m// Wait for the clients to load[39m
     [90m 56 |[39m     [36mawait[39m waitFor(() [33m=>[39m {[0m

      at logCapturedError (node_modules/react-dom/cjs/react-dom.development.js:18704:23)
      at update.callback (node_modules/react-dom/cjs/react-dom.development.js:18737:5)
      at callCallback (node_modules/react-dom/cjs/react-dom.development.js:15036:12)
      at commitUpdateQueue (node_modules/react-dom/cjs/react-dom.development.js:15057:9)
      at commitLayoutEffectOnFiber (node_modules/react-dom/cjs/react-dom.development.js:23430:13)
      at commitLayoutMountEffects_complete (node_modules/react-dom/cjs/react-dom.development.js:24727:9)
      at commitLayoutEffects_begin (node_modules/react-dom/cjs/react-dom.development.js:24713:7)
      at commitLayoutEffects (node_modules/react-dom/cjs/react-dom.development.js:24651:3)
      at commitRootImpl (node_modules/react-dom/cjs/react-dom.development.js:26862:5)
      at commitRoot (node_modules/react-dom/cjs/react-dom.development.js:26721:5)
      at finishConcurrentRender (node_modules/react-dom/cjs/react-dom.development.js:25931:9)
      at performConcurrentWorkOnRoot (node_modules/react-dom/cjs/react-dom.development.js:25848:7)
      at flushActQueue (node_modules/react/cjs/react.development.js:2667:24)
      at act (node_modules/react/cjs/react.development.js:2582:11)
      at node_modules/@testing-library/react/dist/act-compat.js:47:25
      at renderRoot (node_modules/@testing-library/react/dist/pure.js:180:26)
      at render (node_modules/@testing-library/react/dist/pure.js:271:10)
      at Object.<anonymous> (src/tests/Clients.test.tsx:53:11)

    console.error
      Error: Uncaught [TypeError: (0 , react_router_dom_1.useLocation) is not a function]
          at reportException (C:\Users\jacob\Documents\kingstons_portal\frontend\node_modules\jsdom\lib\jsdom\living\helpers\runtime-script-errors.js:66:24)
          at innerInvokeEventListeners (C:\Users\jacob\Documents\kingstons_portal\frontend\node_modules\jsdom\lib\jsdom\living\events\EventTarget-impl.js:353:9)
          at invokeEventListeners (C:\Users\jacob\Documents\kingstons_portal\frontend\node_modules\jsdom\lib\jsdom\living\events\EventTarget-impl.js:286:3)
          at HTMLUnknownElementImpl._dispatch (C:\Users\jacob\Documents\kingstons_portal\frontend\node_modules\jsdom\lib\jsdom\living\events\EventTarget-impl.js:233:9)
          at HTMLUnknownElementImpl.dispatchEvent (C:\Users\jacob\Documents\kingstons_portal\frontend\node_modules\jsdom\lib\jsdom\living\events\EventTarget-impl.js:104:17)
          at HTMLUnknownElement.dispatchEvent (C:\Users\jacob\Documents\kingstons_portal\frontend\node_modules\jsdom\lib\jsdom\living\generated\EventTarget.js:241:34)
          at Object.invokeGuardedCallbackDev (C:\Users\jacob\Documents\kingstons_portal\frontend\node_modules\react-dom\cjs\react-dom.development.js:4213:16)
          at invokeGuardedCallback (C:\Users\jacob\Documents\kingstons_portal\frontend\node_modules\react-dom\cjs\react-dom.development.js:4277:31)
          at beginWork$1 (C:\Users\jacob\Documents\kingstons_portal\frontend\node_modules\react-dom\cjs\react-dom.development.js:27490:7)
          at performUnitOfWork (C:\Users\jacob\Documents\kingstons_portal\frontend\node_modules\react-dom\cjs\react-dom.development.js:26599:12)
          at workLoopSync (C:\Users\jacob\Documents\kingstons_portal\frontend\node_modules\react-dom\cjs\react-dom.development.js:26505:5)
          at renderRootSync (C:\Users\jacob\Documents\kingstons_portal\frontend\node_modules\react-dom\cjs\react-dom.development.js:26473:7)
          at performConcurrentWorkOnRoot (C:\Users\jacob\Documents\kingstons_portal\frontend\node_modules\react-dom\cjs\react-dom.development.js:25777:74)
          at flushActQueue (C:\Users\jacob\Documents\kingstons_portal\frontend\node_modules\react\cjs\react.development.js:2667:24)
          at act (C:\Users\jacob\Documents\kingstons_portal\frontend\node_modules\react\cjs\react.development.js:2582:11)
          at C:\Users\jacob\Documents\kingstons_portal\frontend\node_modules\@testing-library\react\dist\act-compat.js:47:25
          at renderRoot (C:\Users\jacob\Documents\kingstons_portal\frontend\node_modules\@testing-library\react\dist\pure.js:180:26)
          at render (C:\Users\jacob\Documents\kingstons_portal\frontend\node_modules\@testing-library\react\dist\pure.js:271:10)
          at Object.<anonymous> (C:\Users\jacob\Documents\kingstons_portal\frontend\src\tests\Clients.test.tsx:69:11)
          at Promise.then.completed (C:\Users\jacob\Documents\kingstons_portal\frontend\node_modules\jest-circus\build\utils.js:298:28)
          at new Promise (<anonymous>)
          at callAsyncCircusFn (C:\Users\jacob\Documents\kingstons_portal\frontend\node_modules\jest-circus\build\utils.js:231:10)
          at _callCircusTest (C:\Users\jacob\Documents\kingstons_portal\frontend\node_modules\jest-circus\build\run.js:316:40)
          at processTicksAndRejections (node:internal/process/task_queues:105:5)
          at _runTest (C:\Users\jacob\Documents\kingstons_portal\frontend\node_modules\jest-circus\build\run.js:252:3)
          at _runTestsForDescribeBlock (C:\Users\jacob\Documents\kingstons_portal\frontend\node_modules\jest-circus\build\run.js:126:9)
          at _runTestsForDescribeBlock (C:\Users\jacob\Documents\kingstons_portal\frontend\node_modules\jest-circus\build\run.js:121:9)
          at run (C:\Users\jacob\Documents\kingstons_portal\frontend\node_modules\jest-circus\build\run.js:71:3)
          at runAndTransformResultsToJestFormat (C:\Users\jacob\Documents\kingstons_portal\frontend\node_modules\jest-circus\build\legacy-code-todo-rewrite\jestAdapterInit.js:122:21)
          at jestAdapter (C:\Users\jacob\Documents\kingstons_portal\frontend\node_modules\jest-circus\build\legacy-code-todo-rewrite\jestAdapter.js:79:19)
          at runTestInternal (C:\Users\jacob\Documents\kingstons_portal\frontend\node_modules\jest-runner\build\runTest.js:367:16)
          at runTest (C:\Users\jacob\Documents\kingstons_portal\frontend\node_modules\jest-runner\build\runTest.js:444:34)
          at Object.worker (C:\Users\jacob\Documents\kingstons_portal\frontend\node_modules\jest-runner\build\testWorker.js:106:12) {
        detail: TypeError: (0 , react_router_dom_1.useLocation) is not a function
            at Clients (C:\Users\jacob\Documents\kingstons_portal\frontend\src\pages\Clients.tsx:29:31)
            at renderWithHooks (C:\Users\jacob\Documents\kingstons_portal\frontend\node_modules\react-dom\cjs\react-dom.development.js:15486:18)
            at mountIndeterminateComponent (C:\Users\jacob\Documents\kingstons_portal\frontend\node_modules\react-dom\cjs\react-dom.development.js:20103:13)
            at beginWork (C:\Users\jacob\Documents\kingstons_portal\frontend\node_modules\react-dom\cjs\react-dom.development.js:21626:16)
            at HTMLUnknownElement.callCallback (C:\Users\jacob\Documents\kingstons_portal\frontend\node_modules\react-dom\cjs\react-dom.development.js:4164:14)
            at HTMLUnknownElement.callTheUserObjectsOperation (C:\Users\jacob\Documents\kingstons_portal\frontend\node_modules\jsdom\lib\jsdom\living\generated\EventListener.js:26:30)
            at innerInvokeEventListeners (C:\Users\jacob\Documents\kingstons_portal\frontend\node_modules\jsdom\lib\jsdom\living\events\EventTarget-impl.js:350:25)
            at invokeEventListeners (C:\Users\jacob\Documents\kingstons_portal\frontend\node_modules\jsdom\lib\jsdom\living\events\EventTarget-impl.js:286:3)
            at HTMLUnknownElementImpl._dispatch (C:\Users\jacob\Documents\kingstons_portal\frontend\node_modules\jsdom\lib\jsdom\living\events\EventTarget-impl.js:233:9)
            at HTMLUnknownElementImpl.dispatchEvent (C:\Users\jacob\Documents\kingstons_portal\frontend\node_modules\jsdom\lib\jsdom\living\events\EventTarget-impl.js:104:17)
            at HTMLUnknownElement.dispatchEvent (C:\Users\jacob\Documents\kingstons_portal\frontend\node_modules\jsdom\lib\jsdom\living\generated\EventTarget.js:241:34)
            at Object.invokeGuardedCallbackDev (C:\Users\jacob\Documents\kingstons_portal\frontend\node_modules\react-dom\cjs\react-dom.development.js:4213:16)
            at invokeGuardedCallback (C:\Users\jacob\Documents\kingstons_portal\frontend\node_modules\react-dom\cjs\react-dom.development.js:4277:31)
            at beginWork$1 (C:\Users\jacob\Documents\kingstons_portal\frontend\node_modules\react-dom\cjs\react-dom.development.js:27490:7)
            at performUnitOfWork (C:\Users\jacob\Documents\kingstons_portal\frontend\node_modules\react-dom\cjs\react-dom.development.js:26599:12)
            at workLoopSync (C:\Users\jacob\Documents\kingstons_portal\frontend\node_modules\react-dom\cjs\react-dom.development.js:26505:5)
            at renderRootSync (C:\Users\jacob\Documents\kingstons_portal\frontend\node_modules\react-dom\cjs\react-dom.development.js:26473:7)
            at performConcurrentWorkOnRoot (C:\Users\jacob\Documents\kingstons_portal\frontend\node_modules\react-dom\cjs\react-dom.development.js:25777:74)
            at flushActQueue (C:\Users\jacob\Documents\kingstons_portal\frontend\node_modules\react\cjs\react.development.js:2667:24)
            at act (C:\Users\jacob\Documents\kingstons_portal\frontend\node_modules\react\cjs\react.development.js:2582:11)
            at C:\Users\jacob\Documents\kingstons_portal\frontend\node_modules\@testing-library\react\dist\act-compat.js:47:25
            at renderRoot (C:\Users\jacob\Documents\kingstons_portal\frontend\node_modules\@testing-library\react\dist\pure.js:180:26)
            at render (C:\Users\jacob\Documents\kingstons_portal\frontend\node_modules\@testing-library\react\dist\pure.js:271:10)
            at Object.<anonymous> (C:\Users\jacob\Documents\kingstons_portal\frontend\src\tests\Clients.test.tsx:69:11)
            at Promise.then.completed (C:\Users\jacob\Documents\kingstons_portal\frontend\node_modules\jest-circus\build\utils.js:298:28)
            at new Promise (<anonymous>)
            at callAsyncCircusFn (C:\Users\jacob\Documents\kingstons_portal\frontend\node_modules\jest-circus\build\utils.js:231:10)
            at _callCircusTest (C:\Users\jacob\Documents\kingstons_portal\frontend\node_modules\jest-circus\build\run.js:316:40)
            at processTicksAndRejections (node:internal/process/task_queues:105:5)
            at _runTest (C:\Users\jacob\Documents\kingstons_portal\frontend\node_modules\jest-circus\build\run.js:252:3)
            at _runTestsForDescribeBlock (C:\Users\jacob\Documents\kingstons_portal\frontend\node_modules\jest-circus\build\run.js:126:9)
            at _runTestsForDescribeBlock (C:\Users\jacob\Documents\kingstons_portal\frontend\node_modules\jest-circus\build\run.js:121:9)
            at run (C:\Users\jacob\Documents\kingstons_portal\frontend\node_modules\jest-circus\build\run.js:71:3)
            at runAndTransformResultsToJestFormat (C:\Users\jacob\Documents\kingstons_portal\frontend\node_modules\jest-circus\build\legacy-code-todo-rewrite\jestAdapterInit.js:122:21)
            at jestAdapter (C:\Users\jacob\Documents\kingstons_portal\frontend\node_modules\jest-circus\build\legacy-code-todo-rewrite\jestAdapter.js:79:19)
            at runTestInternal (C:\Users\jacob\Documents\kingstons_portal\frontend\node_modules\jest-runner\build\runTest.js:367:16)
            at runTest (C:\Users\jacob\Documents\kingstons_portal\frontend\node_modules\jest-runner\build\runTest.js:444:34)
            at Object.worker (C:\Users\jacob\Documents\kingstons_portal\frontend\node_modules\jest-runner\build\testWorker.js:106:12),
        type: 'unhandled exception'
      }

    [0m [90m 67 |[39m
     [90m 68 |[39m   test([32m'filters clients based on search query'[39m[33m,[39m [36masync[39m () [33m=>[39m {
    [31m[1m>[22m[39m[90m 69 |[39m     render([33m<[39m[33mClients[39m [33m/[39m[33m>[39m)[33m;[39m
     [90m    |[39m           [31m[1m^[22m[39m
     [90m 70 |[39m     
     [90m 71 |[39m     [90m// Wait for the clients to load[39m
     [90m 72 |[39m     [36mawait[39m waitFor(() [33m=>[39m {[0m

      at VirtualConsole.<anonymous> (node_modules/jest-environment-jsdom/build/index.js:63:23)
      at reportException (node_modules/jsdom/lib/jsdom/living/helpers/runtime-script-errors.js:70:28)
      at innerInvokeEventListeners (node_modules/jsdom/lib/jsdom/living/events/EventTarget-impl.js:353:9)
      at invokeEventListeners (node_modules/jsdom/lib/jsdom/living/events/EventTarget-impl.js:286:3)
      at HTMLUnknownElementImpl._dispatch (node_modules/jsdom/lib/jsdom/living/events/EventTarget-impl.js:233:9)
      at HTMLUnknownElementImpl.dispatchEvent (node_modules/jsdom/lib/jsdom/living/events/EventTarget-impl.js:104:17)
      at HTMLUnknownElement.dispatchEvent (node_modules/jsdom/lib/jsdom/living/generated/EventTarget.js:241:34)
      at Object.invokeGuardedCallbackDev (node_modules/react-dom/cjs/react-dom.development.js:4213:16)
      at invokeGuardedCallback (node_modules/react-dom/cjs/react-dom.development.js:4277:31)
      at beginWork$1 (node_modules/react-dom/cjs/react-dom.development.js:27490:7)
      at performUnitOfWork (node_modules/react-dom/cjs/react-dom.development.js:26599:12)
      at workLoopSync (node_modules/react-dom/cjs/react-dom.development.js:26505:5)
      at renderRootSync (node_modules/react-dom/cjs/react-dom.development.js:26473:7)
      at performConcurrentWorkOnRoot (node_modules/react-dom/cjs/react-dom.development.js:25777:74)
      at flushActQueue (node_modules/react/cjs/react.development.js:2667:24)
      at act (node_modules/react/cjs/react.development.js:2582:11)
      at node_modules/@testing-library/react/dist/act-compat.js:47:25
      at renderRoot (node_modules/@testing-library/react/dist/pure.js:180:26)
      at render (node_modules/@testing-library/react/dist/pure.js:271:10)
      at Object.<anonymous> (src/tests/Clients.test.tsx:69:11)

    console.error
      Error: Uncaught [TypeError: (0 , react_router_dom_1.useLocation) is not a function]
          at reportException (C:\Users\jacob\Documents\kingstons_portal\frontend\node_modules\jsdom\lib\jsdom\living\helpers\runtime-script-errors.js:66:24)
          at innerInvokeEventListeners (C:\Users\jacob\Documents\kingstons_portal\frontend\node_modules\jsdom\lib\jsdom\living\events\EventTarget-impl.js:353:9)
          at invokeEventListeners (C:\Users\jacob\Documents\kingstons_portal\frontend\node_modules\jsdom\lib\jsdom\living\events\EventTarget-impl.js:286:3)
          at HTMLUnknownElementImpl._dispatch (C:\Users\jacob\Documents\kingstons_portal\frontend\node_modules\jsdom\lib\jsdom\living\events\EventTarget-impl.js:233:9)
          at HTMLUnknownElementImpl.dispatchEvent (C:\Users\jacob\Documents\kingstons_portal\frontend\node_modules\jsdom\lib\jsdom\living\events\EventTarget-impl.js:104:17)
          at HTMLUnknownElement.dispatchEvent (C:\Users\jacob\Documents\kingstons_portal\frontend\node_modules\jsdom\lib\jsdom\living\generated\EventTarget.js:241:34)
          at Object.invokeGuardedCallbackDev (C:\Users\jacob\Documents\kingstons_portal\frontend\node_modules\react-dom\cjs\react-dom.development.js:4213:16)
          at invokeGuardedCallback (C:\Users\jacob\Documents\kingstons_portal\frontend\node_modules\react-dom\cjs\react-dom.development.js:4277:31)
          at beginWork$1 (C:\Users\jacob\Documents\kingstons_portal\frontend\node_modules\react-dom\cjs\react-dom.development.js:27490:7)
          at performUnitOfWork (C:\Users\jacob\Documents\kingstons_portal\frontend\node_modules\react-dom\cjs\react-dom.development.js:26599:12)
          at workLoopSync (C:\Users\jacob\Documents\kingstons_portal\frontend\node_modules\react-dom\cjs\react-dom.development.js:26505:5)
          at renderRootSync (C:\Users\jacob\Documents\kingstons_portal\frontend\node_modules\react-dom\cjs\react-dom.development.js:26473:7)
          at recoverFromConcurrentError (C:\Users\jacob\Documents\kingstons_portal\frontend\node_modules\react-dom\cjs\react-dom.development.js:25889:20)
          at performConcurrentWorkOnRoot (C:\Users\jacob\Documents\kingstons_portal\frontend\node_modules\react-dom\cjs\react-dom.development.js:25789:22)
          at flushActQueue (C:\Users\jacob\Documents\kingstons_portal\frontend\node_modules\react\cjs\react.development.js:2667:24)
          at act (C:\Users\jacob\Documents\kingstons_portal\frontend\node_modules\react\cjs\react.development.js:2582:11)
          at C:\Users\jacob\Documents\kingstons_portal\frontend\node_modules\@testing-library\react\dist\act-compat.js:47:25
          at renderRoot (C:\Users\jacob\Documents\kingstons_portal\frontend\node_modules\@testing-library\react\dist\pure.js:180:26)
          at render (C:\Users\jacob\Documents\kingstons_portal\frontend\node_modules\@testing-library\react\dist\pure.js:271:10)
          at Object.<anonymous> (C:\Users\jacob\Documents\kingstons_portal\frontend\src\tests\Clients.test.tsx:69:11)
          at Promise.then.completed (C:\Users\jacob\Documents\kingstons_portal\frontend\node_modules\jest-circus\build\utils.js:298:28)
          at new Promise (<anonymous>)
          at callAsyncCircusFn (C:\Users\jacob\Documents\kingstons_portal\frontend\node_modules\jest-circus\build\utils.js:231:10)
          at _callCircusTest (C:\Users\jacob\Documents\kingstons_portal\frontend\node_modules\jest-circus\build\run.js:316:40)
          at processTicksAndRejections (node:internal/process/task_queues:105:5)
          at _runTest (C:\Users\jacob\Documents\kingstons_portal\frontend\node_modules\jest-circus\build\run.js:252:3)
          at _runTestsForDescribeBlock (C:\Users\jacob\Documents\kingstons_portal\frontend\node_modules\jest-circus\build\run.js:126:9)
          at _runTestsForDescribeBlock (C:\Users\jacob\Documents\kingstons_portal\frontend\node_modules\jest-circus\build\run.js:121:9)
          at run (C:\Users\jacob\Documents\kingstons_portal\frontend\node_modules\jest-circus\build\run.js:71:3)
          at runAndTransformResultsToJestFormat (C:\Users\jacob\Documents\kingstons_portal\frontend\node_modules\jest-circus\build\legacy-code-todo-rewrite\jestAdapterInit.js:122:21)
          at jestAdapter (C:\Users\jacob\Documents\kingstons_portal\frontend\node_modules\jest-circus\build\legacy-code-todo-rewrite\jestAdapter.js:79:19)
          at runTestInternal (C:\Users\jacob\Documents\kingstons_portal\frontend\node_modules\jest-runner\build\runTest.js:367:16)
          at runTest (C:\Users\jacob\Documents\kingstons_portal\frontend\node_modules\jest-runner\build\runTest.js:444:34)
          at Object.worker (C:\Users\jacob\Documents\kingstons_portal\frontend\node_modules\jest-runner\build\testWorker.js:106:12) {
        detail: TypeError: (0 , react_router_dom_1.useLocation) is not a function
            at Clients (C:\Users\jacob\Documents\kingstons_portal\frontend\src\pages\Clients.tsx:29:31)
            at renderWithHooks (C:\Users\jacob\Documents\kingstons_portal\frontend\node_modules\react-dom\cjs\react-dom.development.js:15486:18)
            at mountIndeterminateComponent (C:\Users\jacob\Documents\kingstons_portal\frontend\node_modules\react-dom\cjs\react-dom.development.js:20103:13)
            at beginWork (C:\Users\jacob\Documents\kingstons_portal\frontend\node_modules\react-dom\cjs\react-dom.development.js:21626:16)
            at HTMLUnknownElement.callCallback (C:\Users\jacob\Documents\kingstons_portal\frontend\node_modules\react-dom\cjs\react-dom.development.js:4164:14)
            at HTMLUnknownElement.callTheUserObjectsOperation (C:\Users\jacob\Documents\kingstons_portal\frontend\node_modules\jsdom\lib\jsdom\living\generated\EventListener.js:26:30)
            at innerInvokeEventListeners (C:\Users\jacob\Documents\kingstons_portal\frontend\node_modules\jsdom\lib\jsdom\living\events\EventTarget-impl.js:350:25)
            at invokeEventListeners (C:\Users\jacob\Documents\kingstons_portal\frontend\node_modules\jsdom\lib\jsdom\living\events\EventTarget-impl.js:286:3)
            at HTMLUnknownElementImpl._dispatch (C:\Users\jacob\Documents\kingstons_portal\frontend\node_modules\jsdom\lib\jsdom\living\events\EventTarget-impl.js:233:9)
            at HTMLUnknownElementImpl.dispatchEvent (C:\Users\jacob\Documents\kingstons_portal\frontend\node_modules\jsdom\lib\jsdom\living\events\EventTarget-impl.js:104:17)
            at HTMLUnknownElement.dispatchEvent (C:\Users\jacob\Documents\kingstons_portal\frontend\node_modules\jsdom\lib\jsdom\living\generated\EventTarget.js:241:34)
            at Object.invokeGuardedCallbackDev (C:\Users\jacob\Documents\kingstons_portal\frontend\node_modules\react-dom\cjs\react-dom.development.js:4213:16)
            at invokeGuardedCallback (C:\Users\jacob\Documents\kingstons_portal\frontend\node_modules\react-dom\cjs\react-dom.development.js:4277:31)
            at beginWork$1 (C:\Users\jacob\Documents\kingstons_portal\frontend\node_modules\react-dom\cjs\react-dom.development.js:27490:7)
            at performUnitOfWork (C:\Users\jacob\Documents\kingstons_portal\frontend\node_modules\react-dom\cjs\react-dom.development.js:26599:12)
            at workLoopSync (C:\Users\jacob\Documents\kingstons_portal\frontend\node_modules\react-dom\cjs\react-dom.development.js:26505:5)
            at renderRootSync (C:\Users\jacob\Documents\kingstons_portal\frontend\node_modules\react-dom\cjs\react-dom.development.js:26473:7)
            at recoverFromConcurrentError (C:\Users\jacob\Documents\kingstons_portal\frontend\node_modules\react-dom\cjs\react-dom.development.js:25889:20)
            at performConcurrentWorkOnRoot (C:\Users\jacob\Documents\kingstons_portal\frontend\node_modules\react-dom\cjs\react-dom.development.js:25789:22)
            at flushActQueue (C:\Users\jacob\Documents\kingstons_portal\frontend\node_modules\react\cjs\react.development.js:2667:24)
            at act (C:\Users\jacob\Documents\kingstons_portal\frontend\node_modules\react\cjs\react.development.js:2582:11)
            at C:\Users\jacob\Documents\kingstons_portal\frontend\node_modules\@testing-library\react\dist\act-compat.js:47:25
            at renderRoot (C:\Users\jacob\Documents\kingstons_portal\frontend\node_modules\@testing-library\react\dist\pure.js:180:26)
            at render (C:\Users\jacob\Documents\kingstons_portal\frontend\node_modules\@testing-library\react\dist\pure.js:271:10)
            at Object.<anonymous> (C:\Users\jacob\Documents\kingstons_portal\frontend\src\tests\Clients.test.tsx:69:11)
            at Promise.then.completed (C:\Users\jacob\Documents\kingstons_portal\frontend\node_modules\jest-circus\build\utils.js:298:28)
            at new Promise (<anonymous>)
            at callAsyncCircusFn (C:\Users\jacob\Documents\kingstons_portal\frontend\node_modules\jest-circus\build\utils.js:231:10)
            at _callCircusTest (C:\Users\jacob\Documents\kingstons_portal\frontend\node_modules\jest-circus\build\run.js:316:40)
            at processTicksAndRejections (node:internal/process/task_queues:105:5)
            at _runTest (C:\Users\jacob\Documents\kingstons_portal\frontend\node_modules\jest-circus\build\run.js:252:3)
            at _runTestsForDescribeBlock (C:\Users\jacob\Documents\kingstons_portal\frontend\node_modules\jest-circus\build\run.js:126:9)
            at _runTestsForDescribeBlock (C:\Users\jacob\Documents\kingstons_portal\frontend\node_modules\jest-circus\build\run.js:121:9)
            at run (C:\Users\jacob\Documents\kingstons_portal\frontend\node_modules\jest-circus\build\run.js:71:3)
            at runAndTransformResultsToJestFormat (C:\Users\jacob\Documents\kingstons_portal\frontend\node_modules\jest-circus\build\legacy-code-todo-rewrite\jestAdapterInit.js:122:21)
            at jestAdapter (C:\Users\jacob\Documents\kingstons_portal\frontend\node_modules\jest-circus\build\legacy-code-todo-rewrite\jestAdapter.js:79:19)
            at runTestInternal (C:\Users\jacob\Documents\kingstons_portal\frontend\node_modules\jest-runner\build\runTest.js:367:16)
            at runTest (C:\Users\jacob\Documents\kingstons_portal\frontend\node_modules\jest-runner\build\runTest.js:444:34)
            at Object.worker (C:\Users\jacob\Documents\kingstons_portal\frontend\node_modules\jest-runner\build\testWorker.js:106:12),
        type: 'unhandled exception'
      }

    [0m [90m 67 |[39m
     [90m 68 |[39m   test([32m'filters clients based on search query'[39m[33m,[39m [36masync[39m () [33m=>[39m {
    [31m[1m>[22m[39m[90m 69 |[39m     render([33m<[39m[33mClients[39m [33m/[39m[33m>[39m)[33m;[39m
     [90m    |[39m           [31m[1m^[22m[39m
     [90m 70 |[39m     
     [90m 71 |[39m     [90m// Wait for the clients to load[39m
     [90m 72 |[39m     [36mawait[39m waitFor(() [33m=>[39m {[0m

      at VirtualConsole.<anonymous> (node_modules/jest-environment-jsdom/build/index.js:63:23)
      at reportException (node_modules/jsdom/lib/jsdom/living/helpers/runtime-script-errors.js:70:28)
      at innerInvokeEventListeners (node_modules/jsdom/lib/jsdom/living/events/EventTarget-impl.js:353:9)
      at invokeEventListeners (node_modules/jsdom/lib/jsdom/living/events/EventTarget-impl.js:286:3)
      at HTMLUnknownElementImpl._dispatch (node_modules/jsdom/lib/jsdom/living/events/EventTarget-impl.js:233:9)
      at HTMLUnknownElementImpl.dispatchEvent (node_modules/jsdom/lib/jsdom/living/events/EventTarget-impl.js:104:17)
      at HTMLUnknownElement.dispatchEvent (node_modules/jsdom/lib/jsdom/living/generated/EventTarget.js:241:34)
      at Object.invokeGuardedCallbackDev (node_modules/react-dom/cjs/react-dom.development.js:4213:16)
      at invokeGuardedCallback (node_modules/react-dom/cjs/react-dom.development.js:4277:31)
      at beginWork$1 (node_modules/react-dom/cjs/react-dom.development.js:27490:7)
      at performUnitOfWork (node_modules/react-dom/cjs/react-dom.development.js:26599:12)
      at workLoopSync (node_modules/react-dom/cjs/react-dom.development.js:26505:5)
      at renderRootSync (node_modules/react-dom/cjs/react-dom.development.js:26473:7)
      at recoverFromConcurrentError (node_modules/react-dom/cjs/react-dom.development.js:25889:20)
      at performConcurrentWorkOnRoot (node_modules/react-dom/cjs/react-dom.development.js:25789:22)
      at flushActQueue (node_modules/react/cjs/react.development.js:2667:24)
      at act (node_modules/react/cjs/react.development.js:2582:11)
      at node_modules/@testing-library/react/dist/act-compat.js:47:25
      at renderRoot (node_modules/@testing-library/react/dist/pure.js:180:26)
      at render (node_modules/@testing-library/react/dist/pure.js:271:10)
      at Object.<anonymous> (src/tests/Clients.test.tsx:69:11)

    console.error
      The above error occurred in the <Clients> component:
      
          at Clients (C:\Users\jacob\Documents\kingstons_portal\frontend\src\pages\Clients.tsx:29:31)
      
      Consider adding an error boundary to your tree to customize error handling behavior.
      Visit https://reactjs.org/link/error-boundaries to learn more about error boundaries.

    [0m [90m 67 |[39m
     [90m 68 |[39m   test([32m'filters clients based on search query'[39m[33m,[39m [36masync[39m () [33m=>[39m {
    [31m[1m>[22m[39m[90m 69 |[39m     render([33m<[39m[33mClients[39m [33m/[39m[33m>[39m)[33m;[39m
     [90m    |[39m           [31m[1m^[22m[39m
     [90m 70 |[39m     
     [90m 71 |[39m     [90m// Wait for the clients to load[39m
     [90m 72 |[39m     [36mawait[39m waitFor(() [33m=>[39m {[0m

      at logCapturedError (node_modules/react-dom/cjs/react-dom.development.js:18704:23)
      at update.callback (node_modules/react-dom/cjs/react-dom.development.js:18737:5)
      at callCallback (node_modules/react-dom/cjs/react-dom.development.js:15036:12)
      at commitUpdateQueue (node_modules/react-dom/cjs/react-dom.development.js:15057:9)
      at commitLayoutEffectOnFiber (node_modules/react-dom/cjs/react-dom.development.js:23430:13)
      at commitLayoutMountEffects_complete (node_modules/react-dom/cjs/react-dom.development.js:24727:9)
      at commitLayoutEffects_begin (node_modules/react-dom/cjs/react-dom.development.js:24713:7)
      at commitLayoutEffects (node_modules/react-dom/cjs/react-dom.development.js:24651:3)
      at commitRootImpl (node_modules/react-dom/cjs/react-dom.development.js:26862:5)
      at commitRoot (node_modules/react-dom/cjs/react-dom.development.js:26721:5)
      at finishConcurrentRender (node_modules/react-dom/cjs/react-dom.development.js:25931:9)
      at performConcurrentWorkOnRoot (node_modules/react-dom/cjs/react-dom.development.js:25848:7)
      at flushActQueue (node_modules/react/cjs/react.development.js:2667:24)
      at act (node_modules/react/cjs/react.development.js:2582:11)
      at node_modules/@testing-library/react/dist/act-compat.js:47:25
      at renderRoot (node_modules/@testing-library/react/dist/pure.js:180:26)
      at render (node_modules/@testing-library/react/dist/pure.js:271:10)
      at Object.<anonymous> (src/tests/Clients.test.tsx:69:11)

    console.error
      Error: Uncaught [TypeError: (0 , react_router_dom_1.useLocation) is not a function]
          at reportException (C:\Users\jacob\Documents\kingstons_portal\frontend\node_modules\jsdom\lib\jsdom\living\helpers\runtime-script-errors.js:66:24)
          at innerInvokeEventListeners (C:\Users\jacob\Documents\kingstons_portal\frontend\node_modules\jsdom\lib\jsdom\living\events\EventTarget-impl.js:353:9)
          at invokeEventListeners (C:\Users\jacob\Documents\kingstons_portal\frontend\node_modules\jsdom\lib\jsdom\living\events\EventTarget-impl.js:286:3)
          at HTMLUnknownElementImpl._dispatch (C:\Users\jacob\Documents\kingstons_portal\frontend\node_modules\jsdom\lib\jsdom\living\events\EventTarget-impl.js:233:9)
          at HTMLUnknownElementImpl.dispatchEvent (C:\Users\jacob\Documents\kingstons_portal\frontend\node_modules\jsdom\lib\jsdom\living\events\EventTarget-impl.js:104:17)
          at HTMLUnknownElement.dispatchEvent (C:\Users\jacob\Documents\kingstons_portal\frontend\node_modules\jsdom\lib\jsdom\living\generated\EventTarget.js:241:34)
          at Object.invokeGuardedCallbackDev (C:\Users\jacob\Documents\kingstons_portal\frontend\node_modules\react-dom\cjs\react-dom.development.js:4213:16)
          at invokeGuardedCallback (C:\Users\jacob\Documents\kingstons_portal\frontend\node_modules\react-dom\cjs\react-dom.development.js:4277:31)
          at beginWork$1 (C:\Users\jacob\Documents\kingstons_portal\frontend\node_modules\react-dom\cjs\react-dom.development.js:27490:7)
          at performUnitOfWork (C:\Users\jacob\Documents\kingstons_portal\frontend\node_modules\react-dom\cjs\react-dom.development.js:26599:12)
          at workLoopSync (C:\Users\jacob\Documents\kingstons_portal\frontend\node_modules\react-dom\cjs\react-dom.development.js:26505:5)
          at renderRootSync (C:\Users\jacob\Documents\kingstons_portal\frontend\node_modules\react-dom\cjs\react-dom.development.js:26473:7)
          at performConcurrentWorkOnRoot (C:\Users\jacob\Documents\kingstons_portal\frontend\node_modules\react-dom\cjs\react-dom.development.js:25777:74)
          at flushActQueue (C:\Users\jacob\Documents\kingstons_portal\frontend\node_modules\react\cjs\react.development.js:2667:24)
          at act (C:\Users\jacob\Documents\kingstons_portal\frontend\node_modules\react\cjs\react.development.js:2582:11)
          at C:\Users\jacob\Documents\kingstons_portal\frontend\node_modules\@testing-library\react\dist\act-compat.js:47:25
          at renderRoot (C:\Users\jacob\Documents\kingstons_portal\frontend\node_modules\@testing-library\react\dist\pure.js:180:26)
          at render (C:\Users\jacob\Documents\kingstons_portal\frontend\node_modules\@testing-library\react\dist\pure.js:271:10)
          at Object.<anonymous> (C:\Users\jacob\Documents\kingstons_portal\frontend\src\tests\Clients.test.tsx:95:11)
          at Promise.then.completed (C:\Users\jacob\Documents\kingstons_portal\frontend\node_modules\jest-circus\build\utils.js:298:28)
          at new Promise (<anonymous>)
          at callAsyncCircusFn (C:\Users\jacob\Documents\kingstons_portal\frontend\node_modules\jest-circus\build\utils.js:231:10)
          at _callCircusTest (C:\Users\jacob\Documents\kingstons_portal\frontend\node_modules\jest-circus\build\run.js:316:40)
          at processTicksAndRejections (node:internal/process/task_queues:105:5)
          at _runTest (C:\Users\jacob\Documents\kingstons_portal\frontend\node_modules\jest-circus\build\run.js:252:3)
          at _runTestsForDescribeBlock (C:\Users\jacob\Documents\kingstons_portal\frontend\node_modules\jest-circus\build\run.js:126:9)
          at _runTestsForDescribeBlock (C:\Users\jacob\Documents\kingstons_portal\frontend\node_modules\jest-circus\build\run.js:121:9)
          at run (C:\Users\jacob\Documents\kingstons_portal\frontend\node_modules\jest-circus\build\run.js:71:3)
          at runAndTransformResultsToJestFormat (C:\Users\jacob\Documents\kingstons_portal\frontend\node_modules\jest-circus\build\legacy-code-todo-rewrite\jestAdapterInit.js:122:21)
          at jestAdapter (C:\Users\jacob\Documents\kingstons_portal\frontend\node_modules\jest-circus\build\legacy-code-todo-rewrite\jestAdapter.js:79:19)
          at runTestInternal (C:\Users\jacob\Documents\kingstons_portal\frontend\node_modules\jest-runner\build\runTest.js:367:16)
          at runTest (C:\Users\jacob\Documents\kingstons_portal\frontend\node_modules\jest-runner\build\runTest.js:444:34)
          at Object.worker (C:\Users\jacob\Documents\kingstons_portal\frontend\node_modules\jest-runner\build\testWorker.js:106:12) {
        detail: TypeError: (0 , react_router_dom_1.useLocation) is not a function
            at Clients (C:\Users\jacob\Documents\kingstons_portal\frontend\src\pages\Clients.tsx:29:31)
            at renderWithHooks (C:\Users\jacob\Documents\kingstons_portal\frontend\node_modules\react-dom\cjs\react-dom.development.js:15486:18)
            at mountIndeterminateComponent (C:\Users\jacob\Documents\kingstons_portal\frontend\node_modules\react-dom\cjs\react-dom.development.js:20103:13)
            at beginWork (C:\Users\jacob\Documents\kingstons_portal\frontend\node_modules\react-dom\cjs\react-dom.development.js:21626:16)
            at HTMLUnknownElement.callCallback (C:\Users\jacob\Documents\kingstons_portal\frontend\node_modules\react-dom\cjs\react-dom.development.js:4164:14)
            at HTMLUnknownElement.callTheUserObjectsOperation (C:\Users\jacob\Documents\kingstons_portal\frontend\node_modules\jsdom\lib\jsdom\living\generated\EventListener.js:26:30)
            at innerInvokeEventListeners (C:\Users\jacob\Documents\kingstons_portal\frontend\node_modules\jsdom\lib\jsdom\living\events\EventTarget-impl.js:350:25)
            at invokeEventListeners (C:\Users\jacob\Documents\kingstons_portal\frontend\node_modules\jsdom\lib\jsdom\living\events\EventTarget-impl.js:286:3)
            at HTMLUnknownElementImpl._dispatch (C:\Users\jacob\Documents\kingstons_portal\frontend\node_modules\jsdom\lib\jsdom\living\events\EventTarget-impl.js:233:9)
            at HTMLUnknownElementImpl.dispatchEvent (C:\Users\jacob\Documents\kingstons_portal\frontend\node_modules\jsdom\lib\jsdom\living\events\EventTarget-impl.js:104:17)
            at HTMLUnknownElement.dispatchEvent (C:\Users\jacob\Documents\kingstons_portal\frontend\node_modules\jsdom\lib\jsdom\living\generated\EventTarget.js:241:34)
            at Object.invokeGuardedCallbackDev (C:\Users\jacob\Documents\kingstons_portal\frontend\node_modules\react-dom\cjs\react-dom.development.js:4213:16)
            at invokeGuardedCallback (C:\Users\jacob\Documents\kingstons_portal\frontend\node_modules\react-dom\cjs\react-dom.development.js:4277:31)
            at beginWork$1 (C:\Users\jacob\Documents\kingstons_portal\frontend\node_modules\react-dom\cjs\react-dom.development.js:27490:7)
            at performUnitOfWork (C:\Users\jacob\Documents\kingstons_portal\frontend\node_modules\react-dom\cjs\react-dom.development.js:26599:12)
            at workLoopSync (C:\Users\jacob\Documents\kingstons_portal\frontend\node_modules\react-dom\cjs\react-dom.development.js:26505:5)
            at renderRootSync (C:\Users\jacob\Documents\kingstons_portal\frontend\node_modules\react-dom\cjs\react-dom.development.js:26473:7)
            at performConcurrentWorkOnRoot (C:\Users\jacob\Documents\kingstons_portal\frontend\node_modules\react-dom\cjs\react-dom.development.js:25777:74)
            at flushActQueue (C:\Users\jacob\Documents\kingstons_portal\frontend\node_modules\react\cjs\react.development.js:2667:24)
            at act (C:\Users\jacob\Documents\kingstons_portal\frontend\node_modules\react\cjs\react.development.js:2582:11)
            at C:\Users\jacob\Documents\kingstons_portal\frontend\node_modules\@testing-library\react\dist\act-compat.js:47:25
            at renderRoot (C:\Users\jacob\Documents\kingstons_portal\frontend\node_modules\@testing-library\react\dist\pure.js:180:26)
            at render (C:\Users\jacob\Documents\kingstons_portal\frontend\node_modules\@testing-library\react\dist\pure.js:271:10)
            at Object.<anonymous> (C:\Users\jacob\Documents\kingstons_portal\frontend\src\tests\Clients.test.tsx:95:11)
            at Promise.then.completed (C:\Users\jacob\Documents\kingstons_portal\frontend\node_modules\jest-circus\build\utils.js:298:28)
            at new Promise (<anonymous>)
            at callAsyncCircusFn (C:\Users\jacob\Documents\kingstons_portal\frontend\node_modules\jest-circus\build\utils.js:231:10)
            at _callCircusTest (C:\Users\jacob\Documents\kingstons_portal\frontend\node_modules\jest-circus\build\run.js:316:40)
            at processTicksAndRejections (node:internal/process/task_queues:105:5)
            at _runTest (C:\Users\jacob\Documents\kingstons_portal\frontend\node_modules\jest-circus\build\run.js:252:3)
            at _runTestsForDescribeBlock (C:\Users\jacob\Documents\kingstons_portal\frontend\node_modules\jest-circus\build\run.js:126:9)
            at _runTestsForDescribeBlock (C:\Users\jacob\Documents\kingstons_portal\frontend\node_modules\jest-circus\build\run.js:121:9)
            at run (C:\Users\jacob\Documents\kingstons_portal\frontend\node_modules\jest-circus\build\run.js:71:3)
            at runAndTransformResultsToJestFormat (C:\Users\jacob\Documents\kingstons_portal\frontend\node_modules\jest-circus\build\legacy-code-todo-rewrite\jestAdapterInit.js:122:21)
            at jestAdapter (C:\Users\jacob\Documents\kingstons_portal\frontend\node_modules\jest-circus\build\legacy-code-todo-rewrite\jestAdapter.js:79:19)
            at runTestInternal (C:\Users\jacob\Documents\kingstons_portal\frontend\node_modules\jest-runner\build\runTest.js:367:16)
            at runTest (C:\Users\jacob\Documents\kingstons_portal\frontend\node_modules\jest-runner\build\runTest.js:444:34)
            at Object.worker (C:\Users\jacob\Documents\kingstons_portal\frontend\node_modules\jest-runner\build\testWorker.js:106:12),
        type: 'unhandled exception'
      }

    [0m [90m 93 |[39m
     [90m 94 |[39m   test([32m'filters clients by advisor'[39m[33m,[39m [36masync[39m () [33m=>[39m {
    [31m[1m>[22m[39m[90m 95 |[39m     render([33m<[39m[33mClients[39m [33m/[39m[33m>[39m)[33m;[39m
     [90m    |[39m           [31m[1m^[22m[39m
     [90m 96 |[39m     
     [90m 97 |[39m     [90m// Wait for the clients to load[39m
     [90m 98 |[39m     [36mawait[39m waitFor(() [33m=>[39m {[0m

      at VirtualConsole.<anonymous> (node_modules/jest-environment-jsdom/build/index.js:63:23)
      at reportException (node_modules/jsdom/lib/jsdom/living/helpers/runtime-script-errors.js:70:28)
      at innerInvokeEventListeners (node_modules/jsdom/lib/jsdom/living/events/EventTarget-impl.js:353:9)
      at invokeEventListeners (node_modules/jsdom/lib/jsdom/living/events/EventTarget-impl.js:286:3)
      at HTMLUnknownElementImpl._dispatch (node_modules/jsdom/lib/jsdom/living/events/EventTarget-impl.js:233:9)
      at HTMLUnknownElementImpl.dispatchEvent (node_modules/jsdom/lib/jsdom/living/events/EventTarget-impl.js:104:17)
      at HTMLUnknownElement.dispatchEvent (node_modules/jsdom/lib/jsdom/living/generated/EventTarget.js:241:34)
      at Object.invokeGuardedCallbackDev (node_modules/react-dom/cjs/react-dom.development.js:4213:16)
      at invokeGuardedCallback (node_modules/react-dom/cjs/react-dom.development.js:4277:31)
      at beginWork$1 (node_modules/react-dom/cjs/react-dom.development.js:27490:7)
      at performUnitOfWork (node_modules/react-dom/cjs/react-dom.development.js:26599:12)
      at workLoopSync (node_modules/react-dom/cjs/react-dom.development.js:26505:5)
      at renderRootSync (node_modules/react-dom/cjs/react-dom.development.js:26473:7)
      at performConcurrentWorkOnRoot (node_modules/react-dom/cjs/react-dom.development.js:25777:74)
      at flushActQueue (node_modules/react/cjs/react.development.js:2667:24)
      at act (node_modules/react/cjs/react.development.js:2582:11)
      at node_modules/@testing-library/react/dist/act-compat.js:47:25
      at renderRoot (node_modules/@testing-library/react/dist/pure.js:180:26)
      at render (node_modules/@testing-library/react/dist/pure.js:271:10)
      at Object.<anonymous> (src/tests/Clients.test.tsx:95:11)

    console.error
      Error: Uncaught [TypeError: (0 , react_router_dom_1.useLocation) is not a function]
          at reportException (C:\Users\jacob\Documents\kingstons_portal\frontend\node_modules\jsdom\lib\jsdom\living\helpers\runtime-script-errors.js:66:24)
          at innerInvokeEventListeners (C:\Users\jacob\Documents\kingstons_portal\frontend\node_modules\jsdom\lib\jsdom\living\events\EventTarget-impl.js:353:9)
          at invokeEventListeners (C:\Users\jacob\Documents\kingstons_portal\frontend\node_modules\jsdom\lib\jsdom\living\events\EventTarget-impl.js:286:3)
          at HTMLUnknownElementImpl._dispatch (C:\Users\jacob\Documents\kingstons_portal\frontend\node_modules\jsdom\lib\jsdom\living\events\EventTarget-impl.js:233:9)
          at HTMLUnknownElementImpl.dispatchEvent (C:\Users\jacob\Documents\kingstons_portal\frontend\node_modules\jsdom\lib\jsdom\living\events\EventTarget-impl.js:104:17)
          at HTMLUnknownElement.dispatchEvent (C:\Users\jacob\Documents\kingstons_portal\frontend\node_modules\jsdom\lib\jsdom\living\generated\EventTarget.js:241:34)
          at Object.invokeGuardedCallbackDev (C:\Users\jacob\Documents\kingstons_portal\frontend\node_modules\react-dom\cjs\react-dom.development.js:4213:16)
          at invokeGuardedCallback (C:\Users\jacob\Documents\kingstons_portal\frontend\node_modules\react-dom\cjs\react-dom.development.js:4277:31)
          at beginWork$1 (C:\Users\jacob\Documents\kingstons_portal\frontend\node_modules\react-dom\cjs\react-dom.development.js:27490:7)
          at performUnitOfWork (C:\Users\jacob\Documents\kingstons_portal\frontend\node_modules\react-dom\cjs\react-dom.development.js:26599:12)
          at workLoopSync (C:\Users\jacob\Documents\kingstons_portal\frontend\node_modules\react-dom\cjs\react-dom.development.js:26505:5)
          at renderRootSync (C:\Users\jacob\Documents\kingstons_portal\frontend\node_modules\react-dom\cjs\react-dom.development.js:26473:7)
          at recoverFromConcurrentError (C:\Users\jacob\Documents\kingstons_portal\frontend\node_modules\react-dom\cjs\react-dom.development.js:25889:20)
          at performConcurrentWorkOnRoot (C:\Users\jacob\Documents\kingstons_portal\frontend\node_modules\react-dom\cjs\react-dom.development.js:25789:22)
          at flushActQueue (C:\Users\jacob\Documents\kingstons_portal\frontend\node_modules\react\cjs\react.development.js:2667:24)
          at act (C:\Users\jacob\Documents\kingstons_portal\frontend\node_modules\react\cjs\react.development.js:2582:11)
          at C:\Users\jacob\Documents\kingstons_portal\frontend\node_modules\@testing-library\react\dist\act-compat.js:47:25
          at renderRoot (C:\Users\jacob\Documents\kingstons_portal\frontend\node_modules\@testing-library\react\dist\pure.js:180:26)
          at render (C:\Users\jacob\Documents\kingstons_portal\frontend\node_modules\@testing-library\react\dist\pure.js:271:10)
          at Object.<anonymous> (C:\Users\jacob\Documents\kingstons_portal\frontend\src\tests\Clients.test.tsx:95:11)
          at Promise.then.completed (C:\Users\jacob\Documents\kingstons_portal\frontend\node_modules\jest-circus\build\utils.js:298:28)
          at new Promise (<anonymous>)
          at callAsyncCircusFn (C:\Users\jacob\Documents\kingstons_portal\frontend\node_modules\jest-circus\build\utils.js:231:10)
          at _callCircusTest (C:\Users\jacob\Documents\kingstons_portal\frontend\node_modules\jest-circus\build\run.js:316:40)
          at processTicksAndRejections (node:internal/process/task_queues:105:5)
          at _runTest (C:\Users\jacob\Documents\kingstons_portal\frontend\node_modules\jest-circus\build\run.js:252:3)
          at _runTestsForDescribeBlock (C:\Users\jacob\Documents\kingstons_portal\frontend\node_modules\jest-circus\build\run.js:126:9)
          at _runTestsForDescribeBlock (C:\Users\jacob\Documents\kingstons_portal\frontend\node_modules\jest-circus\build\run.js:121:9)
          at run (C:\Users\jacob\Documents\kingstons_portal\frontend\node_modules\jest-circus\build\run.js:71:3)
          at runAndTransformResultsToJestFormat (C:\Users\jacob\Documents\kingstons_portal\frontend\node_modules\jest-circus\build\legacy-code-todo-rewrite\jestAdapterInit.js:122:21)
          at jestAdapter (C:\Users\jacob\Documents\kingstons_portal\frontend\node_modules\jest-circus\build\legacy-code-todo-rewrite\jestAdapter.js:79:19)
          at runTestInternal (C:\Users\jacob\Documents\kingstons_portal\frontend\node_modules\jest-runner\build\runTest.js:367:16)
          at runTest (C:\Users\jacob\Documents\kingstons_portal\frontend\node_modules\jest-runner\build\runTest.js:444:34)
          at Object.worker (C:\Users\jacob\Documents\kingstons_portal\frontend\node_modules\jest-runner\build\testWorker.js:106:12) {
        detail: TypeError: (0 , react_router_dom_1.useLocation) is not a function
            at Clients (C:\Users\jacob\Documents\kingstons_portal\frontend\src\pages\Clients.tsx:29:31)
            at renderWithHooks (C:\Users\jacob\Documents\kingstons_portal\frontend\node_modules\react-dom\cjs\react-dom.development.js:15486:18)
            at mountIndeterminateComponent (C:\Users\jacob\Documents\kingstons_portal\frontend\node_modules\react-dom\cjs\react-dom.development.js:20103:13)
            at beginWork (C:\Users\jacob\Documents\kingstons_portal\frontend\node_modules\react-dom\cjs\react-dom.development.js:21626:16)
            at HTMLUnknownElement.callCallback (C:\Users\jacob\Documents\kingstons_portal\frontend\node_modules\react-dom\cjs\react-dom.development.js:4164:14)
            at HTMLUnknownElement.callTheUserObjectsOperation (C:\Users\jacob\Documents\kingstons_portal\frontend\node_modules\jsdom\lib\jsdom\living\generated\EventListener.js:26:30)
            at innerInvokeEventListeners (C:\Users\jacob\Documents\kingstons_portal\frontend\node_modules\jsdom\lib\jsdom\living\events\EventTarget-impl.js:350:25)
            at invokeEventListeners (C:\Users\jacob\Documents\kingstons_portal\frontend\node_modules\jsdom\lib\jsdom\living\events\EventTarget-impl.js:286:3)
            at HTMLUnknownElementImpl._dispatch (C:\Users\jacob\Documents\kingstons_portal\frontend\node_modules\jsdom\lib\jsdom\living\events\EventTarget-impl.js:233:9)
            at HTMLUnknownElementImpl.dispatchEvent (C:\Users\jacob\Documents\kingstons_portal\frontend\node_modules\jsdom\lib\jsdom\living\events\EventTarget-impl.js:104:17)
            at HTMLUnknownElement.dispatchEvent (C:\Users\jacob\Documents\kingstons_portal\frontend\node_modules\jsdom\lib\jsdom\living\generated\EventTarget.js:241:34)
            at Object.invokeGuardedCallbackDev (C:\Users\jacob\Documents\kingstons_portal\frontend\node_modules\react-dom\cjs\react-dom.development.js:4213:16)
            at invokeGuardedCallback (C:\Users\jacob\Documents\kingstons_portal\frontend\node_modules\react-dom\cjs\react-dom.development.js:4277:31)
            at beginWork$1 (C:\Users\jacob\Documents\kingstons_portal\frontend\node_modules\react-dom\cjs\react-dom.development.js:27490:7)
            at performUnitOfWork (C:\Users\jacob\Documents\kingstons_portal\frontend\node_modules\react-dom\cjs\react-dom.development.js:26599:12)
            at workLoopSync (C:\Users\jacob\Documents\kingstons_portal\frontend\node_modules\react-dom\cjs\react-dom.development.js:26505:5)
            at renderRootSync (C:\Users\jacob\Documents\kingstons_portal\frontend\node_modules\react-dom\cjs\react-dom.development.js:26473:7)
            at recoverFromConcurrentError (C:\Users\jacob\Documents\kingstons_portal\frontend\node_modules\react-dom\cjs\react-dom.development.js:25889:20)
            at performConcurrentWorkOnRoot (C:\Users\jacob\Documents\kingstons_portal\frontend\node_modules\react-dom\cjs\react-dom.development.js:25789:22)
            at flushActQueue (C:\Users\jacob\Documents\kingstons_portal\frontend\node_modules\react\cjs\react.development.js:2667:24)
            at act (C:\Users\jacob\Documents\kingstons_portal\frontend\node_modules\react\cjs\react.development.js:2582:11)
            at C:\Users\jacob\Documents\kingstons_portal\frontend\node_modules\@testing-library\react\dist\act-compat.js:47:25
            at renderRoot (C:\Users\jacob\Documents\kingstons_portal\frontend\node_modules\@testing-library\react\dist\pure.js:180:26)
            at render (C:\Users\jacob\Documents\kingstons_portal\frontend\node_modules\@testing-library\react\dist\pure.js:271:10)
            at Object.<anonymous> (C:\Users\jacob\Documents\kingstons_portal\frontend\src\tests\Clients.test.tsx:95:11)
            at Promise.then.completed (C:\Users\jacob\Documents\kingstons_portal\frontend\node_modules\jest-circus\build\utils.js:298:28)
            at new Promise (<anonymous>)
            at callAsyncCircusFn (C:\Users\jacob\Documents\kingstons_portal\frontend\node_modules\jest-circus\build\utils.js:231:10)
            at _callCircusTest (C:\Users\jacob\Documents\kingstons_portal\frontend\node_modules\jest-circus\build\run.js:316:40)
            at processTicksAndRejections (node:internal/process/task_queues:105:5)
            at _runTest (C:\Users\jacob\Documents\kingstons_portal\frontend\node_modules\jest-circus\build\run.js:252:3)
            at _runTestsForDescribeBlock (C:\Users\jacob\Documents\kingstons_portal\frontend\node_modules\jest-circus\build\run.js:126:9)
            at _runTestsForDescribeBlock (C:\Users\jacob\Documents\kingstons_portal\frontend\node_modules\jest-circus\build\run.js:121:9)
            at run (C:\Users\jacob\Documents\kingstons_portal\frontend\node_modules\jest-circus\build\run.js:71:3)
            at runAndTransformResultsToJestFormat (C:\Users\jacob\Documents\kingstons_portal\frontend\node_modules\jest-circus\build\legacy-code-todo-rewrite\jestAdapterInit.js:122:21)
            at jestAdapter (C:\Users\jacob\Documents\kingstons_portal\frontend\node_modules\jest-circus\build\legacy-code-todo-rewrite\jestAdapter.js:79:19)
            at runTestInternal (C:\Users\jacob\Documents\kingstons_portal\frontend\node_modules\jest-runner\build\runTest.js:367:16)
            at runTest (C:\Users\jacob\Documents\kingstons_portal\frontend\node_modules\jest-runner\build\runTest.js:444:34)
            at Object.worker (C:\Users\jacob\Documents\kingstons_portal\frontend\node_modules\jest-runner\build\testWorker.js:106:12),
        type: 'unhandled exception'
      }

    [0m [90m 93 |[39m
     [90m 94 |[39m   test([32m'filters clients by advisor'[39m[33m,[39m [36masync[39m () [33m=>[39m {
    [31m[1m>[22m[39m[90m 95 |[39m     render([33m<[39m[33mClients[39m [33m/[39m[33m>[39m)[33m;[39m
     [90m    |[39m           [31m[1m^[22m[39m
     [90m 96 |[39m     
     [90m 97 |[39m     [90m// Wait for the clients to load[39m
     [90m 98 |[39m     [36mawait[39m waitFor(() [33m=>[39m {[0m

      at VirtualConsole.<anonymous> (node_modules/jest-environment-jsdom/build/index.js:63:23)
      at reportException (node_modules/jsdom/lib/jsdom/living/helpers/runtime-script-errors.js:70:28)
      at innerInvokeEventListeners (node_modules/jsdom/lib/jsdom/living/events/EventTarget-impl.js:353:9)
      at invokeEventListeners (node_modules/jsdom/lib/jsdom/living/events/EventTarget-impl.js:286:3)
      at HTMLUnknownElementImpl._dispatch (node_modules/jsdom/lib/jsdom/living/events/EventTarget-impl.js:233:9)
      at HTMLUnknownElementImpl.dispatchEvent (node_modules/jsdom/lib/jsdom/living/events/EventTarget-impl.js:104:17)
      at HTMLUnknownElement.dispatchEvent (node_modules/jsdom/lib/jsdom/living/generated/EventTarget.js:241:34)
      at Object.invokeGuardedCallbackDev (node_modules/react-dom/cjs/react-dom.development.js:4213:16)
      at invokeGuardedCallback (node_modules/react-dom/cjs/react-dom.development.js:4277:31)
      at beginWork$1 (node_modules/react-dom/cjs/react-dom.development.js:27490:7)
      at performUnitOfWork (node_modules/react-dom/cjs/react-dom.development.js:26599:12)
      at workLoopSync (node_modules/react-dom/cjs/react-dom.development.js:26505:5)
      at renderRootSync (node_modules/react-dom/cjs/react-dom.development.js:26473:7)
      at recoverFromConcurrentError (node_modules/react-dom/cjs/react-dom.development.js:25889:20)
      at performConcurrentWorkOnRoot (node_modules/react-dom/cjs/react-dom.development.js:25789:22)
      at flushActQueue (node_modules/react/cjs/react.development.js:2667:24)
      at act (node_modules/react/cjs/react.development.js:2582:11)
      at node_modules/@testing-library/react/dist/act-compat.js:47:25
      at renderRoot (node_modules/@testing-library/react/dist/pure.js:180:26)
      at render (node_modules/@testing-library/react/dist/pure.js:271:10)
      at Object.<anonymous> (src/tests/Clients.test.tsx:95:11)

    console.error
      The above error occurred in the <Clients> component:
      
          at Clients (C:\Users\jacob\Documents\kingstons_portal\frontend\src\pages\Clients.tsx:29:31)
      
      Consider adding an error boundary to your tree to customize error handling behavior.
      Visit https://reactjs.org/link/error-boundaries to learn more about error boundaries.

    [0m [90m 93 |[39m
     [90m 94 |[39m   test([32m'filters clients by advisor'[39m[33m,[39m [36masync[39m () [33m=>[39m {
    [31m[1m>[22m[39m[90m 95 |[39m     render([33m<[39m[33mClients[39m [33m/[39m[33m>[39m)[33m;[39m
     [90m    |[39m           [31m[1m^[22m[39m
     [90m 96 |[39m     
     [90m 97 |[39m     [90m// Wait for the clients to load[39m
     [90m 98 |[39m     [36mawait[39m waitFor(() [33m=>[39m {[0m

      at logCapturedError (node_modules/react-dom/cjs/react-dom.development.js:18704:23)
      at update.callback (node_modules/react-dom/cjs/react-dom.development.js:18737:5)
      at callCallback (node_modules/react-dom/cjs/react-dom.development.js:15036:12)
      at commitUpdateQueue (node_modules/react-dom/cjs/react-dom.development.js:15057:9)
      at commitLayoutEffectOnFiber (node_modules/react-dom/cjs/react-dom.development.js:23430:13)
      at commitLayoutMountEffects_complete (node_modules/react-dom/cjs/react-dom.development.js:24727:9)
      at commitLayoutEffects_begin (node_modules/react-dom/cjs/react-dom.development.js:24713:7)
      at commitLayoutEffects (node_modules/react-dom/cjs/react-dom.development.js:24651:3)
      at commitRootImpl (node_modules/react-dom/cjs/react-dom.development.js:26862:5)
      at commitRoot (node_modules/react-dom/cjs/react-dom.development.js:26721:5)
      at finishConcurrentRender (node_modules/react-dom/cjs/react-dom.development.js:25931:9)
      at performConcurrentWorkOnRoot (node_modules/react-dom/cjs/react-dom.development.js:25848:7)
      at flushActQueue (node_modules/react/cjs/react.development.js:2667:24)
      at act (node_modules/react/cjs/react.development.js:2582:11)
      at node_modules/@testing-library/react/dist/act-compat.js:47:25
      at renderRoot (node_modules/@testing-library/react/dist/pure.js:180:26)
      at render (node_modules/@testing-library/react/dist/pure.js:271:10)
      at Object.<anonymous> (src/tests/Clients.test.tsx:95:11)

    console.error
      Error: Uncaught [TypeError: (0 , react_router_dom_1.useLocation) is not a function]
          at reportException (C:\Users\jacob\Documents\kingstons_portal\frontend\node_modules\jsdom\lib\jsdom\living\helpers\runtime-script-errors.js:66:24)
          at innerInvokeEventListeners (C:\Users\jacob\Documents\kingstons_portal\frontend\node_modules\jsdom\lib\jsdom\living\events\EventTarget-impl.js:353:9)
          at invokeEventListeners (C:\Users\jacob\Documents\kingstons_portal\frontend\node_modules\jsdom\lib\jsdom\living\events\EventTarget-impl.js:286:3)
          at HTMLUnknownElementImpl._dispatch (C:\Users\jacob\Documents\kingstons_portal\frontend\node_modules\jsdom\lib\jsdom\living\events\EventTarget-impl.js:233:9)
          at HTMLUnknownElementImpl.dispatchEvent (C:\Users\jacob\Documents\kingstons_portal\frontend\node_modules\jsdom\lib\jsdom\living\events\EventTarget-impl.js:104:17)
          at HTMLUnknownElement.dispatchEvent (C:\Users\jacob\Documents\kingstons_portal\frontend\node_modules\jsdom\lib\jsdom\living\generated\EventTarget.js:241:34)
          at Object.invokeGuardedCallbackDev (C:\Users\jacob\Documents\kingstons_portal\frontend\node_modules\react-dom\cjs\react-dom.development.js:4213:16)
          at invokeGuardedCallback (C:\Users\jacob\Documents\kingstons_portal\frontend\node_modules\react-dom\cjs\react-dom.development.js:4277:31)
          at beginWork$1 (C:\Users\jacob\Documents\kingstons_portal\frontend\node_modules\react-dom\cjs\react-dom.development.js:27490:7)
          at performUnitOfWork (C:\Users\jacob\Documents\kingstons_portal\frontend\node_modules\react-dom\cjs\react-dom.development.js:26599:12)
          at workLoopSync (C:\Users\jacob\Documents\kingstons_portal\frontend\node_modules\react-dom\cjs\react-dom.development.js:26505:5)
          at renderRootSync (C:\Users\jacob\Documents\kingstons_portal\frontend\node_modules\react-dom\cjs\react-dom.development.js:26473:7)
          at performConcurrentWorkOnRoot (C:\Users\jacob\Documents\kingstons_portal\frontend\node_modules\react-dom\cjs\react-dom.development.js:25777:74)
          at flushActQueue (C:\Users\jacob\Documents\kingstons_portal\frontend\node_modules\react\cjs\react.development.js:2667:24)
          at act (C:\Users\jacob\Documents\kingstons_portal\frontend\node_modules\react\cjs\react.development.js:2582:11)
          at C:\Users\jacob\Documents\kingstons_portal\frontend\node_modules\@testing-library\react\dist\act-compat.js:47:25
          at renderRoot (C:\Users\jacob\Documents\kingstons_portal\frontend\node_modules\@testing-library\react\dist\pure.js:180:26)
          at render (C:\Users\jacob\Documents\kingstons_portal\frontend\node_modules\@testing-library\react\dist\pure.js:271:10)
          at Object.<anonymous> (C:\Users\jacob\Documents\kingstons_portal\frontend\src\tests\Clients.test.tsx:121:11)
          at Promise.then.completed (C:\Users\jacob\Documents\kingstons_portal\frontend\node_modules\jest-circus\build\utils.js:298:28)
          at new Promise (<anonymous>)
          at callAsyncCircusFn (C:\Users\jacob\Documents\kingstons_portal\frontend\node_modules\jest-circus\build\utils.js:231:10)
          at _callCircusTest (C:\Users\jacob\Documents\kingstons_portal\frontend\node_modules\jest-circus\build\run.js:316:40)
          at processTicksAndRejections (node:internal/process/task_queues:105:5)
          at _runTest (C:\Users\jacob\Documents\kingstons_portal\frontend\node_modules\jest-circus\build\run.js:252:3)
          at _runTestsForDescribeBlock (C:\Users\jacob\Documents\kingstons_portal\frontend\node_modules\jest-circus\build\run.js:126:9)
          at _runTestsForDescribeBlock (C:\Users\jacob\Documents\kingstons_portal\frontend\node_modules\jest-circus\build\run.js:121:9)
          at run (C:\Users\jacob\Documents\kingstons_portal\frontend\node_modules\jest-circus\build\run.js:71:3)
          at runAndTransformResultsToJestFormat (C:\Users\jacob\Documents\kingstons_portal\frontend\node_modules\jest-circus\build\legacy-code-todo-rewrite\jestAdapterInit.js:122:21)
          at jestAdapter (C:\Users\jacob\Documents\kingstons_portal\frontend\node_modules\jest-circus\build\legacy-code-todo-rewrite\jestAdapter.js:79:19)
          at runTestInternal (C:\Users\jacob\Documents\kingstons_portal\frontend\node_modules\jest-runner\build\runTest.js:367:16)
          at runTest (C:\Users\jacob\Documents\kingstons_portal\frontend\node_modules\jest-runner\build\runTest.js:444:34)
          at Object.worker (C:\Users\jacob\Documents\kingstons_portal\frontend\node_modules\jest-runner\build\testWorker.js:106:12) {
        detail: TypeError: (0 , react_router_dom_1.useLocation) is not a function
            at Clients (C:\Users\jacob\Documents\kingstons_portal\frontend\src\pages\Clients.tsx:29:31)
            at renderWithHooks (C:\Users\jacob\Documents\kingstons_portal\frontend\node_modules\react-dom\cjs\react-dom.development.js:15486:18)
            at mountIndeterminateComponent (C:\Users\jacob\Documents\kingstons_portal\frontend\node_modules\react-dom\cjs\react-dom.development.js:20103:13)
            at beginWork (C:\Users\jacob\Documents\kingstons_portal\frontend\node_modules\react-dom\cjs\react-dom.development.js:21626:16)
            at HTMLUnknownElement.callCallback (C:\Users\jacob\Documents\kingstons_portal\frontend\node_modules\react-dom\cjs\react-dom.development.js:4164:14)
            at HTMLUnknownElement.callTheUserObjectsOperation (C:\Users\jacob\Documents\kingstons_portal\frontend\node_modules\jsdom\lib\jsdom\living\generated\EventListener.js:26:30)
            at innerInvokeEventListeners (C:\Users\jacob\Documents\kingstons_portal\frontend\node_modules\jsdom\lib\jsdom\living\events\EventTarget-impl.js:350:25)
            at invokeEventListeners (C:\Users\jacob\Documents\kingstons_portal\frontend\node_modules\jsdom\lib\jsdom\living\events\EventTarget-impl.js:286:3)
            at HTMLUnknownElementImpl._dispatch (C:\Users\jacob\Documents\kingstons_portal\frontend\node_modules\jsdom\lib\jsdom\living\events\EventTarget-impl.js:233:9)
            at HTMLUnknownElementImpl.dispatchEvent (C:\Users\jacob\Documents\kingstons_portal\frontend\node_modules\jsdom\lib\jsdom\living\events\EventTarget-impl.js:104:17)
            at HTMLUnknownElement.dispatchEvent (C:\Users\jacob\Documents\kingstons_portal\frontend\node_modules\jsdom\lib\jsdom\living\generated\EventTarget.js:241:34)
            at Object.invokeGuardedCallbackDev (C:\Users\jacob\Documents\kingstons_portal\frontend\node_modules\react-dom\cjs\react-dom.development.js:4213:16)
            at invokeGuardedCallback (C:\Users\jacob\Documents\kingstons_portal\frontend\node_modules\react-dom\cjs\react-dom.development.js:4277:31)
            at beginWork$1 (C:\Users\jacob\Documents\kingstons_portal\frontend\node_modules\react-dom\cjs\react-dom.development.js:27490:7)
            at performUnitOfWork (C:\Users\jacob\Documents\kingstons_portal\frontend\node_modules\react-dom\cjs\react-dom.development.js:26599:12)
            at workLoopSync (C:\Users\jacob\Documents\kingstons_portal\frontend\node_modules\react-dom\cjs\react-dom.development.js:26505:5)
            at renderRootSync (C:\Users\jacob\Documents\kingstons_portal\frontend\node_modules\react-dom\cjs\react-dom.development.js:26473:7)
            at performConcurrentWorkOnRoot (C:\Users\jacob\Documents\kingstons_portal\frontend\node_modules\react-dom\cjs\react-dom.development.js:25777:74)
            at flushActQueue (C:\Users\jacob\Documents\kingstons_portal\frontend\node_modules\react\cjs\react.development.js:2667:24)
            at act (C:\Users\jacob\Documents\kingstons_portal\frontend\node_modules\react\cjs\react.development.js:2582:11)
            at C:\Users\jacob\Documents\kingstons_portal\frontend\node_modules\@testing-library\react\dist\act-compat.js:47:25
            at renderRoot (C:\Users\jacob\Documents\kingstons_portal\frontend\node_modules\@testing-library\react\dist\pure.js:180:26)
            at render (C:\Users\jacob\Documents\kingstons_portal\frontend\node_modules\@testing-library\react\dist\pure.js:271:10)
            at Object.<anonymous> (C:\Users\jacob\Documents\kingstons_portal\frontend\src\tests\Clients.test.tsx:121:11)
            at Promise.then.completed (C:\Users\jacob\Documents\kingstons_portal\frontend\node_modules\jest-circus\build\utils.js:298:28)
            at new Promise (<anonymous>)
            at callAsyncCircusFn (C:\Users\jacob\Documents\kingstons_portal\frontend\node_modules\jest-circus\build\utils.js:231:10)
            at _callCircusTest (C:\Users\jacob\Documents\kingstons_portal\frontend\node_modules\jest-circus\build\run.js:316:40)
            at processTicksAndRejections (node:internal/process/task_queues:105:5)
            at _runTest (C:\Users\jacob\Documents\kingstons_portal\frontend\node_modules\jest-circus\build\run.js:252:3)
            at _runTestsForDescribeBlock (C:\Users\jacob\Documents\kingstons_portal\frontend\node_modules\jest-circus\build\run.js:126:9)
            at _runTestsForDescribeBlock (C:\Users\jacob\Documents\kingstons_portal\frontend\node_modules\jest-circus\build\run.js:121:9)
            at run (C:\Users\jacob\Documents\kingstons_portal\frontend\node_modules\jest-circus\build\run.js:71:3)
            at runAndTransformResultsToJestFormat (C:\Users\jacob\Documents\kingstons_portal\frontend\node_modules\jest-circus\build\legacy-code-todo-rewrite\jestAdapterInit.js:122:21)
            at jestAdapter (C:\Users\jacob\Documents\kingstons_portal\frontend\node_modules\jest-circus\build\legacy-code-todo-rewrite\jestAdapter.js:79:19)
            at runTestInternal (C:\Users\jacob\Documents\kingstons_portal\frontend\node_modules\jest-runner\build\runTest.js:367:16)
            at runTest (C:\Users\jacob\Documents\kingstons_portal\frontend\node_modules\jest-runner\build\runTest.js:444:34)
            at Object.worker (C:\Users\jacob\Documents\kingstons_portal\frontend\node_modules\jest-runner\build\testWorker.js:106:12),
        type: 'unhandled exception'
      }

    [0m [90m 119 |[39m
     [90m 120 |[39m   test([32m'displays client FUM in correct format'[39m[33m,[39m [36masync[39m () [33m=>[39m {
    [31m[1m>[22m[39m[90m 121 |[39m     render([33m<[39m[33mClients[39m [33m/[39m[33m>[39m)[33m;[39m
     [90m     |[39m           [31m[1m^[22m[39m
     [90m 122 |[39m     
     [90m 123 |[39m     [90m// Wait for the clients to load[39m
     [90m 124 |[39m     [36mawait[39m waitFor(() [33m=>[39m {[0m

      at VirtualConsole.<anonymous> (node_modules/jest-environment-jsdom/build/index.js:63:23)
      at reportException (node_modules/jsdom/lib/jsdom/living/helpers/runtime-script-errors.js:70:28)
      at innerInvokeEventListeners (node_modules/jsdom/lib/jsdom/living/events/EventTarget-impl.js:353:9)
      at invokeEventListeners (node_modules/jsdom/lib/jsdom/living/events/EventTarget-impl.js:286:3)
      at HTMLUnknownElementImpl._dispatch (node_modules/jsdom/lib/jsdom/living/events/EventTarget-impl.js:233:9)
      at HTMLUnknownElementImpl.dispatchEvent (node_modules/jsdom/lib/jsdom/living/events/EventTarget-impl.js:104:17)
      at HTMLUnknownElement.dispatchEvent (node_modules/jsdom/lib/jsdom/living/generated/EventTarget.js:241:34)
      at Object.invokeGuardedCallbackDev (node_modules/react-dom/cjs/react-dom.development.js:4213:16)
      at invokeGuardedCallback (node_modules/react-dom/cjs/react-dom.development.js:4277:31)
      at beginWork$1 (node_modules/react-dom/cjs/react-dom.development.js:27490:7)
      at performUnitOfWork (node_modules/react-dom/cjs/react-dom.development.js:26599:12)
      at workLoopSync (node_modules/react-dom/cjs/react-dom.development.js:26505:5)
      at renderRootSync (node_modules/react-dom/cjs/react-dom.development.js:26473:7)
      at performConcurrentWorkOnRoot (node_modules/react-dom/cjs/react-dom.development.js:25777:74)
      at flushActQueue (node_modules/react/cjs/react.development.js:2667:24)
      at act (node_modules/react/cjs/react.development.js:2582:11)
      at node_modules/@testing-library/react/dist/act-compat.js:47:25
      at renderRoot (node_modules/@testing-library/react/dist/pure.js:180:26)
      at render (node_modules/@testing-library/react/dist/pure.js:271:10)
      at Object.<anonymous> (src/tests/Clients.test.tsx:121:11)

    console.error
      Error: Uncaught [TypeError: (0 , react_router_dom_1.useLocation) is not a function]
          at reportException (C:\Users\jacob\Documents\kingstons_portal\frontend\node_modules\jsdom\lib\jsdom\living\helpers\runtime-script-errors.js:66:24)
          at innerInvokeEventListeners (C:\Users\jacob\Documents\kingstons_portal\frontend\node_modules\jsdom\lib\jsdom\living\events\EventTarget-impl.js:353:9)
          at invokeEventListeners (C:\Users\jacob\Documents\kingstons_portal\frontend\node_modules\jsdom\lib\jsdom\living\events\EventTarget-impl.js:286:3)
          at HTMLUnknownElementImpl._dispatch (C:\Users\jacob\Documents\kingstons_portal\frontend\node_modules\jsdom\lib\jsdom\living\events\EventTarget-impl.js:233:9)
          at HTMLUnknownElementImpl.dispatchEvent (C:\Users\jacob\Documents\kingstons_portal\frontend\node_modules\jsdom\lib\jsdom\living\events\EventTarget-impl.js:104:17)
          at HTMLUnknownElement.dispatchEvent (C:\Users\jacob\Documents\kingstons_portal\frontend\node_modules\jsdom\lib\jsdom\living\generated\EventTarget.js:241:34)
          at Object.invokeGuardedCallbackDev (C:\Users\jacob\Documents\kingstons_portal\frontend\node_modules\react-dom\cjs\react-dom.development.js:4213:16)
          at invokeGuardedCallback (C:\Users\jacob\Documents\kingstons_portal\frontend\node_modules\react-dom\cjs\react-dom.development.js:4277:31)
          at beginWork$1 (C:\Users\jacob\Documents\kingstons_portal\frontend\node_modules\react-dom\cjs\react-dom.development.js:27490:7)
          at performUnitOfWork (C:\Users\jacob\Documents\kingstons_portal\frontend\node_modules\react-dom\cjs\react-dom.development.js:26599:12)
          at workLoopSync (C:\Users\jacob\Documents\kingstons_portal\frontend\node_modules\react-dom\cjs\react-dom.development.js:26505:5)
          at renderRootSync (C:\Users\jacob\Documents\kingstons_portal\frontend\node_modules\react-dom\cjs\react-dom.development.js:26473:7)
          at recoverFromConcurrentError (C:\Users\jacob\Documents\kingstons_portal\frontend\node_modules\react-dom\cjs\react-dom.development.js:25889:20)
          at performConcurrentWorkOnRoot (C:\Users\jacob\Documents\kingstons_portal\frontend\node_modules\react-dom\cjs\react-dom.development.js:25789:22)
          at flushActQueue (C:\Users\jacob\Documents\kingstons_portal\frontend\node_modules\react\cjs\react.development.js:2667:24)
          at act (C:\Users\jacob\Documents\kingstons_portal\frontend\node_modules\react\cjs\react.development.js:2582:11)
          at C:\Users\jacob\Documents\kingstons_portal\frontend\node_modules\@testing-library\react\dist\act-compat.js:47:25
          at renderRoot (C:\Users\jacob\Documents\kingstons_portal\frontend\node_modules\@testing-library\react\dist\pure.js:180:26)
          at render (C:\Users\jacob\Documents\kingstons_portal\frontend\node_modules\@testing-library\react\dist\pure.js:271:10)
          at Object.<anonymous> (C:\Users\jacob\Documents\kingstons_portal\frontend\src\tests\Clients.test.tsx:121:11)
          at Promise.then.completed (C:\Users\jacob\Documents\kingstons_portal\frontend\node_modules\jest-circus\build\utils.js:298:28)
          at new Promise (<anonymous>)
          at callAsyncCircusFn (C:\Users\jacob\Documents\kingstons_portal\frontend\node_modules\jest-circus\build\utils.js:231:10)
          at _callCircusTest (C:\Users\jacob\Documents\kingstons_portal\frontend\node_modules\jest-circus\build\run.js:316:40)
          at processTicksAndRejections (node:internal/process/task_queues:105:5)
          at _runTest (C:\Users\jacob\Documents\kingstons_portal\frontend\node_modules\jest-circus\build\run.js:252:3)
          at _runTestsForDescribeBlock (C:\Users\jacob\Documents\kingstons_portal\frontend\node_modules\jest-circus\build\run.js:126:9)
          at _runTestsForDescribeBlock (C:\Users\jacob\Documents\kingstons_portal\frontend\node_modules\jest-circus\build\run.js:121:9)
          at run (C:\Users\jacob\Documents\kingstons_portal\frontend\node_modules\jest-circus\build\run.js:71:3)
          at runAndTransformResultsToJestFormat (C:\Users\jacob\Documents\kingstons_portal\frontend\node_modules\jest-circus\build\legacy-code-todo-rewrite\jestAdapterInit.js:122:21)
          at jestAdapter (C:\Users\jacob\Documents\kingstons_portal\frontend\node_modules\jest-circus\build\legacy-code-todo-rewrite\jestAdapter.js:79:19)
          at runTestInternal (C:\Users\jacob\Documents\kingstons_portal\frontend\node_modules\jest-runner\build\runTest.js:367:16)
          at runTest (C:\Users\jacob\Documents\kingstons_portal\frontend\node_modules\jest-runner\build\runTest.js:444:34)
          at Object.worker (C:\Users\jacob\Documents\kingstons_portal\frontend\node_modules\jest-runner\build\testWorker.js:106:12) {
        detail: TypeError: (0 , react_router_dom_1.useLocation) is not a function
            at Clients (C:\Users\jacob\Documents\kingstons_portal\frontend\src\pages\Clients.tsx:29:31)
            at renderWithHooks (C:\Users\jacob\Documents\kingstons_portal\frontend\node_modules\react-dom\cjs\react-dom.development.js:15486:18)
            at mountIndeterminateComponent (C:\Users\jacob\Documents\kingstons_portal\frontend\node_modules\react-dom\cjs\react-dom.development.js:20103:13)
            at beginWork (C:\Users\jacob\Documents\kingstons_portal\frontend\node_modules\react-dom\cjs\react-dom.development.js:21626:16)
            at HTMLUnknownElement.callCallback (C:\Users\jacob\Documents\kingstons_portal\frontend\node_modules\react-dom\cjs\react-dom.development.js:4164:14)
            at HTMLUnknownElement.callTheUserObjectsOperation (C:\Users\jacob\Documents\kingstons_portal\frontend\node_modules\jsdom\lib\jsdom\living\generated\EventListener.js:26:30)
            at innerInvokeEventListeners (C:\Users\jacob\Documents\kingstons_portal\frontend\node_modules\jsdom\lib\jsdom\living\events\EventTarget-impl.js:350:25)
            at invokeEventListeners (C:\Users\jacob\Documents\kingstons_portal\frontend\node_modules\jsdom\lib\jsdom\living\events\EventTarget-impl.js:286:3)
            at HTMLUnknownElementImpl._dispatch (C:\Users\jacob\Documents\kingstons_portal\frontend\node_modules\jsdom\lib\jsdom\living\events\EventTarget-impl.js:233:9)
            at HTMLUnknownElementImpl.dispatchEvent (C:\Users\jacob\Documents\kingstons_portal\frontend\node_modules\jsdom\lib\jsdom\living\events\EventTarget-impl.js:104:17)
            at HTMLUnknownElement.dispatchEvent (C:\Users\jacob\Documents\kingstons_portal\frontend\node_modules\jsdom\lib\jsdom\living\generated\EventTarget.js:241:34)
            at Object.invokeGuardedCallbackDev (C:\Users\jacob\Documents\kingstons_portal\frontend\node_modules\react-dom\cjs\react-dom.development.js:4213:16)
            at invokeGuardedCallback (C:\Users\jacob\Documents\kingstons_portal\frontend\node_modules\react-dom\cjs\react-dom.development.js:4277:31)
            at beginWork$1 (C:\Users\jacob\Documents\kingstons_portal\frontend\node_modules\react-dom\cjs\react-dom.development.js:27490:7)
            at performUnitOfWork (C:\Users\jacob\Documents\kingstons_portal\frontend\node_modules\react-dom\cjs\react-dom.development.js:26599:12)
            at workLoopSync (C:\Users\jacob\Documents\kingstons_portal\frontend\node_modules\react-dom\cjs\react-dom.development.js:26505:5)
            at renderRootSync (C:\Users\jacob\Documents\kingstons_portal\frontend\node_modules\react-dom\cjs\react-dom.development.js:26473:7)
            at recoverFromConcurrentError (C:\Users\jacob\Documents\kingstons_portal\frontend\node_modules\react-dom\cjs\react-dom.development.js:25889:20)
            at performConcurrentWorkOnRoot (C:\Users\jacob\Documents\kingstons_portal\frontend\node_modules\react-dom\cjs\react-dom.development.js:25789:22)
            at flushActQueue (C:\Users\jacob\Documents\kingstons_portal\frontend\node_modules\react\cjs\react.development.js:2667:24)
            at act (C:\Users\jacob\Documents\kingstons_portal\frontend\node_modules\react\cjs\react.development.js:2582:11)
            at C:\Users\jacob\Documents\kingstons_portal\frontend\node_modules\@testing-library\react\dist\act-compat.js:47:25
            at renderRoot (C:\Users\jacob\Documents\kingstons_portal\frontend\node_modules\@testing-library\react\dist\pure.js:180:26)
            at render (C:\Users\jacob\Documents\kingstons_portal\frontend\node_modules\@testing-library\react\dist\pure.js:271:10)
            at Object.<anonymous> (C:\Users\jacob\Documents\kingstons_portal\frontend\src\tests\Clients.test.tsx:121:11)
            at Promise.then.completed (C:\Users\jacob\Documents\kingstons_portal\frontend\node_modules\jest-circus\build\utils.js:298:28)
            at new Promise (<anonymous>)
            at callAsyncCircusFn (C:\Users\jacob\Documents\kingstons_portal\frontend\node_modules\jest-circus\build\utils.js:231:10)
            at _callCircusTest (C:\Users\jacob\Documents\kingstons_portal\frontend\node_modules\jest-circus\build\run.js:316:40)
            at processTicksAndRejections (node:internal/process/task_queues:105:5)
            at _runTest (C:\Users\jacob\Documents\kingstons_portal\frontend\node_modules\jest-circus\build\run.js:252:3)
            at _runTestsForDescribeBlock (C:\Users\jacob\Documents\kingstons_portal\frontend\node_modules\jest-circus\build\run.js:126:9)
            at _runTestsForDescribeBlock (C:\Users\jacob\Documents\kingstons_portal\frontend\node_modules\jest-circus\build\run.js:121:9)
            at run (C:\Users\jacob\Documents\kingstons_portal\frontend\node_modules\jest-circus\build\run.js:71:3)
            at runAndTransformResultsToJestFormat (C:\Users\jacob\Documents\kingstons_portal\frontend\node_modules\jest-circus\build\legacy-code-todo-rewrite\jestAdapterInit.js:122:21)
            at jestAdapter (C:\Users\jacob\Documents\kingstons_portal\frontend\node_modules\jest-circus\build\legacy-code-todo-rewrite\jestAdapter.js:79:19)
            at runTestInternal (C:\Users\jacob\Documents\kingstons_portal\frontend\node_modules\jest-runner\build\runTest.js:367:16)
            at runTest (C:\Users\jacob\Documents\kingstons_portal\frontend\node_modules\jest-runner\build\runTest.js:444:34)
            at Object.worker (C:\Users\jacob\Documents\kingstons_portal\frontend\node_modules\jest-runner\build\testWorker.js:106:12),
        type: 'unhandled exception'
      }

    [0m [90m 119 |[39m
     [90m 120 |[39m   test([32m'displays client FUM in correct format'[39m[33m,[39m [36masync[39m () [33m=>[39m {
    [31m[1m>[22m[39m[90m 121 |[39m     render([33m<[39m[33mClients[39m [33m/[39m[33m>[39m)[33m;[39m
     [90m     |[39m           [31m[1m^[22m[39m
     [90m 122 |[39m     
     [90m 123 |[39m     [90m// Wait for the clients to load[39m
     [90m 124 |[39m     [36mawait[39m waitFor(() [33m=>[39m {[0m

      at VirtualConsole.<anonymous> (node_modules/jest-environment-jsdom/build/index.js:63:23)
      at reportException (node_modules/jsdom/lib/jsdom/living/helpers/runtime-script-errors.js:70:28)
      at innerInvokeEventListeners (node_modules/jsdom/lib/jsdom/living/events/EventTarget-impl.js:353:9)
      at invokeEventListeners (node_modules/jsdom/lib/jsdom/living/events/EventTarget-impl.js:286:3)
      at HTMLUnknownElementImpl._dispatch (node_modules/jsdom/lib/jsdom/living/events/EventTarget-impl.js:233:9)
      at HTMLUnknownElementImpl.dispatchEvent (node_modules/jsdom/lib/jsdom/living/events/EventTarget-impl.js:104:17)
      at HTMLUnknownElement.dispatchEvent (node_modules/jsdom/lib/jsdom/living/generated/EventTarget.js:241:34)
      at Object.invokeGuardedCallbackDev (node_modules/react-dom/cjs/react-dom.development.js:4213:16)
      at invokeGuardedCallback (node_modules/react-dom/cjs/react-dom.development.js:4277:31)
      at beginWork$1 (node_modules/react-dom/cjs/react-dom.development.js:27490:7)
      at performUnitOfWork (node_modules/react-dom/cjs/react-dom.development.js:26599:12)
      at workLoopSync (node_modules/react-dom/cjs/react-dom.development.js:26505:5)
      at renderRootSync (node_modules/react-dom/cjs/react-dom.development.js:26473:7)
      at recoverFromConcurrentError (node_modules/react-dom/cjs/react-dom.development.js:25889:20)
      at performConcurrentWorkOnRoot (node_modules/react-dom/cjs/react-dom.development.js:25789:22)
      at flushActQueue (node_modules/react/cjs/react.development.js:2667:24)
      at act (node_modules/react/cjs/react.development.js:2582:11)
      at node_modules/@testing-library/react/dist/act-compat.js:47:25
      at renderRoot (node_modules/@testing-library/react/dist/pure.js:180:26)
      at render (node_modules/@testing-library/react/dist/pure.js:271:10)
      at Object.<anonymous> (src/tests/Clients.test.tsx:121:11)

    console.error
      The above error occurred in the <Clients> component:
      
          at Clients (C:\Users\jacob\Documents\kingstons_portal\frontend\src\pages\Clients.tsx:29:31)
      
      Consider adding an error boundary to your tree to customize error handling behavior.
      Visit https://reactjs.org/link/error-boundaries to learn more about error boundaries.

    [0m [90m 119 |[39m
     [90m 120 |[39m   test([32m'displays client FUM in correct format'[39m[33m,[39m [36masync[39m () [33m=>[39m {
    [31m[1m>[22m[39m[90m 121 |[39m     render([33m<[39m[33mClients[39m [33m/[39m[33m>[39m)[33m;[39m
     [90m     |[39m           [31m[1m^[22m[39m
     [90m 122 |[39m     
     [90m 123 |[39m     [90m// Wait for the clients to load[39m
     [90m 124 |[39m     [36mawait[39m waitFor(() [33m=>[39m {[0m

      at logCapturedError (node_modules/react-dom/cjs/react-dom.development.js:18704:23)
      at update.callback (node_modules/react-dom/cjs/react-dom.development.js:18737:5)
      at callCallback (node_modules/react-dom/cjs/react-dom.development.js:15036:12)
      at commitUpdateQueue (node_modules/react-dom/cjs/react-dom.development.js:15057:9)
      at commitLayoutEffectOnFiber (node_modules/react-dom/cjs/react-dom.development.js:23430:13)
      at commitLayoutMountEffects_complete (node_modules/react-dom/cjs/react-dom.development.js:24727:9)
      at commitLayoutEffects_begin (node_modules/react-dom/cjs/react-dom.development.js:24713:7)
      at commitLayoutEffects (node_modules/react-dom/cjs/react-dom.development.js:24651:3)
      at commitRootImpl (node_modules/react-dom/cjs/react-dom.development.js:26862:5)
      at commitRoot (node_modules/react-dom/cjs/react-dom.development.js:26721:5)
      at finishConcurrentRender (node_modules/react-dom/cjs/react-dom.development.js:25931:9)
      at performConcurrentWorkOnRoot (node_modules/react-dom/cjs/react-dom.development.js:25848:7)
      at flushActQueue (node_modules/react/cjs/react.development.js:2667:24)
      at act (node_modules/react/cjs/react.development.js:2582:11)
      at node_modules/@testing-library/react/dist/act-compat.js:47:25
      at renderRoot (node_modules/@testing-library/react/dist/pure.js:180:26)
      at render (node_modules/@testing-library/react/dist/pure.js:271:10)
      at Object.<anonymous> (src/tests/Clients.test.tsx:121:11)

  ● Clients Component › renders the clients list

    TypeError: (0 , react_router_dom_1.useLocation) is not a function

    [0m [90m 27 |[39m [36mconst[39m [33mClients[39m[33m:[39m [33mReact[39m[33m.[39m[33mFC[39m [33m=[39m () [33m=>[39m {
     [90m 28 |[39m   [36mconst[39m navigate [33m=[39m useNavigate()[33m;[39m
    [31m[1m>[22m[39m[90m 29 |[39m   [36mconst[39m location [33m=[39m useLocation()[33m;[39m
     [90m    |[39m                               [31m[1m^[22m[39m
     [90m 30 |[39m   [36mconst[39m [searchQuery[33m,[39m setSearchQuery] [33m=[39m useState([32m''[39m)[33m;[39m
     [90m 31 |[39m   
     [90m 32 |[39m   [90m// Use React Query hook for optimized client data fetching[39m[0m

      at Clients (src/pages/Clients.tsx:29:31)
      at renderWithHooks (node_modules/react-dom/cjs/react-dom.development.js:15486:18)
      at mountIndeterminateComponent (node_modules/react-dom/cjs/react-dom.development.js:20103:13)
      at beginWork (node_modules/react-dom/cjs/react-dom.development.js:21626:16)
      at beginWork$1 (node_modules/react-dom/cjs/react-dom.development.js:27465:14)
      at performUnitOfWork (node_modules/react-dom/cjs/react-dom.development.js:26599:12)
      at workLoopSync (node_modules/react-dom/cjs/react-dom.development.js:26505:5)
      at renderRootSync (node_modules/react-dom/cjs/react-dom.development.js:26473:7)
      at recoverFromConcurrentError (node_modules/react-dom/cjs/react-dom.development.js:25889:20)
      at performConcurrentWorkOnRoot (node_modules/react-dom/cjs/react-dom.development.js:25789:22)
      at flushActQueue (node_modules/react/cjs/react.development.js:2667:24)
      at act (node_modules/react/cjs/react.development.js:2582:11)
      at node_modules/@testing-library/react/dist/act-compat.js:47:25
      at renderRoot (node_modules/@testing-library/react/dist/pure.js:180:26)
      at render (node_modules/@testing-library/react/dist/pure.js:271:10)
      at Object.<anonymous> (src/tests/Clients.test.tsx:53:11)

  ● Clients Component › filters clients based on search query

    TypeError: (0 , react_router_dom_1.useLocation) is not a function

    [0m [90m 27 |[39m [36mconst[39m [33mClients[39m[33m:[39m [33mReact[39m[33m.[39m[33mFC[39m [33m=[39m () [33m=>[39m {
     [90m 28 |[39m   [36mconst[39m navigate [33m=[39m useNavigate()[33m;[39m
    [31m[1m>[22m[39m[90m 29 |[39m   [36mconst[39m location [33m=[39m useLocation()[33m;[39m
     [90m    |[39m                               [31m[1m^[22m[39m
     [90m 30 |[39m   [36mconst[39m [searchQuery[33m,[39m setSearchQuery] [33m=[39m useState([32m''[39m)[33m;[39m
     [90m 31 |[39m   
     [90m 32 |[39m   [90m// Use React Query hook for optimized client data fetching[39m[0m

      at Clients (src/pages/Clients.tsx:29:31)
      at renderWithHooks (node_modules/react-dom/cjs/react-dom.development.js:15486:18)
      at mountIndeterminateComponent (node_modules/react-dom/cjs/react-dom.development.js:20103:13)
      at beginWork (node_modules/react-dom/cjs/react-dom.development.js:21626:16)
      at beginWork$1 (node_modules/react-dom/cjs/react-dom.development.js:27465:14)
      at performUnitOfWork (node_modules/react-dom/cjs/react-dom.development.js:26599:12)
      at workLoopSync (node_modules/react-dom/cjs/react-dom.development.js:26505:5)
      at renderRootSync (node_modules/react-dom/cjs/react-dom.development.js:26473:7)
      at recoverFromConcurrentError (node_modules/react-dom/cjs/react-dom.development.js:25889:20)
      at performConcurrentWorkOnRoot (node_modules/react-dom/cjs/react-dom.development.js:25789:22)
      at flushActQueue (node_modules/react/cjs/react.development.js:2667:24)
      at act (node_modules/react/cjs/react.development.js:2582:11)
      at node_modules/@testing-library/react/dist/act-compat.js:47:25
      at renderRoot (node_modules/@testing-library/react/dist/pure.js:180:26)
      at render (node_modules/@testing-library/react/dist/pure.js:271:10)
      at Object.<anonymous> (src/tests/Clients.test.tsx:69:11)

  ● Clients Component › filters clients by advisor

    TypeError: (0 , react_router_dom_1.useLocation) is not a function

    [0m [90m 27 |[39m [36mconst[39m [33mClients[39m[33m:[39m [33mReact[39m[33m.[39m[33mFC[39m [33m=[39m () [33m=>[39m {
     [90m 28 |[39m   [36mconst[39m navigate [33m=[39m useNavigate()[33m;[39m
    [31m[1m>[22m[39m[90m 29 |[39m   [36mconst[39m location [33m=[39m useLocation()[33m;[39m
     [90m    |[39m                               [31m[1m^[22m[39m
     [90m 30 |[39m   [36mconst[39m [searchQuery[33m,[39m setSearchQuery] [33m=[39m useState([32m''[39m)[33m;[39m
     [90m 31 |[39m   
     [90m 32 |[39m   [90m// Use React Query hook for optimized client data fetching[39m[0m

      at Clients (src/pages/Clients.tsx:29:31)
      at renderWithHooks (node_modules/react-dom/cjs/react-dom.development.js:15486:18)
      at mountIndeterminateComponent (node_modules/react-dom/cjs/react-dom.development.js:20103:13)
      at beginWork (node_modules/react-dom/cjs/react-dom.development.js:21626:16)
      at beginWork$1 (node_modules/react-dom/cjs/react-dom.development.js:27465:14)
      at performUnitOfWork (node_modules/react-dom/cjs/react-dom.development.js:26599:12)
      at workLoopSync (node_modules/react-dom/cjs/react-dom.development.js:26505:5)
      at renderRootSync (node_modules/react-dom/cjs/react-dom.development.js:26473:7)
      at recoverFromConcurrentError (node_modules/react-dom/cjs/react-dom.development.js:25889:20)
      at performConcurrentWorkOnRoot (node_modules/react-dom/cjs/react-dom.development.js:25789:22)
      at flushActQueue (node_modules/react/cjs/react.development.js:2667:24)
      at act (node_modules/react/cjs/react.development.js:2582:11)
      at node_modules/@testing-library/react/dist/act-compat.js:47:25
      at renderRoot (node_modules/@testing-library/react/dist/pure.js:180:26)
      at render (node_modules/@testing-library/react/dist/pure.js:271:10)
      at Object.<anonymous> (src/tests/Clients.test.tsx:95:11)

  ● Clients Component › displays client FUM in correct format

    TypeError: (0 , react_router_dom_1.useLocation) is not a function

    [0m [90m 27 |[39m [36mconst[39m [33mClients[39m[33m:[39m [33mReact[39m[33m.[39m[33mFC[39m [33m=[39m () [33m=>[39m {
     [90m 28 |[39m   [36mconst[39m navigate [33m=[39m useNavigate()[33m;[39m
    [31m[1m>[22m[39m[90m 29 |[39m   [36mconst[39m location [33m=[39m useLocation()[33m;[39m
     [90m    |[39m                               [31m[1m^[22m[39m
     [90m 30 |[39m   [36mconst[39m [searchQuery[33m,[39m setSearchQuery] [33m=[39m useState([32m''[39m)[33m;[39m
     [90m 31 |[39m   
     [90m 32 |[39m   [90m// Use React Query hook for optimized client data fetching[39m[0m

      at Clients (src/pages/Clients.tsx:29:31)
      at renderWithHooks (node_modules/react-dom/cjs/react-dom.development.js:15486:18)
      at mountIndeterminateComponent (node_modules/react-dom/cjs/react-dom.development.js:20103:13)
      at beginWork (node_modules/react-dom/cjs/react-dom.development.js:21626:16)
      at beginWork$1 (node_modules/react-dom/cjs/react-dom.development.js:27465:14)
      at performUnitOfWork (node_modules/react-dom/cjs/react-dom.development.js:26599:12)
      at workLoopSync (node_modules/react-dom/cjs/react-dom.development.js:26505:5)
      at renderRootSync (node_modules/react-dom/cjs/react-dom.development.js:26473:7)
      at recoverFromConcurrentError (node_modules/react-dom/cjs/react-dom.development.js:25889:20)
      at performConcurrentWorkOnRoot (node_modules/react-dom/cjs/react-dom.development.js:25789:22)
      at flushActQueue (node_modules/react/cjs/react.development.js:2667:24)
      at act (node_modules/react/cjs/react.development.js:2582:11)
      at node_modules/@testing-library/react/dist/act-compat.js:47:25
      at renderRoot (node_modules/@testing-library/react/dist/pure.js:180:26)
      at render (node_modules/@testing-library/react/dist/pure.js:271:10)
      at Object.<anonymous> (src/tests/Clients.test.tsx:121:11)

PASS src/tests/ClientDetails.test.tsx (18.169 s)
  ● Console

    console.log
      DEBUG: Client data: {
        client: {
          id: '1',
          name: 'John Smith',
          status: 'active',
          advisor: 'Sarah Johnson',
          advisor_id: 1,
          advisor_name: 'Sarah Johnson',
          advisor_email: 'sarah.johnson@example.com',
          advisor_first_name: 'Sarah',
          advisor_last_name: 'Johnson',
          type: 'R',
          created_at: '2022-01-15',
          updated_at: '2022-01-15',
          age: 45,
          gender: 'M',
          product_owners: []
        },
        client_product_owners: [],
        clientAccounts: [
          {
            id: 1,
            client_id: 1,
            product_name: 'Retirement Account',
            product_type: 'IRA',
            provider_name: 'Vanguard',
            start_date: '2022-01-20',
            status: 'active',
            total_value: 150000,
            irr: 8.5,
            weighting: 60,
            fixed_fee_facilitated: 0,
            percentage_fee_facilitated: 0,
            product_owners: []
          },
          {
            id: 2,
            client_id: 1,
            product_name: 'College Savings',
            product_type: '529 Plan',
            provider_name: 'Fidelity',
            start_date: '2022-02-15',
            status: 'active',
            total_value: 75000,
            irr: 6.2,
            weighting: 30,
            fixed_fee_facilitated: 0,
            percentage_fee_facilitated: 0,
            product_owners: []
          },
          {
            id: 3,
            client_id: 1,
            product_name: 'Emergency Fund',
            product_type: 'Savings Account',
            provider_name: 'Chase',
            start_date: '2022-03-10',
            status: 'active',
            total_value: 25000,
            irr: 1.5,
            weighting: 10,
            fixed_fee_facilitated: 0,
            percentage_fee_facilitated: 0,
            product_owners: []
          }
        ],
        first_account_owners: [],
        apiResponse: {
          client_group: {
            id: '1',
            name: 'John Smith',
            advisor: 'Sarah Johnson',
            advisor_id: 1,
            advisor_name: 'Sarah Johnson',
            advisor_email: 'sarah.johnson@example.com',
            advisor_first_name: 'Sarah',
            advisor_last_name: 'Johnson',
            type: 'R',
            status: 'active',
            created_at: '2022-01-15',
            updated_at: '2022-01-15',
            age: 45,
            gender: 'M',
            email: 'john.smith@example.com',
            phone: '(555) 123-4567',
            address: '123 Main St, Anytown, USA',
            notes: 'Prefers email communication',
            product_owners: []
          },
          products: [ [Object], [Object], [Object] ]
        }
      }

      at ClientDetails (src/pages/ClientDetails.tsx:1233:11)

    console.log
      DEBUG: ClientHeader formatDate - input: 2022-01-15 output: 15 Jan 2022

      at formatDate (src/pages/ClientDetails.tsx:305:13)

    console.log
      Product card for Emergency Fund: {
        provider: 'Chase',
        provider_id: undefined,
        provider_theme_color: undefined,
        using_color: '#3B82F6',
        template_generation_id: undefined,
        template_info: undefined,
        fum: 25000,
        irr: 1.5,
        valuation_date: undefined
      }

      at ProductCard (src/pages/ClientDetails.tsx:703:11)

    console.log
      Product card for College Savings: {
        provider: 'Fidelity',
        provider_id: undefined,
        provider_theme_color: undefined,
        using_color: '#3B82F6',
        template_generation_id: undefined,
        template_info: undefined,
        fum: 75000,
        irr: 6.2,
        valuation_date: undefined
      }

      at ProductCard (src/pages/ClientDetails.tsx:703:11)

    console.log
      Product card for Retirement Account: {
        provider: 'Vanguard',
        provider_id: undefined,
        provider_theme_color: undefined,
        using_color: '#3B82F6',
        template_generation_id: undefined,
        template_info: undefined,
        fum: 150000,
        irr: 8.5,
        valuation_date: undefined
      }

      at ProductCard (src/pages/ClientDetails.tsx:703:11)

    console.warn
      ⚠️ React Router Future Flag Warning: React Router will begin wrapping state updates in `React.startTransition` in v7. You can use the `v7_startTransition` future flag to opt-in early. For more information, see https://reactrouter.com/v6/upgrading/future#v7_starttransition.

    [0m [90m 124 |[39m   )[33m;[39m
     [90m 125 |[39m
    [31m[1m>[22m[39m[90m 126 |[39m   [36mconst[39m renderResult [33m=[39m render(ui[33m,[39m { wrapper[33m:[39m [33mWrapper[39m[33m,[39m [33m...[39mrenderOptions })[33m;[39m
     [90m     |[39m                              [31m[1m^[22m[39m
     [90m 127 |[39m
     [90m 128 |[39m   [36mreturn[39m {
     [90m 129 |[39m     [33m...[39mrenderResult[33m,[39m[0m

      at warn (node_modules/react-router/lib/deprecations.ts:9:13)
      at warnOnce (node_modules/react-router/lib/deprecations.ts:14:3)
      at logDeprecation (node_modules/react-router/lib/deprecations.ts:26:5)
      at logV6DeprecationWarnings (node_modules/react-router/lib/components.tsx:257:25)
      at commitHookEffectListMount (node_modules/react-dom/cjs/react-dom.development.js:23189:26)
      at commitPassiveMountOnFiber (node_modules/react-dom/cjs/react-dom.development.js:24970:11)
      at commitPassiveMountEffects_complete (node_modules/react-dom/cjs/react-dom.development.js:24930:9)
      at commitPassiveMountEffects_begin (node_modules/react-dom/cjs/react-dom.development.js:24917:7)
      at commitPassiveMountEffects (node_modules/react-dom/cjs/react-dom.development.js:24905:3)
      at flushPassiveEffectsImpl (node_modules/react-dom/cjs/react-dom.development.js:27078:3)
      at flushPassiveEffects (node_modules/react-dom/cjs/react-dom.development.js:27023:14)
      at node_modules/react-dom/cjs/react-dom.development.js:26808:9
      at flushActQueue (node_modules/react/cjs/react.development.js:2667:24)
      at act (node_modules/react/cjs/react.development.js:2582:11)
      at node_modules/@testing-library/react/dist/act-compat.js:47:25
      at renderRoot (node_modules/@testing-library/react/dist/pure.js:180:26)
      at render (node_modules/@testing-library/react/dist/pure.js:271:10)
      at renderWithProviders (src/tests/utils/testUtils.tsx:126:30)
      at Object.<anonymous> (src/tests/ClientDetails.test.tsx:143:24)

    console.warn
      ⚠️ React Router Future Flag Warning: Relative route resolution within Splat routes is changing in v7. You can use the `v7_relativeSplatPath` future flag to opt-in early. For more information, see https://reactrouter.com/v6/upgrading/future#v7_relativesplatpath.

    [0m [90m 124 |[39m   )[33m;[39m
     [90m 125 |[39m
    [31m[1m>[22m[39m[90m 126 |[39m   [36mconst[39m renderResult [33m=[39m render(ui[33m,[39m { wrapper[33m:[39m [33mWrapper[39m[33m,[39m [33m...[39mrenderOptions })[33m;[39m
     [90m     |[39m                              [31m[1m^[22m[39m
     [90m 127 |[39m
     [90m 128 |[39m   [36mreturn[39m {
     [90m 129 |[39m     [33m...[39mrenderResult[33m,[39m[0m

      at warn (node_modules/react-router/lib/deprecations.ts:9:13)
      at warnOnce (node_modules/react-router/lib/deprecations.ts:14:3)
      at logDeprecation (node_modules/react-router/lib/deprecations.ts:37:5)
      at logV6DeprecationWarnings (node_modules/react-router/lib/components.tsx:257:25)
      at commitHookEffectListMount (node_modules/react-dom/cjs/react-dom.development.js:23189:26)
      at commitPassiveMountOnFiber (node_modules/react-dom/cjs/react-dom.development.js:24970:11)
      at commitPassiveMountEffects_complete (node_modules/react-dom/cjs/react-dom.development.js:24930:9)
      at commitPassiveMountEffects_begin (node_modules/react-dom/cjs/react-dom.development.js:24917:7)
      at commitPassiveMountEffects (node_modules/react-dom/cjs/react-dom.development.js:24905:3)
      at flushPassiveEffectsImpl (node_modules/react-dom/cjs/react-dom.development.js:27078:3)
      at flushPassiveEffects (node_modules/react-dom/cjs/react-dom.development.js:27023:14)
      at node_modules/react-dom/cjs/react-dom.development.js:26808:9
      at flushActQueue (node_modules/react/cjs/react.development.js:2667:24)
      at act (node_modules/react/cjs/react.development.js:2582:11)
      at node_modules/@testing-library/react/dist/act-compat.js:47:25
      at renderRoot (node_modules/@testing-library/react/dist/pure.js:180:26)
      at render (node_modules/@testing-library/react/dist/pure.js:271:10)
      at renderWithProviders (src/tests/utils/testUtils.tsx:126:30)
      at Object.<anonymous> (src/tests/ClientDetails.test.tsx:143:24)

    console.log
      DEBUG: Client data: {
        client: {
          id: '1',
          name: 'John Smith',
          status: 'active',
          advisor: 'Sarah Johnson',
          advisor_id: 1,
          advisor_name: 'Sarah Johnson',
          advisor_email: 'sarah.johnson@example.com',
          advisor_first_name: 'Sarah',
          advisor_last_name: 'Johnson',
          type: 'R',
          created_at: '2022-01-15',
          updated_at: '2022-01-15',
          age: 45,
          gender: 'M',
          product_owners: []
        },
        client_product_owners: [],
        clientAccounts: [
          {
            id: 1,
            client_id: 1,
            product_name: 'Retirement Account',
            product_type: 'IRA',
            provider_name: 'Vanguard',
            start_date: '2022-01-20',
            status: 'active',
            total_value: 150000,
            irr: 8.5,
            weighting: 60,
            fixed_fee_facilitated: 0,
            percentage_fee_facilitated: 0,
            product_owners: []
          },
          {
            id: 2,
            client_id: 1,
            product_name: 'College Savings',
            product_type: '529 Plan',
            provider_name: 'Fidelity',
            start_date: '2022-02-15',
            status: 'active',
            total_value: 75000,
            irr: 6.2,
            weighting: 30,
            fixed_fee_facilitated: 0,
            percentage_fee_facilitated: 0,
            product_owners: []
          },
          {
            id: 3,
            client_id: 1,
            product_name: 'Emergency Fund',
            product_type: 'Savings Account',
            provider_name: 'Chase',
            start_date: '2022-03-10',
            status: 'active',
            total_value: 25000,
            irr: 1.5,
            weighting: 10,
            fixed_fee_facilitated: 0,
            percentage_fee_facilitated: 0,
            product_owners: []
          }
        ],
        first_account_owners: [],
        apiResponse: {
          client_group: {
            id: '1',
            name: 'John Smith',
            advisor: 'Sarah Johnson',
            advisor_id: 1,
            advisor_name: 'Sarah Johnson',
            advisor_email: 'sarah.johnson@example.com',
            advisor_first_name: 'Sarah',
            advisor_last_name: 'Johnson',
            type: 'R',
            status: 'active',
            created_at: '2022-01-15',
            updated_at: '2022-01-15',
            age: 45,
            gender: 'M',
            email: 'john.smith@example.com',
            phone: '(555) 123-4567',
            address: '123 Main St, Anytown, USA',
            notes: 'Prefers email communication',
            product_owners: []
          },
          products: [ [Object], [Object], [Object] ]
        }
      }

      at ClientDetails (src/pages/ClientDetails.tsx:1233:11)

    console.log
      DEBUG: ClientHeader formatDate - input: 2022-01-15 output: 15 Jan 2022

      at formatDate (src/pages/ClientDetails.tsx:305:13)

    console.log
      Product card for Emergency Fund: {
        provider: 'Chase',
        provider_id: undefined,
        provider_theme_color: undefined,
        using_color: '#3B82F6',
        template_generation_id: undefined,
        template_info: undefined,
        fum: 25000,
        irr: 1.5,
        valuation_date: undefined
      }

      at ProductCard (src/pages/ClientDetails.tsx:703:11)

    console.log
      Product card for College Savings: {
        provider: 'Fidelity',
        provider_id: undefined,
        provider_theme_color: undefined,
        using_color: '#3B82F6',
        template_generation_id: undefined,
        template_info: undefined,
        fum: 75000,
        irr: 6.2,
        valuation_date: undefined
      }

      at ProductCard (src/pages/ClientDetails.tsx:703:11)

    console.log
      Product card for Retirement Account: {
        provider: 'Vanguard',
        provider_id: undefined,
        provider_theme_color: undefined,
        using_color: '#3B82F6',
        template_generation_id: undefined,
        template_info: undefined,
        fum: 150000,
        irr: 8.5,
        valuation_date: undefined
      }

      at ProductCard (src/pages/ClientDetails.tsx:703:11)

    console.log
      DEBUG: Client data: {
        client: {
          id: '1',
          name: 'John Smith',
          status: 'active',
          advisor: 'Sarah Johnson',
          advisor_id: 1,
          advisor_name: 'Sarah Johnson',
          advisor_email: 'sarah.johnson@example.com',
          advisor_first_name: 'Sarah',
          advisor_last_name: 'Johnson',
          type: 'R',
          created_at: '2022-01-15',
          updated_at: '2022-01-15',
          age: 45,
          gender: 'M',
          product_owners: []
        },
        client_product_owners: [],
        clientAccounts: [
          {
            id: 1,
            client_id: 1,
            product_name: 'Retirement Account',
            product_type: 'IRA',
            provider_name: 'Vanguard',
            start_date: '2022-01-20',
            status: 'active',
            total_value: 150000,
            irr: 8.5,
            weighting: 60,
            fixed_fee_facilitated: 0,
            percentage_fee_facilitated: 0,
            product_owners: []
          },
          {
            id: 2,
            client_id: 1,
            product_name: 'College Savings',
            product_type: '529 Plan',
            provider_name: 'Fidelity',
            start_date: '2022-02-15',
            status: 'active',
            total_value: 75000,
            irr: 6.2,
            weighting: 30,
            fixed_fee_facilitated: 0,
            percentage_fee_facilitated: 0,
            product_owners: []
          },
          {
            id: 3,
            client_id: 1,
            product_name: 'Emergency Fund',
            product_type: 'Savings Account',
            provider_name: 'Chase',
            start_date: '2022-03-10',
            status: 'active',
            total_value: 25000,
            irr: 1.5,
            weighting: 10,
            fixed_fee_facilitated: 0,
            percentage_fee_facilitated: 0,
            product_owners: []
          }
        ],
        first_account_owners: [],
        apiResponse: {
          client_group: {
            id: '1',
            name: 'John Smith',
            advisor: 'Sarah Johnson',
            advisor_id: 1,
            advisor_name: 'Sarah Johnson',
            advisor_email: 'sarah.johnson@example.com',
            advisor_first_name: 'Sarah',
            advisor_last_name: 'Johnson',
            type: 'R',
            status: 'active',
            created_at: '2022-01-15',
            updated_at: '2022-01-15',
            age: 45,
            gender: 'M',
            email: 'john.smith@example.com',
            phone: '(555) 123-4567',
            address: '123 Main St, Anytown, USA',
            notes: 'Prefers email communication',
            product_owners: []
          },
          products: [ [Object], [Object], [Object] ]
        }
      }

      at ClientDetails (src/pages/ClientDetails.tsx:1233:11)

    console.log
      DEBUG: ClientHeader formatDate - input: 2022-01-15 output: 15 Jan 2022

      at formatDate (src/pages/ClientDetails.tsx:305:13)

    console.log
      Product card for Emergency Fund: {
        provider: 'Chase',
        provider_id: undefined,
        provider_theme_color: undefined,
        using_color: '#3B82F6',
        template_generation_id: undefined,
        template_info: undefined,
        fum: 25000,
        irr: 1.5,
        valuation_date: undefined
      }

      at ProductCard (src/pages/ClientDetails.tsx:703:11)

    console.log
      Product card for College Savings: {
        provider: 'Fidelity',
        provider_id: undefined,
        provider_theme_color: undefined,
        using_color: '#3B82F6',
        template_generation_id: undefined,
        template_info: undefined,
        fum: 75000,
        irr: 6.2,
        valuation_date: undefined
      }

      at ProductCard (src/pages/ClientDetails.tsx:703:11)

    console.log
      Product card for Retirement Account: {
        provider: 'Vanguard',
        provider_id: undefined,
        provider_theme_color: undefined,
        using_color: '#3B82F6',
        template_generation_id: undefined,
        template_info: undefined,
        fum: 150000,
        irr: 8.5,
        valuation_date: undefined
      }

      at ProductCard (src/pages/ClientDetails.tsx:703:11)

FAIL src/tests/e2e/createClientGroup.e2e.test.tsx (20.085 s)
  ● Console

    console.warn
      ⚠️ React Router Future Flag Warning: React Router will begin wrapping state updates in `React.startTransition` in v7. You can use the `v7_startTransition` future flag to opt-in early. For more information, see https://reactrouter.com/v6/upgrading/future#v7_starttransition.

    [0m [90m 40 |[39m
     [90m 41 |[39m   it([32m'should complete full client group creation flow with one product owner'[39m[33m,[39m [36masync[39m () [33m=>[39m {
    [31m[1m>[22m[39m[90m 42 |[39m     render([33m<[39m[33mCreateClientGroupPrototype[39m [33m/[39m[33m>[39m[33m,[39m { wrapper[33m:[39m [33mAllTheProviders[39m })[33m;[39m
     [90m    |[39m           [31m[1m^[22m[39m
     [90m 43 |[39m
     [90m 44 |[39m     [90m// Step 1: Verify page loaded[39m
     [90m 45 |[39m     expect(screen[33m.[39mgetByText([32m'Create New Client Group'[39m))[33m.[39mtoBeInTheDocument()[33m;[39m[0m

      at warn (node_modules/react-router/lib/deprecations.ts:9:13)
      at warnOnce (node_modules/react-router/lib/deprecations.ts:14:3)
      at Object.logDeprecation [as UNSAFE_logV6DeprecationWarnings] (node_modules/react-router/lib/deprecations.ts:26:5)
      at logV6DeprecationWarnings (node_modules/react-router-dom/index.tsx:816:25)
      at commitHookEffectListMount (node_modules/react-dom/cjs/react-dom.development.js:23189:26)
      at commitPassiveMountOnFiber (node_modules/react-dom/cjs/react-dom.development.js:24970:11)
      at commitPassiveMountEffects_complete (node_modules/react-dom/cjs/react-dom.development.js:24930:9)
      at commitPassiveMountEffects_begin (node_modules/react-dom/cjs/react-dom.development.js:24917:7)
      at commitPassiveMountEffects (node_modules/react-dom/cjs/react-dom.development.js:24905:3)
      at flushPassiveEffectsImpl (node_modules/react-dom/cjs/react-dom.development.js:27078:3)
      at flushPassiveEffects (node_modules/react-dom/cjs/react-dom.development.js:27023:14)
      at node_modules/react-dom/cjs/react-dom.development.js:26808:9
      at flushActQueue (node_modules/react/cjs/react.development.js:2667:24)
      at act (node_modules/react/cjs/react.development.js:2582:11)
      at node_modules/@testing-library/react/dist/act-compat.js:47:25
      at renderRoot (node_modules/@testing-library/react/dist/pure.js:180:26)
      at render (node_modules/@testing-library/react/dist/pure.js:271:10)
      at Object.<anonymous> (src/tests/e2e/createClientGroup.e2e.test.tsx:42:11)

    console.warn
      ⚠️ React Router Future Flag Warning: Relative route resolution within Splat routes is changing in v7. You can use the `v7_relativeSplatPath` future flag to opt-in early. For more information, see https://reactrouter.com/v6/upgrading/future#v7_relativesplatpath.

    [0m [90m 40 |[39m
     [90m 41 |[39m   it([32m'should complete full client group creation flow with one product owner'[39m[33m,[39m [36masync[39m () [33m=>[39m {
    [31m[1m>[22m[39m[90m 42 |[39m     render([33m<[39m[33mCreateClientGroupPrototype[39m [33m/[39m[33m>[39m[33m,[39m { wrapper[33m:[39m [33mAllTheProviders[39m })[33m;[39m
     [90m    |[39m           [31m[1m^[22m[39m
     [90m 43 |[39m
     [90m 44 |[39m     [90m// Step 1: Verify page loaded[39m
     [90m 45 |[39m     expect(screen[33m.[39mgetByText([32m'Create New Client Group'[39m))[33m.[39mtoBeInTheDocument()[33m;[39m[0m

      at warn (node_modules/react-router/lib/deprecations.ts:9:13)
      at warnOnce (node_modules/react-router/lib/deprecations.ts:14:3)
      at Object.logDeprecation [as UNSAFE_logV6DeprecationWarnings] (node_modules/react-router/lib/deprecations.ts:37:5)
      at logV6DeprecationWarnings (node_modules/react-router-dom/index.tsx:816:25)
      at commitHookEffectListMount (node_modules/react-dom/cjs/react-dom.development.js:23189:26)
      at commitPassiveMountOnFiber (node_modules/react-dom/cjs/react-dom.development.js:24970:11)
      at commitPassiveMountEffects_complete (node_modules/react-dom/cjs/react-dom.development.js:24930:9)
      at commitPassiveMountEffects_begin (node_modules/react-dom/cjs/react-dom.development.js:24917:7)
      at commitPassiveMountEffects (node_modules/react-dom/cjs/react-dom.development.js:24905:3)
      at flushPassiveEffectsImpl (node_modules/react-dom/cjs/react-dom.development.js:27078:3)
      at flushPassiveEffects (node_modules/react-dom/cjs/react-dom.development.js:27023:14)
      at node_modules/react-dom/cjs/react-dom.development.js:26808:9
      at flushActQueue (node_modules/react/cjs/react.development.js:2667:24)
      at act (node_modules/react/cjs/react.development.js:2582:11)
      at node_modules/@testing-library/react/dist/act-compat.js:47:25
      at renderRoot (node_modules/@testing-library/react/dist/pure.js:180:26)
      at render (node_modules/@testing-library/react/dist/pure.js:271:10)
      at Object.<anonymous> (src/tests/e2e/createClientGroup.e2e.test.tsx:42:11)

  ● Create Client Group E2E › should complete full client group creation flow with one product owner

    TestingLibraryElementError: Unable to find a label with the text of: Client Group Name

    Ignored nodes: comments, script, style
    [36m<body>[39m
      [36m<div>[39m
        [36m<div[39m
          [33mclass[39m=[32m"w-full mx-auto px-4 sm:px-6 lg:px-8 py-6"[39m
          [33mstyle[39m=[32m"max-width: 1800px;"[39m
        [36m>[39m
          [36m<div[39m
            [33mclass[39m=[32m"mb-6"[39m
          [36m>[39m
            [36m<h1[39m
              [33mclass[39m=[32m"text-3xl font-normal text-gray-900 font-sans tracking-wide"[39m
            [36m>[39m
              [0mCreate New Client Group[0m
            [36m</h1>[39m
            [36m<p[39m
              [33mclass[39m=[32m"text-gray-600 mt-1 text-sm"[39m
            [36m>[39m
              [0mComplete the form to create a new client group[0m
            [36m</p>[39m
          [36m</div>[39m
          [36m<div[39m
            [33mclass[39m=[32m"bg-white rounded-lg shadow p-6 mb-6"[39m
          [36m>[39m
            [36m<h2[39m
              [33mclass[39m=[32m"text-xl font-semibold text-gray-900 mb-4"[39m
            [36m>[39m
              [0mClient Group Details[0m
            [36m</h2>[39m
            [36m<div[39m
              [33mclass[39m=[32m"grid grid-cols-2 gap-4"[39m
            [36m>[39m
              [36m<div[39m
                [33mclass[39m=[32m"w-full"[39m
              [36m>[39m
                [36m<label[39m
                  [33mclass[39m=[32m"block text-sm font-medium text-gray-700 mb-1"[39m
                  [33mfor[39m=[32m"input-4d2ht71dj"[39m
                [36m>[39m
                  [0mClient Group Name[0m
                  [36m<span[39m
                    [33mclass[39m=[32m"text-red-500 ml-1"[39m
                  [36m>[39m
                    [0m*[0m
                  [36m</span>[39m
                [36m</label>[39m
                [36m<div[39m
                  [33mclass[39m=[32m"relative"[39m
                [36m>[39m
                  [36m<input[39m
                    [33maria-invalid[39m=[32m"false"[39m
                    [33mclass[39m=[32m"block border rounded-md shadow-sm transition-all duration-150 ease-in-out focus:outline-none focus:ring-4 focus:ring-offset-2 px-3 py-2 text-sm h-10 font-normal border-gray-300 focus:border-primary-700 focus:ring-primary-700/10 bg-white text-gray-900 placeholder:text-gray-500 hover:border-gray-400 w-full"[39m
                    [33mid[39m=[32m"input-4d2ht71dj"[39m
                    [33mvalue[39m=[32m""[39m
                  [36m/>[39m
                [36m</div>[39m
              [36m</div>[39m
              [36m<div[39m
                [33mclass[39m=[32m"w-full relative"[39m
              [36m>[39m
                [36m<label[39m
                  [33mclass[39m=[32m"block text-sm font-medium text-gray-700 mb-1"[39m
                  [33mfor[39m=[32m"dropdown-jsgk53w3s"[39m
                [36m>[39m
                  [0mType[0m
                [36m</label>[39m
                [36m<button[39m
                  [33maria-expanded[39m=[32m"false"[39m
                  [33maria-haspopup[39m=[32m"listbox"[39m
                  [33maria-invalid[39m=[32m"false"[39m
                  [33mclass[39m=[32m"block border rounded-md shadow-sm transition-all duration-150 ease-in-out focus:outline-none focus:ring-4 focus:ring-offset-2 px-3 py-2 text-sm h-10 font-normal border-gray-300 focus:border-primary-700 focus:ring-primary-700/10 bg-white cursor-pointer w-full flex items-center justify-between"[39m
                  [33mid[39m=[32m"dropdown-jsgk53w3s"[39m
                  [33mtype[39m=[32m"button"[39m
                [36m>[39m
                  [36m<span[39m
                    [33mclass[39m=[32m"block truncate font-normal text-gray-500"[39m
                  [36m>[39m
                    [0mSelect an option...[0m
                  [36m</span>[39m
                  [36m<div[39m
                    [33mclass[39m=[32m"h-4 w-4 text-gray-400"[39m
                  [36m>[39m
                    [36m<svg[39m
                      [33maria-hidden[39m=[32m"true"[39m
                      [33mclass[39m=[32m"h-4 w-4"[39m
                      [33mdata-slot[39m=[32m"icon"[39m
                      [33mfill[39m=[32m"none"[39m
                      [33mstroke[39m=[32m"currentColor"[39m
                      [33mstroke-width[39m=[32m"1.5"[39m
                      [33mviewBox[39m=[32m"0 0 24 24"[39m
                      [33mxmlns[39m=[32m"http://www.w3.org/2000/svg"[39m
                    [36m>[39m
                      [36m<path[39m
                        [33md[39m=[32m"m19.5 8.25-7.5 7.5-7.5-7.5"[39m
                        [33mstroke-linecap[39m=[32m"round"[39m
                        [33mstroke-linejoin[39m=[32m"round"[39m
                      [36m/>[39m
                    [36m</svg>[39m
                  [36m</div>[39m
                [36m</button>[39m
              [36m</div>[39m
              [36m<div[39m
                [33mclass[39m=[32m"w-full relative"[39m
              [36m>[39m
                [36m<label[39m
                  [33mclass[39m=[32m"block text-sm font-medium text-gray-700 mb-1"[39m
                  [33mfor[39m=[32m"dropdown-xg82qwyhs"[39m
                [36m>[39m
                  [0mStatus[0m
                  [36m<span[39m
                    [33mclass[39m=[32m"text-red-500 ml-1"[39m
                  [36m>[39m
                    [0m*[0m
                  [36m</span>[39m
                [36m</label>[39m
                [36m<button[39m
                  [33maria-expanded[39m=[32m"false"[39m
                  [33maria-haspopup[39m=[32m"listbox"[39m
                  [33maria-invalid[39m=[32m"false"[39m
                  [33mclass[39m=[32m"block border rounded-md shadow-sm transition-all duration-150 ease-in-out focus:outline-none focus:ring-4 focus:ring-offset-2 px-3 py-2 text-sm h-10 font-normal border-gray-300 focus:border-primary-700 focus:ring-primary-700/10 bg-white cursor-pointer w-full flex items-center justify-between"[39m
                  [33mid[39m=[32m"dropdown-xg82qwyhs"[39m
                  [33mtype[39m=[32m"button"[39m
                [36m>[39m
                  [36m<span[39m
                    [33mclass[39m=[32m"block truncate font-normal text-gray-900"[39m
                  [36m>[39m
                    [0mactive[0m
                  [36m</span>[39m
                  [36m<div[39m
                    [33mclass[39m=[32m"h-4 w-4 text-gray-400"[39m
                  [36m>[39m
                    [36m<svg[39m
                      [33maria-hidden[39m=[32m"true"[39m
                      [33mclass[39m=[32m"h-4 w-4"[39m
                      [33mdata-slot[39m=[32m"icon"[39m
                      [33mfill[39m=[32m"none"[39m
                      [33mstroke[39m=[32m"currentColor"[39m
                      [33mstroke-width[39m=[32m"1.5"[39m
                      [33mviewBox[39m=[32m"0 0 24 24"[39m
                      [33mxmlns[39m=[32m"http://www.w3.org/2000/svg"[39m
                    [36m>[39m
                      [36m<path[39m
                        [33md[39m=[32m"m19.5 8.25-7.5 7.5-7.5-7.5"[39m
                        [33mstroke-linecap[39m=[32m"round"[39m
                        [33mstroke-linejoin[39m=[32m"round"[39m
                      [36m/>[39m
                    [36m</svg>[39m
                  [36m</d...

    [0m [90m 46 |[39m
     [90m 47 |[39m     [90m// Step 2: Fill client group details[39m
    [31m[1m>[22m[39m[90m 48 |[39m     [36mconst[39m clientGroupNameInput [33m=[39m screen[33m.[39mgetByLabelText([32m'Client Group Name'[39m)[33m;[39m
     [90m    |[39m                                         [31m[1m^[22m[39m
     [90m 49 |[39m     [36mawait[39m user[33m.[39mtype(clientGroupNameInput[33m,[39m [32m'Smith Family Trust'[39m)[33m;[39m
     [90m 50 |[39m
     [90m 51 |[39m     [36mconst[39m statusDropdown [33m=[39m screen[33m.[39mgetByLabelText([32m'Status'[39m)[33m;[39m[0m

      at Object.getElementError (node_modules/@testing-library/react/node_modules/@testing-library/dom/dist/config.js:37:19)
      at getAllByLabelText (node_modules/@testing-library/react/node_modules/@testing-library/dom/dist/queries/label-text.js:111:38)
      at node_modules/@testing-library/react/node_modules/@testing-library/dom/dist/query-helpers.js:52:17
      at node_modules/@testing-library/react/node_modules/@testing-library/dom/dist/query-helpers.js:95:19
      at Object.<anonymous> (src/tests/e2e/createClientGroup.e2e.test.tsx:48:41)

  ● Create Client Group E2E › should allow adding multiple product owners

    TestingLibraryElementError: Unable to find a label with the text of: Client Group Name

    Ignored nodes: comments, script, style
    [36m<body>[39m
      [36m<div>[39m
        [36m<div[39m
          [33mclass[39m=[32m"w-full mx-auto px-4 sm:px-6 lg:px-8 py-6"[39m
          [33mstyle[39m=[32m"max-width: 1800px;"[39m
        [36m>[39m
          [36m<div[39m
            [33mclass[39m=[32m"mb-6"[39m
          [36m>[39m
            [36m<h1[39m
              [33mclass[39m=[32m"text-3xl font-normal text-gray-900 font-sans tracking-wide"[39m
            [36m>[39m
              [0mCreate New Client Group[0m
            [36m</h1>[39m
            [36m<p[39m
              [33mclass[39m=[32m"text-gray-600 mt-1 text-sm"[39m
            [36m>[39m
              [0mComplete the form to create a new client group[0m
            [36m</p>[39m
          [36m</div>[39m
          [36m<div[39m
            [33mclass[39m=[32m"bg-white rounded-lg shadow p-6 mb-6"[39m
          [36m>[39m
            [36m<h2[39m
              [33mclass[39m=[32m"text-xl font-semibold text-gray-900 mb-4"[39m
            [36m>[39m
              [0mClient Group Details[0m
            [36m</h2>[39m
            [36m<div[39m
              [33mclass[39m=[32m"grid grid-cols-2 gap-4"[39m
            [36m>[39m
              [36m<div[39m
                [33mclass[39m=[32m"w-full"[39m
              [36m>[39m
                [36m<label[39m
                  [33mclass[39m=[32m"block text-sm font-medium text-gray-700 mb-1"[39m
                  [33mfor[39m=[32m"input-1n467uq9k"[39m
                [36m>[39m
                  [0mClient Group Name[0m
                  [36m<span[39m
                    [33mclass[39m=[32m"text-red-500 ml-1"[39m
                  [36m>[39m
                    [0m*[0m
                  [36m</span>[39m
                [36m</label>[39m
                [36m<div[39m
                  [33mclass[39m=[32m"relative"[39m
                [36m>[39m
                  [36m<input[39m
                    [33maria-invalid[39m=[32m"false"[39m
                    [33mclass[39m=[32m"block border rounded-md shadow-sm transition-all duration-150 ease-in-out focus:outline-none focus:ring-4 focus:ring-offset-2 px-3 py-2 text-sm h-10 font-normal border-gray-300 focus:border-primary-700 focus:ring-primary-700/10 bg-white text-gray-900 placeholder:text-gray-500 hover:border-gray-400 w-full"[39m
                    [33mid[39m=[32m"input-1n467uq9k"[39m
                    [33mvalue[39m=[32m""[39m
                  [36m/>[39m
                [36m</div>[39m
              [36m</div>[39m
              [36m<div[39m
                [33mclass[39m=[32m"w-full relative"[39m
              [36m>[39m
                [36m<label[39m
                  [33mclass[39m=[32m"block text-sm font-medium text-gray-700 mb-1"[39m
                  [33mfor[39m=[32m"dropdown-ufuzx0kzx"[39m
                [36m>[39m
                  [0mType[0m
                [36m</label>[39m
                [36m<button[39m
                  [33maria-expanded[39m=[32m"false"[39m
                  [33maria-haspopup[39m=[32m"listbox"[39m
                  [33maria-invalid[39m=[32m"false"[39m
                  [33mclass[39m=[32m"block border rounded-md shadow-sm transition-all duration-150 ease-in-out focus:outline-none focus:ring-4 focus:ring-offset-2 px-3 py-2 text-sm h-10 font-normal border-gray-300 focus:border-primary-700 focus:ring-primary-700/10 bg-white cursor-pointer w-full flex items-center justify-between"[39m
                  [33mid[39m=[32m"dropdown-ufuzx0kzx"[39m
                  [33mtype[39m=[32m"button"[39m
                [36m>[39m
                  [36m<span[39m
                    [33mclass[39m=[32m"block truncate font-normal text-gray-500"[39m
                  [36m>[39m
                    [0mSelect an option...[0m
                  [36m</span>[39m
                  [36m<div[39m
                    [33mclass[39m=[32m"h-4 w-4 text-gray-400"[39m
                  [36m>[39m
                    [36m<svg[39m
                      [33maria-hidden[39m=[32m"true"[39m
                      [33mclass[39m=[32m"h-4 w-4"[39m
                      [33mdata-slot[39m=[32m"icon"[39m
                      [33mfill[39m=[32m"none"[39m
                      [33mstroke[39m=[32m"currentColor"[39m
                      [33mstroke-width[39m=[32m"1.5"[39m
                      [33mviewBox[39m=[32m"0 0 24 24"[39m
                      [33mxmlns[39m=[32m"http://www.w3.org/2000/svg"[39m
                    [36m>[39m
                      [36m<path[39m
                        [33md[39m=[32m"m19.5 8.25-7.5 7.5-7.5-7.5"[39m
                        [33mstroke-linecap[39m=[32m"round"[39m
                        [33mstroke-linejoin[39m=[32m"round"[39m
                      [36m/>[39m
                    [36m</svg>[39m
                  [36m</div>[39m
                [36m</button>[39m
              [36m</div>[39m
              [36m<div[39m
                [33mclass[39m=[32m"w-full relative"[39m
              [36m>[39m
                [36m<label[39m
                  [33mclass[39m=[32m"block text-sm font-medium text-gray-700 mb-1"[39m
                  [33mfor[39m=[32m"dropdown-38qy7i9zi"[39m
                [36m>[39m
                  [0mStatus[0m
                  [36m<span[39m
                    [33mclass[39m=[32m"text-red-500 ml-1"[39m
                  [36m>[39m
                    [0m*[0m
                  [36m</span>[39m
                [36m</label>[39m
                [36m<button[39m
                  [33maria-expanded[39m=[32m"false"[39m
                  [33maria-haspopup[39m=[32m"listbox"[39m
                  [33maria-invalid[39m=[32m"false"[39m
                  [33mclass[39m=[32m"block border rounded-md shadow-sm transition-all duration-150 ease-in-out focus:outline-none focus:ring-4 focus:ring-offset-2 px-3 py-2 text-sm h-10 font-normal border-gray-300 focus:border-primary-700 focus:ring-primary-700/10 bg-white cursor-pointer w-full flex items-center justify-between"[39m
                  [33mid[39m=[32m"dropdown-38qy7i9zi"[39m
                  [33mtype[39m=[32m"button"[39m
                [36m>[39m
                  [36m<span[39m
                    [33mclass[39m=[32m"block truncate font-normal text-gray-900"[39m
                  [36m>[39m
                    [0mactive[0m
                  [36m</span>[39m
                  [36m<div[39m
                    [33mclass[39m=[32m"h-4 w-4 text-gray-400"[39m
                  [36m>[39m
                    [36m<svg[39m
                      [33maria-hidden[39m=[32m"true"[39m
                      [33mclass[39m=[32m"h-4 w-4"[39m
                      [33mdata-slot[39m=[32m"icon"[39m
                      [33mfill[39m=[32m"none"[39m
                      [33mstroke[39m=[32m"currentColor"[39m
                      [33mstroke-width[39m=[32m"1.5"[39m
                      [33mviewBox[39m=[32m"0 0 24 24"[39m
                      [33mxmlns[39m=[32m"http://www.w3.org/2000/svg"[39m
                    [36m>[39m
                      [36m<path[39m
                        [33md[39m=[32m"m19.5 8.25-7.5 7.5-7.5-7.5"[39m
                        [33mstroke-linecap[39m=[32m"round"[39m
                        [33mstroke-linejoin[39m=[32m"round"[39m
                      [36m/>[39m
                    [36m</svg>[39m
                  [36m</d...

    [0m [90m 107 |[39m
     [90m 108 |[39m     [90m// Fill client group details[39m
    [31m[1m>[22m[39m[90m 109 |[39m     [36mconst[39m clientGroupNameInput [33m=[39m screen[33m.[39mgetByLabelText([32m'Client Group Name'[39m)[33m;[39m
     [90m     |[39m                                         [31m[1m^[22m[39m
     [90m 110 |[39m     [36mawait[39m user[33m.[39mtype(clientGroupNameInput[33m,[39m [32m'Joint Account'[39m)[33m;[39m
     [90m 111 |[39m
     [90m 112 |[39m     [90m// Add first product owner[39m[0m

      at Object.getElementError (node_modules/@testing-library/react/node_modules/@testing-library/dom/dist/config.js:37:19)
      at getAllByLabelText (node_modules/@testing-library/react/node_modules/@testing-library/dom/dist/queries/label-text.js:111:38)
      at node_modules/@testing-library/react/node_modules/@testing-library/dom/dist/query-helpers.js:52:17
      at node_modules/@testing-library/react/node_modules/@testing-library/dom/dist/query-helpers.js:95:19
      at Object.<anonymous> (src/tests/e2e/createClientGroup.e2e.test.tsx:109:41)

  ● Create Client Group E2E › should allow editing a product owner

    TestingLibraryElementError: Unable to find a label with the text of: Client Group Name

    Ignored nodes: comments, script, style
    [36m<body>[39m
      [36m<div>[39m
        [36m<div[39m
          [33mclass[39m=[32m"w-full mx-auto px-4 sm:px-6 lg:px-8 py-6"[39m
          [33mstyle[39m=[32m"max-width: 1800px;"[39m
        [36m>[39m
          [36m<div[39m
            [33mclass[39m=[32m"mb-6"[39m
          [36m>[39m
            [36m<h1[39m
              [33mclass[39m=[32m"text-3xl font-normal text-gray-900 font-sans tracking-wide"[39m
            [36m>[39m
              [0mCreate New Client Group[0m
            [36m</h1>[39m
            [36m<p[39m
              [33mclass[39m=[32m"text-gray-600 mt-1 text-sm"[39m
            [36m>[39m
              [0mComplete the form to create a new client group[0m
            [36m</p>[39m
          [36m</div>[39m
          [36m<div[39m
            [33mclass[39m=[32m"bg-white rounded-lg shadow p-6 mb-6"[39m
          [36m>[39m
            [36m<h2[39m
              [33mclass[39m=[32m"text-xl font-semibold text-gray-900 mb-4"[39m
            [36m>[39m
              [0mClient Group Details[0m
            [36m</h2>[39m
            [36m<div[39m
              [33mclass[39m=[32m"grid grid-cols-2 gap-4"[39m
            [36m>[39m
              [36m<div[39m
                [33mclass[39m=[32m"w-full"[39m
              [36m>[39m
                [36m<label[39m
                  [33mclass[39m=[32m"block text-sm font-medium text-gray-700 mb-1"[39m
                  [33mfor[39m=[32m"input-34fpa1l2p"[39m
                [36m>[39m
                  [0mClient Group Name[0m
                  [36m<span[39m
                    [33mclass[39m=[32m"text-red-500 ml-1"[39m
                  [36m>[39m
                    [0m*[0m
                  [36m</span>[39m
                [36m</label>[39m
                [36m<div[39m
                  [33mclass[39m=[32m"relative"[39m
                [36m>[39m
                  [36m<input[39m
                    [33maria-invalid[39m=[32m"false"[39m
                    [33mclass[39m=[32m"block border rounded-md shadow-sm transition-all duration-150 ease-in-out focus:outline-none focus:ring-4 focus:ring-offset-2 px-3 py-2 text-sm h-10 font-normal border-gray-300 focus:border-primary-700 focus:ring-primary-700/10 bg-white text-gray-900 placeholder:text-gray-500 hover:border-gray-400 w-full"[39m
                    [33mid[39m=[32m"input-34fpa1l2p"[39m
                    [33mvalue[39m=[32m""[39m
                  [36m/>[39m
                [36m</div>[39m
              [36m</div>[39m
              [36m<div[39m
                [33mclass[39m=[32m"w-full relative"[39m
              [36m>[39m
                [36m<label[39m
                  [33mclass[39m=[32m"block text-sm font-medium text-gray-700 mb-1"[39m
                  [33mfor[39m=[32m"dropdown-48xnl1zdw"[39m
                [36m>[39m
                  [0mType[0m
                [36m</label>[39m
                [36m<button[39m
                  [33maria-expanded[39m=[32m"false"[39m
                  [33maria-haspopup[39m=[32m"listbox"[39m
                  [33maria-invalid[39m=[32m"false"[39m
                  [33mclass[39m=[32m"block border rounded-md shadow-sm transition-all duration-150 ease-in-out focus:outline-none focus:ring-4 focus:ring-offset-2 px-3 py-2 text-sm h-10 font-normal border-gray-300 focus:border-primary-700 focus:ring-primary-700/10 bg-white cursor-pointer w-full flex items-center justify-between"[39m
                  [33mid[39m=[32m"dropdown-48xnl1zdw"[39m
                  [33mtype[39m=[32m"button"[39m
                [36m>[39m
                  [36m<span[39m
                    [33mclass[39m=[32m"block truncate font-normal text-gray-500"[39m
                  [36m>[39m
                    [0mSelect an option...[0m
                  [36m</span>[39m
                  [36m<div[39m
                    [33mclass[39m=[32m"h-4 w-4 text-gray-400"[39m
                  [36m>[39m
                    [36m<svg[39m
                      [33maria-hidden[39m=[32m"true"[39m
                      [33mclass[39m=[32m"h-4 w-4"[39m
                      [33mdata-slot[39m=[32m"icon"[39m
                      [33mfill[39m=[32m"none"[39m
                      [33mstroke[39m=[32m"currentColor"[39m
                      [33mstroke-width[39m=[32m"1.5"[39m
                      [33mviewBox[39m=[32m"0 0 24 24"[39m
                      [33mxmlns[39m=[32m"http://www.w3.org/2000/svg"[39m
                    [36m>[39m
                      [36m<path[39m
                        [33md[39m=[32m"m19.5 8.25-7.5 7.5-7.5-7.5"[39m
                        [33mstroke-linecap[39m=[32m"round"[39m
                        [33mstroke-linejoin[39m=[32m"round"[39m
                      [36m/>[39m
                    [36m</svg>[39m
                  [36m</div>[39m
                [36m</button>[39m
              [36m</div>[39m
              [36m<div[39m
                [33mclass[39m=[32m"w-full relative"[39m
              [36m>[39m
                [36m<label[39m
                  [33mclass[39m=[32m"block text-sm font-medium text-gray-700 mb-1"[39m
                  [33mfor[39m=[32m"dropdown-qxpv0aq3p"[39m
                [36m>[39m
                  [0mStatus[0m
                  [36m<span[39m
                    [33mclass[39m=[32m"text-red-500 ml-1"[39m
                  [36m>[39m
                    [0m*[0m
                  [36m</span>[39m
                [36m</label>[39m
                [36m<button[39m
                  [33maria-expanded[39m=[32m"false"[39m
                  [33maria-haspopup[39m=[32m"listbox"[39m
                  [33maria-invalid[39m=[32m"false"[39m
                  [33mclass[39m=[32m"block border rounded-md shadow-sm transition-all duration-150 ease-in-out focus:outline-none focus:ring-4 focus:ring-offset-2 px-3 py-2 text-sm h-10 font-normal border-gray-300 focus:border-primary-700 focus:ring-primary-700/10 bg-white cursor-pointer w-full flex items-center justify-between"[39m
                  [33mid[39m=[32m"dropdown-qxpv0aq3p"[39m
                  [33mtype[39m=[32m"button"[39m
                [36m>[39m
                  [36m<span[39m
                    [33mclass[39m=[32m"block truncate font-normal text-gray-900"[39m
                  [36m>[39m
                    [0mactive[0m
                  [36m</span>[39m
                  [36m<div[39m
                    [33mclass[39m=[32m"h-4 w-4 text-gray-400"[39m
                  [36m>[39m
                    [36m<svg[39m
                      [33maria-hidden[39m=[32m"true"[39m
                      [33mclass[39m=[32m"h-4 w-4"[39m
                      [33mdata-slot[39m=[32m"icon"[39m
                      [33mfill[39m=[32m"none"[39m
                      [33mstroke[39m=[32m"currentColor"[39m
                      [33mstroke-width[39m=[32m"1.5"[39m
                      [33mviewBox[39m=[32m"0 0 24 24"[39m
                      [33mxmlns[39m=[32m"http://www.w3.org/2000/svg"[39m
                    [36m>[39m
                      [36m<path[39m
                        [33md[39m=[32m"m19.5 8.25-7.5 7.5-7.5-7.5"[39m
                        [33mstroke-linecap[39m=[32m"round"[39m
                        [33mstroke-linejoin[39m=[32m"round"[39m
                      [36m/>[39m
                    [36m</svg>[39m
                  [36m</d...

    [0m [90m 155 |[39m
     [90m 156 |[39m     [90m// Fill client group and add owner[39m
    [31m[1m>[22m[39m[90m 157 |[39m     [36mawait[39m user[33m.[39mtype(screen[33m.[39mgetByLabelText([32m'Client Group Name'[39m)[33m,[39m [32m'Test Group'[39m)[33m;[39m
     [90m     |[39m                            [31m[1m^[22m[39m
     [90m 158 |[39m
     [90m 159 |[39m     [36mconst[39m addOwnerButton [33m=[39m screen[33m.[39mgetByRole([32m'button'[39m[33m,[39m { name[33m:[39m [35m/add product owner/i[39m })[33m;[39m
     [90m 160 |[39m     [36mawait[39m user[33m.[39mclick(addOwnerButton)[33m;[39m[0m

      at Object.getElementError (node_modules/@testing-library/react/node_modules/@testing-library/dom/dist/config.js:37:19)
      at getAllByLabelText (node_modules/@testing-library/react/node_modules/@testing-library/dom/dist/queries/label-text.js:111:38)
      at node_modules/@testing-library/react/node_modules/@testing-library/dom/dist/query-helpers.js:52:17
      at node_modules/@testing-library/react/node_modules/@testing-library/dom/dist/query-helpers.js:95:19
      at Object.<anonymous> (src/tests/e2e/createClientGroup.e2e.test.tsx:157:28)

  ● Create Client Group E2E › should allow deleting a product owner

    TestingLibraryElementError: Unable to find a label with the text of: Client Group Name

    Ignored nodes: comments, script, style
    [36m<body>[39m
      [36m<div>[39m
        [36m<div[39m
          [33mclass[39m=[32m"w-full mx-auto px-4 sm:px-6 lg:px-8 py-6"[39m
          [33mstyle[39m=[32m"max-width: 1800px;"[39m
        [36m>[39m
          [36m<div[39m
            [33mclass[39m=[32m"mb-6"[39m
          [36m>[39m
            [36m<h1[39m
              [33mclass[39m=[32m"text-3xl font-normal text-gray-900 font-sans tracking-wide"[39m
            [36m>[39m
              [0mCreate New Client Group[0m
            [36m</h1>[39m
            [36m<p[39m
              [33mclass[39m=[32m"text-gray-600 mt-1 text-sm"[39m
            [36m>[39m
              [0mComplete the form to create a new client group[0m
            [36m</p>[39m
          [36m</div>[39m
          [36m<div[39m
            [33mclass[39m=[32m"bg-white rounded-lg shadow p-6 mb-6"[39m
          [36m>[39m
            [36m<h2[39m
              [33mclass[39m=[32m"text-xl font-semibold text-gray-900 mb-4"[39m
            [36m>[39m
              [0mClient Group Details[0m
            [36m</h2>[39m
            [36m<div[39m
              [33mclass[39m=[32m"grid grid-cols-2 gap-4"[39m
            [36m>[39m
              [36m<div[39m
                [33mclass[39m=[32m"w-full"[39m
              [36m>[39m
                [36m<label[39m
                  [33mclass[39m=[32m"block text-sm font-medium text-gray-700 mb-1"[39m
                  [33mfor[39m=[32m"input-snidtfz9n"[39m
                [36m>[39m
                  [0mClient Group Name[0m
                  [36m<span[39m
                    [33mclass[39m=[32m"text-red-500 ml-1"[39m
                  [36m>[39m
                    [0m*[0m
                  [36m</span>[39m
                [36m</label>[39m
                [36m<div[39m
                  [33mclass[39m=[32m"relative"[39m
                [36m>[39m
                  [36m<input[39m
                    [33maria-invalid[39m=[32m"false"[39m
                    [33mclass[39m=[32m"block border rounded-md shadow-sm transition-all duration-150 ease-in-out focus:outline-none focus:ring-4 focus:ring-offset-2 px-3 py-2 text-sm h-10 font-normal border-gray-300 focus:border-primary-700 focus:ring-primary-700/10 bg-white text-gray-900 placeholder:text-gray-500 hover:border-gray-400 w-full"[39m
                    [33mid[39m=[32m"input-snidtfz9n"[39m
                    [33mvalue[39m=[32m""[39m
                  [36m/>[39m
                [36m</div>[39m
              [36m</div>[39m
              [36m<div[39m
                [33mclass[39m=[32m"w-full relative"[39m
              [36m>[39m
                [36m<label[39m
                  [33mclass[39m=[32m"block text-sm font-medium text-gray-700 mb-1"[39m
                  [33mfor[39m=[32m"dropdown-lzhvz4ckk"[39m
                [36m>[39m
                  [0mType[0m
                [36m</label>[39m
                [36m<button[39m
                  [33maria-expanded[39m=[32m"false"[39m
                  [33maria-haspopup[39m=[32m"listbox"[39m
                  [33maria-invalid[39m=[32m"false"[39m
                  [33mclass[39m=[32m"block border rounded-md shadow-sm transition-all duration-150 ease-in-out focus:outline-none focus:ring-4 focus:ring-offset-2 px-3 py-2 text-sm h-10 font-normal border-gray-300 focus:border-primary-700 focus:ring-primary-700/10 bg-white cursor-pointer w-full flex items-center justify-between"[39m
                  [33mid[39m=[32m"dropdown-lzhvz4ckk"[39m
                  [33mtype[39m=[32m"button"[39m
                [36m>[39m
                  [36m<span[39m
                    [33mclass[39m=[32m"block truncate font-normal text-gray-500"[39m
                  [36m>[39m
                    [0mSelect an option...[0m
                  [36m</span>[39m
                  [36m<div[39m
                    [33mclass[39m=[32m"h-4 w-4 text-gray-400"[39m
                  [36m>[39m
                    [36m<svg[39m
                      [33maria-hidden[39m=[32m"true"[39m
                      [33mclass[39m=[32m"h-4 w-4"[39m
                      [33mdata-slot[39m=[32m"icon"[39m
                      [33mfill[39m=[32m"none"[39m
                      [33mstroke[39m=[32m"currentColor"[39m
                      [33mstroke-width[39m=[32m"1.5"[39m
                      [33mviewBox[39m=[32m"0 0 24 24"[39m
                      [33mxmlns[39m=[32m"http://www.w3.org/2000/svg"[39m
                    [36m>[39m
                      [36m<path[39m
                        [33md[39m=[32m"m19.5 8.25-7.5 7.5-7.5-7.5"[39m
                        [33mstroke-linecap[39m=[32m"round"[39m
                        [33mstroke-linejoin[39m=[32m"round"[39m
                      [36m/>[39m
                    [36m</svg>[39m
                  [36m</div>[39m
                [36m</button>[39m
              [36m</div>[39m
              [36m<div[39m
                [33mclass[39m=[32m"w-full relative"[39m
              [36m>[39m
                [36m<label[39m
                  [33mclass[39m=[32m"block text-sm font-medium text-gray-700 mb-1"[39m
                  [33mfor[39m=[32m"dropdown-evg0iunys"[39m
                [36m>[39m
                  [0mStatus[0m
                  [36m<span[39m
                    [33mclass[39m=[32m"text-red-500 ml-1"[39m
                  [36m>[39m
                    [0m*[0m
                  [36m</span>[39m
                [36m</label>[39m
                [36m<button[39m
                  [33maria-expanded[39m=[32m"false"[39m
                  [33maria-haspopup[39m=[32m"listbox"[39m
                  [33maria-invalid[39m=[32m"false"[39m
                  [33mclass[39m=[32m"block border rounded-md shadow-sm transition-all duration-150 ease-in-out focus:outline-none focus:ring-4 focus:ring-offset-2 px-3 py-2 text-sm h-10 font-normal border-gray-300 focus:border-primary-700 focus:ring-primary-700/10 bg-white cursor-pointer w-full flex items-center justify-between"[39m
                  [33mid[39m=[32m"dropdown-evg0iunys"[39m
                  [33mtype[39m=[32m"button"[39m
                [36m>[39m
                  [36m<span[39m
                    [33mclass[39m=[32m"block truncate font-normal text-gray-900"[39m
                  [36m>[39m
                    [0mactive[0m
                  [36m</span>[39m
                  [36m<div[39m
                    [33mclass[39m=[32m"h-4 w-4 text-gray-400"[39m
                  [36m>[39m
                    [36m<svg[39m
                      [33maria-hidden[39m=[32m"true"[39m
                      [33mclass[39m=[32m"h-4 w-4"[39m
                      [33mdata-slot[39m=[32m"icon"[39m
                      [33mfill[39m=[32m"none"[39m
                      [33mstroke[39m=[32m"currentColor"[39m
                      [33mstroke-width[39m=[32m"1.5"[39m
                      [33mviewBox[39m=[32m"0 0 24 24"[39m
                      [33mxmlns[39m=[32m"http://www.w3.org/2000/svg"[39m
                    [36m>[39m
                      [36m<path[39m
                        [33md[39m=[32m"m19.5 8.25-7.5 7.5-7.5-7.5"[39m
                        [33mstroke-linecap[39m=[32m"round"[39m
                        [33mstroke-linejoin[39m=[32m"round"[39m
                      [36m/>[39m
                    [36m</svg>[39m
                  [36m</d...

    [0m [90m 196 |[39m
     [90m 197 |[39m     [90m// Add owner[39m
    [31m[1m>[22m[39m[90m 198 |[39m     [36mawait[39m user[33m.[39mtype(screen[33m.[39mgetByLabelText([32m'Client Group Name'[39m)[33m,[39m [32m'Test Group'[39m)[33m;[39m
     [90m     |[39m                            [31m[1m^[22m[39m
     [90m 199 |[39m
     [90m 200 |[39m     [36mconst[39m addOwnerButton [33m=[39m screen[33m.[39mgetByRole([32m'button'[39m[33m,[39m { name[33m:[39m [35m/add product owner/i[39m })[33m;[39m
     [90m 201 |[39m     [36mawait[39m user[33m.[39mclick(addOwnerButton)[33m;[39m[0m

      at Object.getElementError (node_modules/@testing-library/react/node_modules/@testing-library/dom/dist/config.js:37:19)
      at getAllByLabelText (node_modules/@testing-library/react/node_modules/@testing-library/dom/dist/queries/label-text.js:111:38)
      at node_modules/@testing-library/react/node_modules/@testing-library/dom/dist/query-helpers.js:52:17
      at node_modules/@testing-library/react/node_modules/@testing-library/dom/dist/query-helpers.js:95:19
      at Object.<anonymous> (src/tests/e2e/createClientGroup.e2e.test.tsx:198:28)

  ● Create Client Group E2E › should validate email format

    TestingLibraryElementError: Unable to find a label with the text of: Client Group Name

    Ignored nodes: comments, script, style
    [36m<body>[39m
      [36m<div>[39m
        [36m<div[39m
          [33mclass[39m=[32m"w-full mx-auto px-4 sm:px-6 lg:px-8 py-6"[39m
          [33mstyle[39m=[32m"max-width: 1800px;"[39m
        [36m>[39m
          [36m<div[39m
            [33mclass[39m=[32m"mb-6"[39m
          [36m>[39m
            [36m<h1[39m
              [33mclass[39m=[32m"text-3xl font-normal text-gray-900 font-sans tracking-wide"[39m
            [36m>[39m
              [0mCreate New Client Group[0m
            [36m</h1>[39m
            [36m<p[39m
              [33mclass[39m=[32m"text-gray-600 mt-1 text-sm"[39m
            [36m>[39m
              [0mComplete the form to create a new client group[0m
            [36m</p>[39m
          [36m</div>[39m
          [36m<div[39m
            [33mclass[39m=[32m"bg-white rounded-lg shadow p-6 mb-6"[39m
          [36m>[39m
            [36m<h2[39m
              [33mclass[39m=[32m"text-xl font-semibold text-gray-900 mb-4"[39m
            [36m>[39m
              [0mClient Group Details[0m
            [36m</h2>[39m
            [36m<div[39m
              [33mclass[39m=[32m"grid grid-cols-2 gap-4"[39m
            [36m>[39m
              [36m<div[39m
                [33mclass[39m=[32m"w-full"[39m
              [36m>[39m
                [36m<label[39m
                  [33mclass[39m=[32m"block text-sm font-medium text-gray-700 mb-1"[39m
                  [33mfor[39m=[32m"input-5x7t7xd9a"[39m
                [36m>[39m
                  [0mClient Group Name[0m
                  [36m<span[39m
                    [33mclass[39m=[32m"text-red-500 ml-1"[39m
                  [36m>[39m
                    [0m*[0m
                  [36m</span>[39m
                [36m</label>[39m
                [36m<div[39m
                  [33mclass[39m=[32m"relative"[39m
                [36m>[39m
                  [36m<input[39m
                    [33maria-invalid[39m=[32m"false"[39m
                    [33mclass[39m=[32m"block border rounded-md shadow-sm transition-all duration-150 ease-in-out focus:outline-none focus:ring-4 focus:ring-offset-2 px-3 py-2 text-sm h-10 font-normal border-gray-300 focus:border-primary-700 focus:ring-primary-700/10 bg-white text-gray-900 placeholder:text-gray-500 hover:border-gray-400 w-full"[39m
                    [33mid[39m=[32m"input-5x7t7xd9a"[39m
                    [33mvalue[39m=[32m""[39m
                  [36m/>[39m
                [36m</div>[39m
              [36m</div>[39m
              [36m<div[39m
                [33mclass[39m=[32m"w-full relative"[39m
              [36m>[39m
                [36m<label[39m
                  [33mclass[39m=[32m"block text-sm font-medium text-gray-700 mb-1"[39m
                  [33mfor[39m=[32m"dropdown-eg3r0fmfu"[39m
                [36m>[39m
                  [0mType[0m
                [36m</label>[39m
                [36m<button[39m
                  [33maria-expanded[39m=[32m"false"[39m
                  [33maria-haspopup[39m=[32m"listbox"[39m
                  [33maria-invalid[39m=[32m"false"[39m
                  [33mclass[39m=[32m"block border rounded-md shadow-sm transition-all duration-150 ease-in-out focus:outline-none focus:ring-4 focus:ring-offset-2 px-3 py-2 text-sm h-10 font-normal border-gray-300 focus:border-primary-700 focus:ring-primary-700/10 bg-white cursor-pointer w-full flex items-center justify-between"[39m
                  [33mid[39m=[32m"dropdown-eg3r0fmfu"[39m
                  [33mtype[39m=[32m"button"[39m
                [36m>[39m
                  [36m<span[39m
                    [33mclass[39m=[32m"block truncate font-normal text-gray-500"[39m
                  [36m>[39m
                    [0mSelect an option...[0m
                  [36m</span>[39m
                  [36m<div[39m
                    [33mclass[39m=[32m"h-4 w-4 text-gray-400"[39m
                  [36m>[39m
                    [36m<svg[39m
                      [33maria-hidden[39m=[32m"true"[39m
                      [33mclass[39m=[32m"h-4 w-4"[39m
                      [33mdata-slot[39m=[32m"icon"[39m
                      [33mfill[39m=[32m"none"[39m
                      [33mstroke[39m=[32m"currentColor"[39m
                      [33mstroke-width[39m=[32m"1.5"[39m
                      [33mviewBox[39m=[32m"0 0 24 24"[39m
                      [33mxmlns[39m=[32m"http://www.w3.org/2000/svg"[39m
                    [36m>[39m
                      [36m<path[39m
                        [33md[39m=[32m"m19.5 8.25-7.5 7.5-7.5-7.5"[39m
                        [33mstroke-linecap[39m=[32m"round"[39m
                        [33mstroke-linejoin[39m=[32m"round"[39m
                      [36m/>[39m
                    [36m</svg>[39m
                  [36m</div>[39m
                [36m</button>[39m
              [36m</div>[39m
              [36m<div[39m
                [33mclass[39m=[32m"w-full relative"[39m
              [36m>[39m
                [36m<label[39m
                  [33mclass[39m=[32m"block text-sm font-medium text-gray-700 mb-1"[39m
                  [33mfor[39m=[32m"dropdown-jwjdc234w"[39m
                [36m>[39m
                  [0mStatus[0m
                  [36m<span[39m
                    [33mclass[39m=[32m"text-red-500 ml-1"[39m
                  [36m>[39m
                    [0m*[0m
                  [36m</span>[39m
                [36m</label>[39m
                [36m<button[39m
                  [33maria-expanded[39m=[32m"false"[39m
                  [33maria-haspopup[39m=[32m"listbox"[39m
                  [33maria-invalid[39m=[32m"false"[39m
                  [33mclass[39m=[32m"block border rounded-md shadow-sm transition-all duration-150 ease-in-out focus:outline-none focus:ring-4 focus:ring-offset-2 px-3 py-2 text-sm h-10 font-normal border-gray-300 focus:border-primary-700 focus:ring-primary-700/10 bg-white cursor-pointer w-full flex items-center justify-between"[39m
                  [33mid[39m=[32m"dropdown-jwjdc234w"[39m
                  [33mtype[39m=[32m"button"[39m
                [36m>[39m
                  [36m<span[39m
                    [33mclass[39m=[32m"block truncate font-normal text-gray-900"[39m
                  [36m>[39m
                    [0mactive[0m
                  [36m</span>[39m
                  [36m<div[39m
                    [33mclass[39m=[32m"h-4 w-4 text-gray-400"[39m
                  [36m>[39m
                    [36m<svg[39m
                      [33maria-hidden[39m=[32m"true"[39m
                      [33mclass[39m=[32m"h-4 w-4"[39m
                      [33mdata-slot[39m=[32m"icon"[39m
                      [33mfill[39m=[32m"none"[39m
                      [33mstroke[39m=[32m"currentColor"[39m
                      [33mstroke-width[39m=[32m"1.5"[39m
                      [33mviewBox[39m=[32m"0 0 24 24"[39m
                      [33mxmlns[39m=[32m"http://www.w3.org/2000/svg"[39m
                    [36m>[39m
                      [36m<path[39m
                        [33md[39m=[32m"m19.5 8.25-7.5 7.5-7.5-7.5"[39m
                        [33mstroke-linecap[39m=[32m"round"[39m
                        [33mstroke-linejoin[39m=[32m"round"[39m
                      [36m/>[39m
                    [36m</svg>[39m
                  [36m</d...

    [0m [90m 228 |[39m     render([33m<[39m[33mCreateClientGroupPrototype[39m [33m/[39m[33m>[39m[33m,[39m { wrapper[33m:[39m [33mAllTheProviders[39m })[33m;[39m
     [90m 229 |[39m
    [31m[1m>[22m[39m[90m 230 |[39m     [36mawait[39m user[33m.[39mtype(screen[33m.[39mgetByLabelText([32m'Client Group Name'[39m)[33m,[39m [32m'Test Group'[39m)[33m;[39m
     [90m     |[39m                            [31m[1m^[22m[39m
     [90m 231 |[39m
     [90m 232 |[39m     [36mconst[39m addOwnerButton [33m=[39m screen[33m.[39mgetByRole([32m'button'[39m[33m,[39m { name[33m:[39m [35m/add product owner/i[39m })[33m;[39m
     [90m 233 |[39m     [36mawait[39m user[33m.[39mclick(addOwnerButton)[33m;[39m[0m

      at Object.getElementError (node_modules/@testing-library/react/node_modules/@testing-library/dom/dist/config.js:37:19)
      at getAllByLabelText (node_modules/@testing-library/react/node_modules/@testing-library/dom/dist/queries/label-text.js:111:38)
      at node_modules/@testing-library/react/node_modules/@testing-library/dom/dist/query-helpers.js:52:17
      at node_modules/@testing-library/react/node_modules/@testing-library/dom/dist/query-helpers.js:95:19
      at Object.<anonymous> (src/tests/e2e/createClientGroup.e2e.test.tsx:230:28)

  ● Create Client Group E2E › should show loading state during submission

    TestingLibraryElementError: Unable to find a label with the text of: Client Group Name

    Ignored nodes: comments, script, style
    [36m<body>[39m
      [36m<div>[39m
        [36m<div[39m
          [33mclass[39m=[32m"w-full mx-auto px-4 sm:px-6 lg:px-8 py-6"[39m
          [33mstyle[39m=[32m"max-width: 1800px;"[39m
        [36m>[39m
          [36m<div[39m
            [33mclass[39m=[32m"mb-6"[39m
          [36m>[39m
            [36m<h1[39m
              [33mclass[39m=[32m"text-3xl font-normal text-gray-900 font-sans tracking-wide"[39m
            [36m>[39m
              [0mCreate New Client Group[0m
            [36m</h1>[39m
            [36m<p[39m
              [33mclass[39m=[32m"text-gray-600 mt-1 text-sm"[39m
            [36m>[39m
              [0mComplete the form to create a new client group[0m
            [36m</p>[39m
          [36m</div>[39m
          [36m<div[39m
            [33mclass[39m=[32m"bg-white rounded-lg shadow p-6 mb-6"[39m
          [36m>[39m
            [36m<h2[39m
              [33mclass[39m=[32m"text-xl font-semibold text-gray-900 mb-4"[39m
            [36m>[39m
              [0mClient Group Details[0m
            [36m</h2>[39m
            [36m<div[39m
              [33mclass[39m=[32m"grid grid-cols-2 gap-4"[39m
            [36m>[39m
              [36m<div[39m
                [33mclass[39m=[32m"w-full"[39m
              [36m>[39m
                [36m<label[39m
                  [33mclass[39m=[32m"block text-sm font-medium text-gray-700 mb-1"[39m
                  [33mfor[39m=[32m"input-ohfkahoti"[39m
                [36m>[39m
                  [0mClient Group Name[0m
                  [36m<span[39m
                    [33mclass[39m=[32m"text-red-500 ml-1"[39m
                  [36m>[39m
                    [0m*[0m
                  [36m</span>[39m
                [36m</label>[39m
                [36m<div[39m
                  [33mclass[39m=[32m"relative"[39m
                [36m>[39m
                  [36m<input[39m
                    [33maria-invalid[39m=[32m"false"[39m
                    [33mclass[39m=[32m"block border rounded-md shadow-sm transition-all duration-150 ease-in-out focus:outline-none focus:ring-4 focus:ring-offset-2 px-3 py-2 text-sm h-10 font-normal border-gray-300 focus:border-primary-700 focus:ring-primary-700/10 bg-white text-gray-900 placeholder:text-gray-500 hover:border-gray-400 w-full"[39m
                    [33mid[39m=[32m"input-ohfkahoti"[39m
                    [33mvalue[39m=[32m""[39m
                  [36m/>[39m
                [36m</div>[39m
              [36m</div>[39m
              [36m<div[39m
                [33mclass[39m=[32m"w-full relative"[39m
              [36m>[39m
                [36m<label[39m
                  [33mclass[39m=[32m"block text-sm font-medium text-gray-700 mb-1"[39m
                  [33mfor[39m=[32m"dropdown-bfukwmo9l"[39m
                [36m>[39m
                  [0mType[0m
                [36m</label>[39m
                [36m<button[39m
                  [33maria-expanded[39m=[32m"false"[39m
                  [33maria-haspopup[39m=[32m"listbox"[39m
                  [33maria-invalid[39m=[32m"false"[39m
                  [33mclass[39m=[32m"block border rounded-md shadow-sm transition-all duration-150 ease-in-out focus:outline-none focus:ring-4 focus:ring-offset-2 px-3 py-2 text-sm h-10 font-normal border-gray-300 focus:border-primary-700 focus:ring-primary-700/10 bg-white cursor-pointer w-full flex items-center justify-between"[39m
                  [33mid[39m=[32m"dropdown-bfukwmo9l"[39m
                  [33mtype[39m=[32m"button"[39m
                [36m>[39m
                  [36m<span[39m
                    [33mclass[39m=[32m"block truncate font-normal text-gray-500"[39m
                  [36m>[39m
                    [0mSelect an option...[0m
                  [36m</span>[39m
                  [36m<div[39m
                    [33mclass[39m=[32m"h-4 w-4 text-gray-400"[39m
                  [36m>[39m
                    [36m<svg[39m
                      [33maria-hidden[39m=[32m"true"[39m
                      [33mclass[39m=[32m"h-4 w-4"[39m
                      [33mdata-slot[39m=[32m"icon"[39m
                      [33mfill[39m=[32m"none"[39m
                      [33mstroke[39m=[32m"currentColor"[39m
                      [33mstroke-width[39m=[32m"1.5"[39m
                      [33mviewBox[39m=[32m"0 0 24 24"[39m
                      [33mxmlns[39m=[32m"http://www.w3.org/2000/svg"[39m
                    [36m>[39m
                      [36m<path[39m
                        [33md[39m=[32m"m19.5 8.25-7.5 7.5-7.5-7.5"[39m
                        [33mstroke-linecap[39m=[32m"round"[39m
                        [33mstroke-linejoin[39m=[32m"round"[39m
                      [36m/>[39m
                    [36m</svg>[39m
                  [36m</div>[39m
                [36m</button>[39m
              [36m</div>[39m
              [36m<div[39m
                [33mclass[39m=[32m"w-full relative"[39m
              [36m>[39m
                [36m<label[39m
                  [33mclass[39m=[32m"block text-sm font-medium text-gray-700 mb-1"[39m
                  [33mfor[39m=[32m"dropdown-vxqk0y674"[39m
                [36m>[39m
                  [0mStatus[0m
                  [36m<span[39m
                    [33mclass[39m=[32m"text-red-500 ml-1"[39m
                  [36m>[39m
                    [0m*[0m
                  [36m</span>[39m
                [36m</label>[39m
                [36m<button[39m
                  [33maria-expanded[39m=[32m"false"[39m
                  [33maria-haspopup[39m=[32m"listbox"[39m
                  [33maria-invalid[39m=[32m"false"[39m
                  [33mclass[39m=[32m"block border rounded-md shadow-sm transition-all duration-150 ease-in-out focus:outline-none focus:ring-4 focus:ring-offset-2 px-3 py-2 text-sm h-10 font-normal border-gray-300 focus:border-primary-700 focus:ring-primary-700/10 bg-white cursor-pointer w-full flex items-center justify-between"[39m
                  [33mid[39m=[32m"dropdown-vxqk0y674"[39m
                  [33mtype[39m=[32m"button"[39m
                [36m>[39m
                  [36m<span[39m
                    [33mclass[39m=[32m"block truncate font-normal text-gray-900"[39m
                  [36m>[39m
                    [0mactive[0m
                  [36m</span>[39m
                  [36m<div[39m
                    [33mclass[39m=[32m"h-4 w-4 text-gray-400"[39m
                  [36m>[39m
                    [36m<svg[39m
                      [33maria-hidden[39m=[32m"true"[39m
                      [33mclass[39m=[32m"h-4 w-4"[39m
                      [33mdata-slot[39m=[32m"icon"[39m
                      [33mfill[39m=[32m"none"[39m
                      [33mstroke[39m=[32m"currentColor"[39m
                      [33mstroke-width[39m=[32m"1.5"[39m
                      [33mviewBox[39m=[32m"0 0 24 24"[39m
                      [33mxmlns[39m=[32m"http://www.w3.org/2000/svg"[39m
                    [36m>[39m
                      [36m<path[39m
                        [33md[39m=[32m"m19.5 8.25-7.5 7.5-7.5-7.5"[39m
                        [33mstroke-linecap[39m=[32m"round"[39m
                        [33mstroke-linejoin[39m=[32m"round"[39m
                      [36m/>[39m
                    [36m</svg>[39m
                  [36m</d...

    [0m [90m 257 |[39m
     [90m 258 |[39m     [90m// Fill form[39m
    [31m[1m>[22m[39m[90m 259 |[39m     [36mawait[39m user[33m.[39mtype(screen[33m.[39mgetByLabelText([32m'Client Group Name'[39m)[33m,[39m [32m'Test Group'[39m)[33m;[39m
     [90m     |[39m                            [31m[1m^[22m[39m
     [90m 260 |[39m
     [90m 261 |[39m     [36mconst[39m addOwnerButton [33m=[39m screen[33m.[39mgetByRole([32m'button'[39m[33m,[39m { name[33m:[39m [35m/add product owner/i[39m })[33m;[39m
     [90m 262 |[39m     [36mawait[39m user[33m.[39mclick(addOwnerButton)[33m;[39m[0m

      at Object.getElementError (node_modules/@testing-library/react/node_modules/@testing-library/dom/dist/config.js:37:19)
      at getAllByLabelText (node_modules/@testing-library/react/node_modules/@testing-library/dom/dist/queries/label-text.js:111:38)
      at node_modules/@testing-library/react/node_modules/@testing-library/dom/dist/query-helpers.js:52:17
      at node_modules/@testing-library/react/node_modules/@testing-library/dom/dist/query-helpers.js:95:19
      at Object.<anonymous> (src/tests/e2e/createClientGroup.e2e.test.tsx:259:28)

Test Suites: 7 failed, 13 passed, 20 total
Tests:       24 failed, 6 skipped, 291 passed, 321 total
Snapshots:   0 total
Time:        27.762 s
Ran all test suites.
npm verbose cwd C:\Users\jacob\Documents\kingstons_portal\frontend
npm verbose os Windows_NT 10.0.26100
npm verbose node v22.17.0
npm verbose npm  v10.9.2
npm verbose exit 1
npm verbose code 1
